Archive member included because of file (symbol)

C:/Freescale/CW MCU v10.7/MCU/ARM_GCC_Support/ewl/lib/armv7e-m/fpu\libc.a(exit.o)
                              ./Project_Settings/Startup_Code/__arm_start.o (exit)
C:/Freescale/CW MCU v10.7/MCU/ARM_GCC_Support/ewl/lib/armv7e-m/fpu\libc.a(rand.o)
                              ./Generated_Code/UTIL1.o (rand)
C:/Freescale/CW MCU v10.7/MCU/ARM_GCC_Support/ewl/lib/armv7e-m/fpu\libc.a(strchr.o)
                              ./Generated_Code/UTIL1.o (strchr)
C:/Freescale/CW MCU v10.7/MCU/ARM_GCC_Support/ewl/lib/armv7e-m/fpu\libc.a(memset.o)
                              ./Generated_Code/tasks.o (memset)
C:/Freescale/CW MCU v10.7/MCU/ARM_GCC_Support/ewl/lib/armv7e-m/fpu\libc.a(strncmp.o)
                              ./Generated_Code/UTIL1.o (strncmp)
C:/Freescale/CW MCU v10.7/MCU/ARM_GCC_Support/ewl/lib/armv7e-m/fpu\libc.a(__filll_mem.o)
                              C:/Freescale/CW MCU v10.7/MCU/ARM_GCC_Support/ewl/lib/armv7e-m/fpu\libc.a(memset.o) (__fill_mem)
C:/Freescale/CW MCU v10.7/MCU/ARM_GCC_Support/ewl/lib/armv7e-m/fpu\libc.a(memcpy.o)
                              ./Generated_Code/stream_buffer.o (memcpy)
C:/Freescale/CW MCU v10.7/MCU/ARM_GCC_Support/ewl/lib/armv7e-m/fpu\libc.a(strlen.o)
                              ./Generated_Code/tasks.o (strlen)
C:/Freescale/CW MCU v10.7/MCU/ARM_GCC_Support/ewl/lib/armv7e-m/fpu\libc.a(printformat_.o)
                              (__pformatter_)
C:/Freescale/CW MCU v10.7/MCU/ARM_GCC_Support/ewl/lib/armv7e-m/fpu\libc.a(scanformat_.o)
                              (__sformatter)
C:/Freescale/CW MCU v10.7/MCU/ARM_GCC_Support/ewl/lib/armv7e-m/fpu\libc.a(ctype_aeabi.o)
                              C:/Freescale/CW MCU v10.7/MCU/ARM_GCC_Support/ewl/lib/armv7e-m/fpu\libc.a(scanformat_.o) (isspace)
C:/Freescale/CW MCU v10.7/MCU/ARM_GCC_Support/ewl/lib/armv7e-m/fpu\libc.a(__strtoul.o)
                              C:/Freescale/CW MCU v10.7/MCU/ARM_GCC_Support/ewl/lib/armv7e-m/fpu\libc.a(scanformat_.o) (__strtoul)
C:/Freescale/CW MCU v10.7/MCU/ARM_GCC_Support/ewl/lib/armv7e-m/fpu\libc.a(memchr.o)
                              C:/Freescale/CW MCU v10.7/MCU/ARM_GCC_Support/ewl/lib/armv7e-m/fpu\libc.a(printformat_.o) (memchr)
c:/freescale/cw mcu v10.7/cross_tools/arm-none-eabi-gcc-4_7_3/bin/../lib/gcc/arm-none-eabi/4.7.3/armv7e-m/fpu\libgcc.a(_aeabi_ldivmod.o)
                              ./Generated_Code/UTIL1.o (__aeabi_ldivmod)
c:/freescale/cw mcu v10.7/cross_tools/arm-none-eabi-gcc-4_7_3/bin/../lib/gcc/arm-none-eabi/4.7.3/armv7e-m/fpu\libgcc.a(bpabi.o)
                              c:/freescale/cw mcu v10.7/cross_tools/arm-none-eabi-gcc-4_7_3/bin/../lib/gcc/arm-none-eabi/4.7.3/armv7e-m/fpu\libgcc.a(_aeabi_ldivmod.o) (__gnu_ldivmod_helper)
c:/freescale/cw mcu v10.7/cross_tools/arm-none-eabi-gcc-4_7_3/bin/../lib/gcc/arm-none-eabi/4.7.3/armv7e-m/fpu\libgcc.a(_dvmd_tls.o)
                              c:/freescale/cw mcu v10.7/cross_tools/arm-none-eabi-gcc-4_7_3/bin/../lib/gcc/arm-none-eabi/4.7.3/armv7e-m/fpu\libgcc.a(_aeabi_ldivmod.o) (__aeabi_ldiv0)
c:/freescale/cw mcu v10.7/cross_tools/arm-none-eabi-gcc-4_7_3/bin/../lib/gcc/arm-none-eabi/4.7.3/armv7e-m/fpu\libgcc.a(_divdi3.o)
                              c:/freescale/cw mcu v10.7/cross_tools/arm-none-eabi-gcc-4_7_3/bin/../lib/gcc/arm-none-eabi/4.7.3/armv7e-m/fpu\libgcc.a(bpabi.o) (__divdi3)
c:/freescale/cw mcu v10.7/cross_tools/arm-none-eabi-gcc-4_7_3/bin/../lib/gcc/arm-none-eabi/4.7.3/armv7e-m/fpu\libgcc.a(_udivdi3.o)
                              c:/freescale/cw mcu v10.7/cross_tools/arm-none-eabi-gcc-4_7_3/bin/../lib/gcc/arm-none-eabi/4.7.3/armv7e-m/fpu\libgcc.a(bpabi.o) (__udivdi3)
C:/Freescale/CW MCU v10.7/MCU/ARM_GCC_Support/ewl/lib/armv7e-m/fpu\librt.a(gcc_ctor_dtor.o)
                              ./Project_Settings/Startup_Code/__arm_start.o (__init_cpp)
C:/Freescale/CW MCU v10.7/MCU/ARM_GCC_Support/ewl/lib/armv7e-m/fpu\librt.a(__arm_eabi_init.o)
                              C:/Freescale/CW MCU v10.7/MCU/ARM_GCC_Support/ewl/lib/armv7e-m/fpu\libc.a(exit.o) (__destroy_global_chain)
C:/Freescale/CW MCU v10.7/MCU/ARM_GCC_Support/ewl/lib/armv7e-m/fpu\librt.a(ROMCopy.o)
                              ./Project_Settings/Startup_Code/__arm_start.o (__copy_rom_sections_to_ram)

Allocating common symbols
Common symbol       size              file

pxReadyTasksLists   0x78              ./Generated_Code/tasks.o
probe               0x4               ./Sources/main.o
xPendingReadyList   0x14              ./Generated_Code/tasks.o
xTimerSerial1       0x4               ./Sources/main.o
xSuspendedTaskList  0x14              ./Generated_Code/tasks.o
pxDelayedTaskList   0x4               ./Generated_Code/tasks.o
xQueueRegistry      0x28              ./Generated_Code/queue.o
duty_cycle2         0x4               ./Sources/main.o
xTimerSerial0       0x4               ./Sources/main.o
serial_recive       0x1               ./Sources/SerialPorts.o
[...]
Memory Configuration

Name             Origin             Length             Attributes
m_interrupts     0x20000000         0x00000198         xr
m_text           0x20000198         0x0002fe68         xr
m_data           0x1fff0000         0x00010000         rw
m_cfmprotrom     0x00000400         0x00000010         xr
*default*        0x00000000         0xffffffff

Linker script and memory map

LOAD ./Generated_Code/timers.o
LOAD ./Generated_Code/tasks.o
LOAD ./Generated_Code/stream_buffer.o
LOAD ./Generated_Code/queue.o
LOAD ./Generated_Code/portasm.o
LOAD ./Generated_Code/port.o
LOAD ./Generated_Code/mpu_wrappers.o
LOAD ./Generated_Code/list.o
LOAD ./Generated_Code/heap_useNewlib.o
LOAD ./Generated_Code/heap_5.o
LOAD ./Generated_Code/heap_4.o
LOAD ./Generated_Code/heap_3.o
LOAD ./Generated_Code/heap_2.o
LOAD ./Generated_Code/heap_1.o
LOAD ./Generated_Code/event_groups.o
LOAD ./Generated_Code/croutine.o
LOAD ./Generated_Code/UTIL1.o
LOAD ./Generated_Code/Pins1.o
LOAD ./Generated_Code/PE_LDD.o
LOAD ./Generated_Code/MCUC1.o
LOAD ./Generated_Code/FRTOS1.o
LOAD ./Generated_Code/Cpu.o
LOAD ./Project_Settings/Startup_Code/__arm_start.o
LOAD ./Project_Settings/Startup_Code/__arm_end.o
LOAD ./Sources/user_tasks.o
LOAD ./Sources/main.o
LOAD ./Sources/SerialPorts.o
LOAD ./Sources/RGB.o
LOAD ./Sources/PWM_timers.o
LOAD ./Sources/Events.o
LOAD ./Static_Code/System/Vectors.o
LOAD ./Static_Code/System/Peripherals_Init.o
LOAD ./Static_Code/System/CPU_Init.o
                0x20004b80                __pformatter = __pformatter_
                [0x20004f78]                __sformatter = __sformatter
START GROUP
LOAD C:/Freescale/CW MCU v10.7/MCU/ARM_GCC_Support/ewl/lib/armv7e-m/fpu\libc.a
LOAD C:/Freescale/CW MCU v10.7/MCU/ARM_GCC_Support/ewl/lib/armv7e-m/fpu\libm.a
LOAD c:/freescale/cw mcu v10.7/cross_tools/arm-none-eabi-gcc-4_7_3/bin/../lib/gcc/arm-none-eabi/4.7.3/armv7e-m/fpu\libgcc.a
LOAD C:/Freescale/CW MCU v10.7/MCU/ARM_GCC_Support/ewl/lib/armv7e-m/fpu\librt.a
LOAD C:/Freescale/CW MCU v10.7/MCU/ARM_GCC_Support/ewl/lib/armv7e-m/fpu\libuart.a
END GROUP
                0x20000000                _estack = 0x20000000
                0x20000000                __SP_INIT = _estack
                0x00000000                __heap_size = 0x0
                0x00000400                __stack_size = 0x400

.interrupts     0x20000000      0x198
                0x20000000                __vector_table = .
                0x20000000                . = ALIGN (0x4)
 *(.vectortable)
 .vectortable   0x20000000      0x198 ./Static_Code/System/Vectors.o
                0x20000000                __vect_table
                0x20000198                . = ALIGN (0x4)

.cfmprotect     0x00000400        0x0
                0x00000400                . = ALIGN (0x4)
 *(.cfmconfig)
                0x00000400                . = ALIGN (0x4)

.text           0x20000198     0x5ae4
                0x20000198                . = ALIGN (0x4)
 *(.text)
 *(.text*)
 .text.xTimerCreateTimerTask
                0x20000198       0x68 ./Generated_Code/timers.o
                0x20000198                xTimerCreateTimerTask
 .text.xTimerCreate
                0x20000200       0x40 ./Generated_Code/timers.o
                0x20000200                xTimerCreate
 .text.prvInitialiseNewTimer
                0x20000240       0x5c ./Generated_Code/timers.o
 .text.xTimerGenericCommand
                0x2000029c       0xbc ./Generated_Code/timers.o
                0x2000029c                xTimerGenericCommand
 .text.prvProcessExpiredTimer
                0x20000358       0x80 ./Generated_Code/timers.o
 .text.prvTimerTask
                0x200003d8       0x24 ./Generated_Code/timers.o
 .text.prvProcessTimerOrBlockTask
                0x200003fc       0x98 ./Generated_Code/timers.o
 .text.prvGetNextExpireTime
                0x20000494       0x54 ./Generated_Code/timers.o
 .text.prvSampleTimeNow
                0x200004e8       0x4c ./Generated_Code/timers.o
 .text.prvInsertTimerInActiveList
                0x20000534       0x94 ./Generated_Code/timers.o
 .text.prvProcessReceivedCommands
                0x200005c8      0x128 ./Generated_Code/timers.o
 .text.prvSwitchTimerLists
                0x200006f0       0xe8 ./Generated_Code/timers.o
 .text.prvCheckForValidListAndQueue
                0x200007d8       0x9c ./Generated_Code/timers.o
 .text.pvTimerGetTimerID
                0x20000874       0x38 ./Generated_Code/timers.o
                0x20000874                pvTimerGetTimerID
 .text.vTimerSetTimerID
                0x200008ac       0x34 ./Generated_Code/timers.o
                0x200008ac                vTimerSetTimerID
 .text.xTaskCreate
                0x200008e0       0x90 ./Generated_Code/tasks.o
                0x200008e0                xTaskCreate
 .text.prvInitialiseNewTask
                0x20000970      0x130 ./Generated_Code/tasks.o
 .text.prvAddNewTaskToReadyList
                0x20000aa0      0x114 ./Generated_Code/tasks.o
 .text.vTaskStartScheduler
                0x20000bb4       0x98 ./Generated_Code/tasks.o
                0x20000bb4                vTaskStartScheduler
 .text.vTaskSuspendAll
                0x20000c4c       0x24 ./Generated_Code/tasks.o
                0x20000c4c                vTaskSuspendAll
 .text.xTaskResumeAll
                0x20000c70      0x180 ./Generated_Code/tasks.o
                0x20000c70                xTaskResumeAll
 .text.xTaskGetTickCount
                0x20000df0       0x28 ./Generated_Code/tasks.o
                0x20000df0                xTaskGetTickCount
 .text.xTaskGetTickCountFromISR
                0x20000e18       0x38 ./Generated_Code/tasks.o
                0x20000e18                xTaskGetTickCountFromISR
 .text.xTaskIncrementTick
                0x20000e50      0x204 ./Generated_Code/tasks.o
                0x20000e50                xTaskIncrementTick
 .text.vTaskSwitchContext
                0x20001054      0x108 ./Generated_Code/tasks.o
                0x20001054                vTaskSwitchContext
 .text.vTaskPlaceOnEventList
                0x2000115c       0x44 ./Generated_Code/tasks.o
                0x2000115c                vTaskPlaceOnEventList
 .text.vTaskPlaceOnEventListRestricted
                0x200011a0       0x50 ./Generated_Code/tasks.o
                0x200011a0                vTaskPlaceOnEventListRestricted
 .text.xTaskRemoveFromEventList
                0x200011f0       0xe4 ./Generated_Code/tasks.o
                0x200011f0                xTaskRemoveFromEventList
 .text.vTaskInternalSetTimeOutState
                0x200012d4       0x30 ./Generated_Code/tasks.o
                0x200012d4                vTaskInternalSetTimeOutState
 .text.xTaskCheckForTimeOut
                0x20001304       0xbc ./Generated_Code/tasks.o
                0x20001304                xTaskCheckForTimeOut
 .text.vTaskMissedYield
                0x200013c0       0x18 ./Generated_Code/tasks.o
                0x200013c0                vTaskMissedYield
 .text.prvIdleTask
                0x200013d8       0x24 ./Generated_Code/tasks.o
 .text.prvInitialiseTaskLists
                0x200013fc       0x98 ./Generated_Code/tasks.o
 .text.prvCheckTasksWaitingTermination
                0x20001494        0xc ./Generated_Code/tasks.o
 .text.prvResetNextTaskUnblockTime
                0x200014a0       0x50 ./Generated_Code/tasks.o
 .text.xTaskGetSchedulerState
                0x200014f0       0x48 ./Generated_Code/tasks.o
                0x200014f0                xTaskGetSchedulerState
 .text.xTaskPriorityDisinherit
                0x20001538      0x130 ./Generated_Code/tasks.o
                0x20001538                xTaskPriorityDisinherit
 .text.prvAddCurrentTaskToDelayedList
                0x20001668      0x110 ./Generated_Code/tasks.o
 .text.xQueueGenericReset
                0x20001778       0xc8 ./Generated_Code/queue.o
                0x20001778                xQueueGenericReset
 .text.xQueueGenericCreate
                0x20001840       0x74 ./Generated_Code/queue.o
                0x20001840                xQueueGenericCreate
 .text.prvInitialiseNewQueue
                0x200018b4       0x40 ./Generated_Code/queue.o
 .text.xQueueGenericSend
                0x200018f4      0x1cc ./Generated_Code/queue.o
                0x200018f4                xQueueGenericSend
 .text.xQueueGenericSendFromISR
                0x20001ac0      0x10c ./Generated_Code/queue.o
                0x20001ac0                xQueueGenericSendFromISR
 .text.xQueueReceive
                0x20001bcc      0x1a4 ./Generated_Code/queue.o
                0x20001bcc                xQueueReceive
 .text.prvCopyDataToQueue
                0x20001d70       0xe8 ./Generated_Code/queue.o
 .text.prvCopyDataFromQueue
                0x20001e58       0x50 ./Generated_Code/queue.o
 .text.prvUnlockQueue
                0x20001ea8       0xac ./Generated_Code/queue.o
 .text.prvIsQueueEmpty
                0x20001f54       0x34 ./Generated_Code/queue.o
 .text.prvIsQueueFull
                0x20001f88       0x38 ./Generated_Code/queue.o
 .text.vQueueAddToRegistry
                0x20001fc0       0x64 ./Generated_Code/queue.o
                0x20001fc0                vQueueAddToRegistry
 .text.vQueueWaitForMessageRestricted
                0x20002024       0x74 ./Generated_Code/queue.o
                0x20002024                vQueueWaitForMessageRestricted
 .text.pxPortInitialiseStack
                0x20002098       0x70 ./Generated_Code/port.o
                0x20002098                pxPortInitialiseStack
 .text.vPortInitTickTimer
                0x20002108       0x5c ./Generated_Code/port.o
                0x20002108                vPortInitTickTimer
 .text.vPortStartTickTimer
                0x20002164       0x18 ./Generated_Code/port.o
                0x20002164                vPortStartTickTimer
 .text.vPortStopTickTimer
                0x2000217c       0x18 ./Generated_Code/port.o
                0x2000217c                vPortStopTickTimer
 .text.vPortEnableVFP
                0x20002194       0x24 ./Generated_Code/port.o
                0x20002194                vPortEnableVFP
 .text.xPortStartScheduler
                0x200021b8      0x110 ./Generated_Code/port.o
                0x200021b8                xPortStartScheduler
 .text.vPortEnterCritical
                0x200022c8       0x5c ./Generated_Code/port.o
                0x200022c8                vPortEnterCritical
 .text.vPortExitCritical
                0x20002324       0x38 ./Generated_Code/port.o
                0x20002324                vPortExitCritical
 .text.vPortYieldFromISR
                0x2000235c       0x20 ./Generated_Code/port.o
                0x2000235c                vPortYieldFromISR
 .text.vPortTickHandler
                0x2000237c       0x24 ./Generated_Code/port.o
                0x2000237c                vPortTickHandler
 .text.vPortStartFirstTask
                0x200023a0       0x50 ./Generated_Code/port.o
                0x200023a0                vPortStartFirstTask
 .text.vPortSVCHandler
                0x200023f0       0x1c ./Generated_Code/port.o
                0x200023f0                vPortSVCHandler
 .text.vPortPendSVHandler
                0x2000240c       0x50 ./Generated_Code/port.o
                0x2000240c                vPortPendSVHandler
 .text.vPortValidateInterruptPriority
                0x2000245c       0x70 ./Generated_Code/port.o
                0x2000245c                vPortValidateInterruptPriority
 .text.vListInitialise
                0x200024cc       0x40 ./Generated_Code/list.o
                0x200024cc                vListInitialise
 .text.vListInitialiseItem
                0x2000250c       0x1c ./Generated_Code/list.o
                0x2000250c                vListInitialiseItem
 .text.vListInsertEnd
                0x20002528       0x48 ./Generated_Code/list.o
                0x20002528                vListInsertEnd
 .text.vListInsert
                0x20002570       0x74 ./Generated_Code/list.o
                0x20002570                vListInsert
 .text.uxListRemove
                0x200025e4       0x58 ./Generated_Code/list.o
                0x200025e4                uxListRemove
 .text.pvPortMalloc
                0x2000263c      0x164 ./Generated_Code/heap_2.o
                0x2000263c                pvPortMalloc
 .text.vPortFree
                0x200027a0       0x88 ./Generated_Code/heap_2.o
                0x200027a0                vPortFree
 .text.prvHeapInit
                0x20002828       0x6c ./Generated_Code/heap_2.o
 .text.UTIL1_Init
                0x20002894        0xc ./Generated_Code/UTIL1.o
                0x20002894                UTIL1_Init
 .text.MCUC1_Init
                0x200028a0        0xc ./Generated_Code/MCUC1.o
                0x200028a0                MCUC1_Init
 .text.FRTOS1_Init
                0x200028ac        0xc ./Generated_Code/FRTOS1.o
                0x200028ac                FRTOS1_Init
 .text.Components_Init
                0x200028b8       0x10 ./Generated_Code/Cpu.o
                0x200028b8                Components_Init
 .text.Cpu_INT_NMIInterrupt
                0x200028c8       0x1c ./Generated_Code/Cpu.o
                0x200028c8                Cpu_INT_NMIInterrupt
 .text.Cpu_INT_Hard_FaultInterrupt
                0x200028e4       0x1c ./Generated_Code/Cpu.o
                0x200028e4                Cpu_INT_Hard_FaultInterrupt
 .text.zero_fill_bss
                0x20002900       0x2c ./Project_Settings/Startup_Code/__arm_start.o
 .text.__thumb_startup
                0x2000292c       0x34 ./Project_Settings/Startup_Code/__arm_start.o
                0x2000292c                __thumb_startup
 .text._ExitProcess
                0x20002960        0xc ./Project_Settings/Startup_Code/__arm_end.o
                0x20002960                _ExitProcess
 .text.main     0x2000296c       0x14 ./Sources/main.o
                0x2000296c                main
 .text.user_main
                0x20002980       0x38 ./Sources/main.o
                0x20002980                user_main
 .text.RGB_test
                0x200029b8       0x3c ./Sources/main.o
                0x200029b8                RGB_test
 .text.serial_ports_Init
                0x200029f4      0x12c ./Sources/SerialPorts.o
                0x200029f4                serial_ports_Init
 .text.serial0_Init
                0x20002b20       0x3c ./Sources/SerialPorts.o
                0x20002b20                serial0_Init
 .text.serial1_Init
                0x20002b5c       0x3c ./Sources/SerialPorts.o
                0x20002b5c                serial1_Init
 .text.serial2_Init
                0x20002b98       0x3c ./Sources/SerialPorts.o
                0x20002b98                serial2_Init
 .text.serial3_Init
                0x20002bd4       0x3c ./Sources/SerialPorts.o
                0x20002bd4                serial3_Init
 .text.portC_Init
                0x20002c10       0x54 ./Sources/SerialPorts.o
                0x20002c10                portC_Init
 .text.Push_Btn_SW2
                0x20002c64       0x98 ./Sources/SerialPorts.o
                0x20002c64                Push_Btn_SW2
 .text.ivINT_LPTimer
                0x20002cfc       0x84 ./Sources/SerialPorts.o
                0x20002cfc                ivINT_LPTimer
 .text.ivINT_PORTC
                0x20002d80      0x27c ./Sources/SerialPorts.o
                0x20002d80                ivINT_PORTC
 .text.vSerialTimerCallback0
                0x20002ffc      0x234 ./Sources/SerialPorts.o
                0x20002ffc                vSerialTimerCallback0
 .text.vSerialTimerCallback1
                0x20003230      0x234 ./Sources/SerialPorts.o
                0x20003230                vSerialTimerCallback1
 .text.vSerialTimerCallback2
                0x20003464      0x234 ./Sources/SerialPorts.o
                0x20003464                vSerialTimerCallback2
 .text.vSerialTimerCallback3
                0x20003698      0x234 ./Sources/SerialPorts.o
                0x20003698                vSerialTimerCallback3
 .text.RGB_Init
                0x200038cc       0x14 ./Sources/RGB.o
                0x200038cc                RGB_Init
 .text.Blue_Led_Init
                0x200038e0       0x80 ./Sources/RGB.o
                0x200038e0                Blue_Led_Init
 .text.Red_Led_Init
                0x20003960       0x80 ./Sources/RGB.o
                0x20003960                Red_Led_Init
 .text.Green_Led_Init
                0x200039e0       0x80 ./Sources/RGB.o
                0x200039e0                Green_Led_Init
 .text.RGB      0x20003a60       0xb8 ./Sources/RGB.o
                0x20003a60                RGB
 .text.setGPIO_PortC
                0x20003b18       0xf0 ./Sources/PWM_timers.o
                0x20003b18                setGPIO_PortC
 .text.timers_Init
                0x20003c08       0x8c ./Sources/PWM_timers.o
                0x20003c08                timers_Init
 .text.vTimerCallback0
                0x20003c94      0x1d8 ./Sources/PWM_timers.o
                0x20003c94                vTimerCallback0
 .text.Cpu_OnNMI
                0x20003e6c        0xc ./Sources/Events.o
                0x20003e6c                Cpu_OnNMI
 .text.FRTOS1_vApplicationStackOverflowHook
                0x20003e78       0x14 ./Sources/Events.o
                0x20003e78                FRTOS1_vApplicationStackOverflowHook
 .text.FRTOS1_vApplicationTickHook
                0x20003e8c        0xc ./Sources/Events.o
                0x20003e8c                FRTOS1_vApplicationTickHook
 .text.FRTOS1_vApplicationIdleHook
                0x20003e98        0xc ./Sources/Events.o
                0x20003e98                FRTOS1_vApplicationIdleHook
 .text.FRTOS1_vApplicationMallocFailedHook
                0x20003ea4       0x10 ./Sources/Events.o
                0x20003ea4                FRTOS1_vApplicationMallocFailedHook
 .text.Cpu_OnHardFault
                0x20003eb4        0xc ./Sources/Events.o
                0x20003eb4                Cpu_OnHardFault
 .text.UnhandledInterrupt
                0x20003ec0       0x18 ./Static_Code/System/Vectors.o
                0x20003ec0                UnhandledInterrupt
 .text.CPU_SetBASEPRI
                0x20003ed8       0x18 ./Static_Code/System/CPU_Init.o
                0x20003ed8                CPU_SetBASEPRI
 .text.__init_hardware
                0x20003ef0       0xd4 ./Static_Code/System/CPU_Init.o
                0x20003ef0                __init_hardware
 .text.PE_low_level_init
                0x20003fc4       0x6c ./Static_Code/System/CPU_Init.o
                0x20003fc4                PE_low_level_init
 .text.CPU_GetClockGenMode
                0x20004030       0xc0 ./Static_Code/System/CPU_Init.o
                0x20004030                CPU_GetClockGenMode
 .text.CPU_SetClockConfigGenMode
                0x200040f0      0x804 ./Static_Code/System/CPU_Init.o
                0x200040f0                CPU_SetClockConfigGenMode
 .text.exit     0x200048f4       0x38 C:/Freescale/CW MCU v10.7/MCU/ARM_GCC_Support/ewl/lib/armv7e-m/fpu\libc.a(exit.o)
                0x200048f4                exit
 .text.strchr   0x2000492c       0x1a C:/Freescale/CW MCU v10.7/MCU/ARM_GCC_Support/ewl/lib/armv7e-m/fpu\libc.a(strchr.o)
                0x2000492c                strchr
 .text.memset   0x20004946        0xc C:/Freescale/CW MCU v10.7/MCU/ARM_GCC_Support/ewl/lib/armv7e-m/fpu\libc.a(memset.o)
                0x20004946                memset
 .text.__fill_mem
                0x20004952       0x76 C:/Freescale/CW MCU v10.7/MCU/ARM_GCC_Support/ewl/lib/armv7e-m/fpu\libc.a(__filll_mem.o)
                0x20004952                __fill_mem
 .text.memcpy   0x200049c8       0x12 C:/Freescale/CW MCU v10.7/MCU/ARM_GCC_Support/ewl/lib/armv7e-m/fpu\libc.a(memcpy.o)
                0x200049c8                memcpy
 .text.strlen   0x200049da       0x10 C:/Freescale/CW MCU v10.7/MCU/ARM_GCC_Support/ewl/lib/armv7e-m/fpu\libc.a(strlen.o)
                0x200049da                strlen
 .text.long2str.isra.0
                0x200049ea      0x196 C:/Freescale/CW MCU v10.7/MCU/ARM_GCC_Support/ewl/lib/armv7e-m/fpu\libc.a(printformat_.o)
 .text.__pformatter_
                0x20004b80      0x3f8 C:/Freescale/CW MCU v10.7/MCU/ARM_GCC_Support/ewl/lib/armv7e-m/fpu\libc.a(printformat_.o)
                0x20004b80                __pformatter_
 .text.__sformatter
                0x20004f78      0x6f4 C:/Freescale/CW MCU v10.7/MCU/ARM_GCC_Support/ewl/lib/armv7e-m/fpu\libc.a(scanformat_.o)
                0x20004f78                __sformatter
 .text.isalpha  0x2000566c       0x1c C:/Freescale/CW MCU v10.7/MCU/ARM_GCC_Support/ewl/lib/armv7e-m/fpu\libc.a(ctype_aeabi.o)
                0x2000566c                isalpha
 .text.isspace  0x20005688       0x1c C:/Freescale/CW MCU v10.7/MCU/ARM_GCC_Support/ewl/lib/armv7e-m/fpu\libc.a(ctype_aeabi.o)
                0x20005688                isspace
 .text.toupper  0x200056a4        0xc C:/Freescale/CW MCU v10.7/MCU/ARM_GCC_Support/ewl/lib/armv7e-m/fpu\libc.a(ctype_aeabi.o)
                0x200056a4                toupper
 .text.__strtoul
                0x200056b0      0x214 C:/Freescale/CW MCU v10.7/MCU/ARM_GCC_Support/ewl/lib/armv7e-m/fpu\libc.a(__strtoul.o)
                0x200056b0                __strtoul
 .text.memchr   0x200058c4       0x18 C:/Freescale/CW MCU v10.7/MCU/ARM_GCC_Support/ewl/lib/armv7e-m/fpu\libc.a(memchr.o)
                0x200058c4                memchr
 .text.__init_cpp
                0x200058dc       0x4c C:/Freescale/CW MCU v10.7/MCU/ARM_GCC_Support/ewl/lib/armv7e-m/fpu\librt.a(gcc_ctor_dtor.o)
                0x200058dc                __init_cpp
 .text.__fini_cpp
                0x20005928       0x34 C:/Freescale/CW MCU v10.7/MCU/ARM_GCC_Support/ewl/lib/armv7e-m/fpu\librt.a(gcc_ctor_dtor.o)
                0x20005928                __fini_cpp
 .text.__destroy_global_chain
                0x2000595c       0x18 C:/Freescale/CW MCU v10.7/MCU/ARM_GCC_Support/ewl/lib/armv7e-m/fpu\librt.a(__arm_eabi_init.o)
                0x2000595c                __destroy_global_chain
 .text.__init_registers
                0x20005974       0x24 C:/Freescale/CW MCU v10.7/MCU/ARM_GCC_Support/ewl/lib/armv7e-m/fpu\librt.a(__arm_eabi_init.o)
                0x20005974                __init_registers
 .text.__fp_init
                0x20005998       0x1c C:/Freescale/CW MCU v10.7/MCU/ARM_GCC_Support/ewl/lib/armv7e-m/fpu\librt.a(__arm_eabi_init.o)
                0x20005998                __fp_init
 .text.__init_user
                0x200059b4        0x4 C:/Freescale/CW MCU v10.7/MCU/ARM_GCC_Support/ewl/lib/armv7e-m/fpu\librt.a(__arm_eabi_init.o)
                0x200059b4                __init_user
 .text.__copy_rom_section
                0x200059b8       0x44 C:/Freescale/CW MCU v10.7/MCU/ARM_GCC_Support/ewl/lib/armv7e-m/fpu\librt.a(ROMCopy.o)
                0x200059b8                __copy_rom_section
 .text.__copy_rom_sections_to_ram
                0x200059fc       0x30 C:/Freescale/CW MCU v10.7/MCU/ARM_GCC_Support/ewl/lib/armv7e-m/fpu\librt.a(ROMCopy.o)
                0x200059fc                __copy_rom_sections_to_ram
 *(.rodata)
 .rodata        0x20005a2c       0x10 ./Generated_Code/timers.o
 .rodata        0x20005a3c        0x8 ./Generated_Code/tasks.o
 .rodata        0x20005a44       0x20 ./Sources/SerialPorts.o
 .rodata        0x20005a64        0x8 ./Sources/PWM_timers.o
 *(.rodata*)
 .rodata.pcInterruptPriorityRegisters
                0x20005a6c        0x4 ./Generated_Code/port.o
 .rodata.heapSTRUCT_SIZE
                0x20005a70        0x2 ./Generated_Code/heap_2.o
 .rodata.freeRTOSMemoryScheme
                0x20005a72        0x1 ./Generated_Code/FRTOS1.o
                0x20005a72                freeRTOSMemoryScheme
 *fill*         0x20005a73        0x1 00
 .rodata.ClockGenModeMatrix
                0x20005a74       0x80 ./Static_Code/System/CPU_Init.o
 .rodata.CPU_ClockConfigDescriptors
                0x20005af4       0x1c ./Static_Code/System/CPU_Init.o
 .rodata.CPU_DefaultFEI
                0x20005b10        0x8 ./Static_Code/System/CPU_Init.o
 .rodata.CPU_DefaultFBI
                0x20005b18        0x8 ./Static_Code/System/CPU_Init.o
 .rodata.CPU_DefaultBLPI
                0x20005b20        0x8 ./Static_Code/System/CPU_Init.o
 .rodata.CPU_DefaultFEE
                0x20005b28        0x8 ./Static_Code/System/CPU_Init.o
 .rodata.CPU_DefaultFBE
                0x20005b30        0x8 ./Static_Code/System/CPU_Init.o
 .rodata.CPU_DefaultBLPE
                0x20005b38        0x8 ./Static_Code/System/CPU_Init.o
 .rodata.CPU_DefaultPBE
                0x20005b40        0x8 ./Static_Code/System/CPU_Init.o
 .rodata.CPU_DefaultPEE
                0x20005b48        0x8 ./Static_Code/System/CPU_Init.o
 .rodata.CPU_ClockGenModeRegs
                0x20005b50       0x20 ./Static_Code/System/CPU_Init.o
 .rodata.str1.1
                0x20005b70        0x1 C:/Freescale/CW MCU v10.7/MCU/ARM_GCC_Support/ewl/lib/armv7e-m/fpu\libc.a(printformat_.o)
 .rodata.CSWTCH.20
                0x20005b71        0x5 C:/Freescale/CW MCU v10.7/MCU/ARM_GCC_Support/ewl/lib/armv7e-m/fpu\libc.a(printformat_.o)
 .rodata.CSWTCH.21
                0x20005b76        0x5 C:/Freescale/CW MCU v10.7/MCU/ARM_GCC_Support/ewl/lib/armv7e-m/fpu\libc.a(printformat_.o)
 .rodata.__aeabi_ctype_table_C
                0x20005b7b      0x101 C:/Freescale/CW MCU v10.7/MCU/ARM_GCC_Support/ewl/lib/armv7e-m/fpu\libc.a(ctype_aeabi.o)
                0x20005b7b                __aeabi_ctype_table_C
 *(.glue_7)
 .glue_7        0x00000000        0x0 linker stubs
 *(.glue_7t)
 .glue_7t       0x00000000        0x0 linker stubs
 *(.eh_frame)
 *(.init)
 *(.fini)
                0x20005c7c                . = ALIGN (0x4)
                0x20005c7c                _etext = .

.vfp11_veneer   0x20005c7c        0x0
 .vfp11_veneer  0x00000000        0x0 linker stubs

.v4_bx          0x20005c7c        0x0
 .v4_bx         0x00000000        0x0 linker stubs

.iplt           0x20005c7c        0x0
 .iplt          0x00000000        0x0 ./Generated_Code/timers.o

.rel.dyn        0x20005c7c        0x0
 .rel.iplt      0x00000000        0x0 ./Generated_Code/timers.o

.ARM.extab
 *(.ARM.extab* .gnu.linkonce.armextab.*)

.ARM            0x20005c7c        0x0
                0x20005c7c                __exidx_start = .
 *(.ARM.exidx*)
                0x20005c7c                __exidx_end = .

.ctors          0x20005c7c        0x0
                0x20005c7c                __CTOR_LIST__ = .
 *crtbegin.o(.ctors)
 *(EXCLUDE_FILE(*crtend.o) .ctors)
 *(SORT(.ctors.*))
 *(.ctors)
                0x20005c7c                __CTOR_END__ = .

.dtors          0x20005c7c        0x0
                0x20005c7c                __DTOR_LIST__ = .
 *crtbegin.o(.dtors)
 *(EXCLUDE_FILE(*crtend.o) .dtors)
 *(SORT(.dtors.*))
 *(.dtors)
                0x20005c7c                __DTOR_END__ = .

.preinit_array  0x20005c7c        0x0
                0x20005c7c                PROVIDE (__preinit_array_start, .)
 *(.preinit_array*)
                0x20005c7c                PROVIDE (__preinit_array_end, .)

.init_array     0x20005c7c        0x0
                0x20005c7c                PROVIDE (__init_array_start, .)
 *(SORT(.init_array.*))
 *(.init_array*)
                0x20005c7c                PROVIDE (__init_array_end, .)

.fini_array     0x20005c7c        0x0
                0x20005c7c                PROVIDE (__fini_array_start, .)
 *(SORT(.fini_array.*))
 *(.fini_array*)
                0x20005c7c                PROVIDE (__fini_array_end, .)
                0x20005c7c                ___ROM_AT = .

.data           0x1fff0000        0xc
                0x1fff0000                . = ALIGN (0x4)
                0x1fff0000                _sdata = .
 *(.data)
 *(.data*)
 .data.uxCriticalNesting
                0x1fff0000        0x4 ./Generated_Code/port.o
 .data.uxTopUsedPriority
                0x1fff0004        0x4 ./Generated_Code/port.o
                0x1fff0004                uxTopUsedPriority
 .data.xFreeBytesRemaining
                0x1fff0008        0x4 ./Generated_Code/heap_2.o
                0x1fff000c                . = ALIGN (0x4)
                0x1fff000c                _edata = .
                0x0000000c                ___data_size = (_edata - _sdata)

.igot.plt       0x1fff000c        0x0
 .igot.plt      0x00000000        0x0 ./Generated_Code/timers.o
                0x1fff000c                . = ALIGN (0x4)

.bss            0x1fff000c     0x81c8
                0x1fff000c                __START_BSS = .
                0x1fff000c                PROVIDE (__bss_start__, __START_BSS)
 *(.bss)
 *(.bss*)
 .bss.xActiveTimerList1
                0x1fff000c       0x14 ./Generated_Code/timers.o
 .bss.xActiveTimerList2
                0x1fff0020       0x14 ./Generated_Code/timers.o
 .bss.pxCurrentTimerList
                0x1fff0034        0x4 ./Generated_Code/timers.o
 .bss.pxOverflowTimerList
                0x1fff0038        0x4 ./Generated_Code/timers.o
 .bss.xTimerQueue
                0x1fff003c        0x4 ./Generated_Code/timers.o
 .bss.xTimerTaskHandle
                0x1fff0040        0x4 ./Generated_Code/timers.o
 .bss.xLastTime.7167
                0x1fff0044        0x4 ./Generated_Code/timers.o
 .bss.pxCurrentTCB
                0x1fff0048        0x4 ./Generated_Code/tasks.o
                0x1fff0048                pxCurrentTCB
 .bss.uxCurrentNumberOfTasks
                0x1fff004c        0x4 ./Generated_Code/tasks.o
                0x1fff004c                uxCurrentNumberOfTasks
 .bss.xTickCount
                0x1fff0050        0x4 ./Generated_Code/tasks.o
 .bss.uxTopReadyPriority
                0x1fff0054        0x4 ./Generated_Code/tasks.o
                0x1fff0054                uxTopReadyPriority
 .bss.xSchedulerRunning
                0x1fff0058        0x4 ./Generated_Code/tasks.o
                0x1fff0058                xSchedulerRunning
 .bss.uxPendedTicks
                0x1fff005c        0x4 ./Generated_Code/tasks.o
 .bss.xYieldPending
                0x1fff0060        0x4 ./Generated_Code/tasks.o
 .bss.xNumOfOverflows
                0x1fff0064        0x4 ./Generated_Code/tasks.o
 .bss.uxTaskNumber
                0x1fff0068        0x4 ./Generated_Code/tasks.o
 .bss.xNextTaskUnblockTime
                0x1fff006c        0x4 ./Generated_Code/tasks.o
 .bss.xIdleTaskHandle
                0x1fff0070        0x4 ./Generated_Code/tasks.o
 .bss.uxSchedulerSuspended
                0x1fff0074        0x4 ./Generated_Code/tasks.o
 .bss.ucMaxSysCallPriority
                0x1fff0078        0x1 ./Generated_Code/port.o
 *fill*         0x1fff0079        0x3 00
 .bss.ulMaxPRIGROUPValue
                0x1fff007c        0x4 ./Generated_Code/port.o
 .bss.ucHeap    0x1fff0080     0x8000 ./Generated_Code/heap_2.o
 .bss.xStart    0x1fff8080        0x8 ./Generated_Code/heap_2.o
 .bss.xEnd      0x1fff8088        0x8 ./Generated_Code/heap_2.o
 .bss.xHeapHasBeenInitialised.6878
                0x1fff8090        0x4 ./Generated_Code/heap_2.o
 .bss.argv      0x1fff8094        0x4 ./Project_Settings/Startup_Code/__arm_start.o
 .bss.__stdio_exit
                0x1fff8098        0x4 C:/Freescale/CW MCU v10.7/MCU/ARM_GCC_Support/ewl/lib/armv7e-m/fpu\libc.a(exit.o)
                0x1fff8098                __stdio_exit
 .bss.__console_exit
                0x1fff809c        0x4 C:/Freescale/CW MCU v10.7/MCU/ARM_GCC_Support/ewl/lib/armv7e-m/fpu\libc.a(exit.o)
                0x1fff809c                __console_exit
 .bss.__global_destructor_chain
                0x1fff80a0        0x4 C:/Freescale/CW MCU v10.7/MCU/ARM_GCC_Support/ewl/lib/armv7e-m/fpu\librt.a(__arm_eabi_init.o)
                0x1fff80a0                __global_destructor_chain
 .bss.__S_romp  0x1fff80a4        0xc C:/Freescale/CW MCU v10.7/MCU/ARM_GCC_Support/ewl/lib/armv7e-m/fpu\librt.a(ROMCopy.o)
 *(COMMON)
 COMMON         0x1fff80b0       0xd0 ./Generated_Code/tasks.o
                0x1fff80b0                pxReadyTasksLists
                0x1fff8128                xPendingReadyList
                0x1fff813c                xSuspendedTaskList
                0x1fff8150                pxDelayedTaskList
                0x1fff8154                pxOverflowDelayedTaskList
                0x1fff8158                xDelayedTaskList1
                0x1fff816c                xDelayedTaskList2
 COMMON         0x1fff8180       0x28 ./Generated_Code/queue.o
                0x1fff8180                xQueueRegistry
 COMMON         0x1fff81a8       0x28 ./Sources/main.o
                0x1fff81a8                probe
                0x1fff81ac                xTimerSerial1
                0x1fff81b0                duty_cycle2
                0x1fff81b4                xTimerSerial0
                0x1fff81b8                duty_cycle0
                0x1fff81bc                duty_cycle3
                0x1fff81c0                xTimerSerial3
                0x1fff81c4                duty_cycle1
                0x1fff81c8                first_bit
                0x1fff81cc                xTimerSerial2
 COMMON         0x1fff81d0        0x1 ./Sources/SerialPorts.o
                0x1fff81d0                serial_recive
                0x1fff81d4                . = ALIGN (0x4)
 *fill*         0x1fff81d1        0x3 00
                0x1fff81d4                __END_BSS = .
                0x1fff81d4                PROVIDE (__bss_end__, __END_BSS)
                0x00000000                __S_romp = 0x0

._user_heap_stack
                0x1fff81d4      0x400
                0x1fff81d4                . = ALIGN (0x4)
                0x1fff81d4                PROVIDE (end, .)
                0x1fff81d4                PROVIDE (_end, .)
                0x1fff81d4                __heap_addr = .
                0x1fff81d4                . = (. + __heap_size)
                0x1fff85d4                . = (. + __stack_size)
 *fill*         0x1fff81d4      0x400 00
                0x1fff85d4                . = ALIGN (0x4)

.ARM.attributes
                0x00000000       0x39
 *(.ARM.attributes)
 .ARM.attributes
                0x00000000       0x3b ./Generated_Code/timers.o
 .ARM.attributes
                0x0000003b       0x3b ./Generated_Code/tasks.o
 .ARM.attributes
                0x00000076       0x3b ./Generated_Code/queue.o
 .ARM.attributes
                0x000000b1       0x3b ./Generated_Code/port.o
 .ARM.attributes
                0x000000ec       0x3b ./Generated_Code/list.o
 .ARM.attributes
                0x00000127       0x3b ./Generated_Code/heap_2.o
 .ARM.attributes
                0x00000162       0x3b ./Generated_Code/UTIL1.o
 .ARM.attributes
                0x0000019d       0x3b ./Generated_Code/MCUC1.o
 .ARM.attributes
                0x000001d8       0x3b ./Generated_Code/FRTOS1.o
 .ARM.attributes
                0x00000213       0x3b ./Generated_Code/Cpu.o
 .ARM.attributes
                0x0000024e       0x3b ./Project_Settings/Startup_Code/__arm_start.o
 .ARM.attributes
                0x00000289       0x3b ./Project_Settings/Startup_Code/__arm_end.o
 .ARM.attributes
                0x000002c4       0x3b ./Sources/main.o
 .ARM.attributes
                0x000002ff       0x3b ./Sources/SerialPorts.o
 .ARM.attributes
                0x0000033a       0x3b ./Sources/RGB.o
 .ARM.attributes
                0x00000375       0x3b ./Sources/PWM_timers.o
 .ARM.attributes
                0x000003b0       0x3b ./Sources/Events.o
 .ARM.attributes
                0x000003eb       0x3b ./Static_Code/System/Vectors.o
 .ARM.attributes
                0x00000426       0x3b ./Static_Code/System/CPU_Init.o
 .ARM.attributes
                0x00000461       0x3b C:/Freescale/CW MCU v10.7/MCU/ARM_GCC_Support/ewl/lib/armv7e-m/fpu\libc.a(exit.o)
 .ARM.attributes
                0x0000049c       0x3b C:/Freescale/CW MCU v10.7/MCU/ARM_GCC_Support/ewl/lib/armv7e-m/fpu\libc.a(strchr.o)
 .ARM.attributes
                0x000004d7       0x3b C:/Freescale/CW MCU v10.7/MCU/ARM_GCC_Support/ewl/lib/armv7e-m/fpu\libc.a(memset.o)
 .ARM.attributes
                0x00000512       0x3b C:/Freescale/CW MCU v10.7/MCU/ARM_GCC_Support/ewl/lib/armv7e-m/fpu\libc.a(__filll_mem.o)
 .ARM.attributes
                0x0000054d       0x3b C:/Freescale/CW MCU v10.7/MCU/ARM_GCC_Support/ewl/lib/armv7e-m/fpu\libc.a(memcpy.o)
 .ARM.attributes
                0x00000588       0x3b C:/Freescale/CW MCU v10.7/MCU/ARM_GCC_Support/ewl/lib/armv7e-m/fpu\libc.a(strlen.o)
 .ARM.attributes
                0x000005c3       0x3b C:/Freescale/CW MCU v10.7/MCU/ARM_GCC_Support/ewl/lib/armv7e-m/fpu\libc.a(printformat_.o)
 .ARM.attributes
                0x000005fe       0x3b C:/Freescale/CW MCU v10.7/MCU/ARM_GCC_Support/ewl/lib/armv7e-m/fpu\libc.a(scanformat_.o)
 .ARM.attributes
                0x00000639       0x3b C:/Freescale/CW MCU v10.7/MCU/ARM_GCC_Support/ewl/lib/armv7e-m/fpu\libc.a(ctype_aeabi.o)
 .ARM.attributes
                0x00000674       0x3b C:/Freescale/CW MCU v10.7/MCU/ARM_GCC_Support/ewl/lib/armv7e-m/fpu\libc.a(__strtoul.o)
 .ARM.attributes
                0x000006af       0x3b C:/Freescale/CW MCU v10.7/MCU/ARM_GCC_Support/ewl/lib/armv7e-m/fpu\libc.a(memchr.o)
 .ARM.attributes
                0x000006ea       0x3b C:/Freescale/CW MCU v10.7/MCU/ARM_GCC_Support/ewl/lib/armv7e-m/fpu\librt.a(gcc_ctor_dtor.o)
 .ARM.attributes
                0x00000725       0x3b C:/Freescale/CW MCU v10.7/MCU/ARM_GCC_Support/ewl/lib/armv7e-m/fpu\librt.a(__arm_eabi_init.o)
 .ARM.attributes
                0x00000760       0x3b C:/Freescale/CW MCU v10.7/MCU/ARM_GCC_Support/ewl/lib/armv7e-m/fpu\librt.a(ROMCopy.o)
OUTPUT(PE_FreeRTOS.elf elf32-littlearm)

.debug_info     0x00000000     0xa22d
 .debug_info    0x00000000      0x9cd ./Generated_Code/timers.o
 .debug_info    0x000009cd     0x17c7 ./Generated_Code/tasks.o
 .debug_info    0x00002194     0x109e ./Generated_Code/queue.o
 .debug_info    0x00003232      0x3d0 ./Generated_Code/port.o
 .debug_info    0x00003602      0x2ca ./Generated_Code/list.o
 .debug_info    0x000038cc      0x2e9 ./Generated_Code/heap_2.o
 .debug_info    0x00003bb5     0x1b96 ./Generated_Code/UTIL1.o
 .debug_info    0x0000574b       0xa0 ./Generated_Code/MCUC1.o
 .debug_info    0x000057eb       0xf0 ./Generated_Code/FRTOS1.o
 .debug_info    0x000058db       0xe6 ./Generated_Code/Cpu.o
 .debug_info    0x000059c1      0x12a ./Project_Settings/Startup_Code/__arm_start.o
 .debug_info    0x00005aeb       0x54 ./Project_Settings/Startup_Code/__arm_end.o
 .debug_info    0x00005b3f      0x1cb ./Sources/main.o
 .debug_info    0x00005d0a      0x870 ./Sources/SerialPorts.o
 .debug_info    0x0000657a      0x463 ./Sources/RGB.o
 .debug_info    0x000069dd      0x533 ./Sources/PWM_timers.o
 .debug_info    0x00006f10      0x163 ./Sources/Events.o
 .debug_info    0x00007073      0xa74 ./Static_Code/System/Vectors.o
 .debug_info    0x00007ae7      0xb1e ./Static_Code/System/CPU_Init.o
 .debug_info    0x00008605       0xe8 C:/Freescale/CW MCU v10.7/MCU/ARM_GCC_Support/ewl/lib/armv7e-m/fpu\libc.a(exit.o)
 .debug_info    0x000086ed      0x108 C:/Freescale/CW MCU v10.7/MCU/ARM_GCC_Support/ewl/lib/armv7e-m/fpu\libc.a(strchr.o)
 .debug_info    0x000087f5       0xec C:/Freescale/CW MCU v10.7/MCU/ARM_GCC_Support/ewl/lib/armv7e-m/fpu\libc.a(memset.o)
 .debug_info    0x000088e1      0x135 C:/Freescale/CW MCU v10.7/MCU/ARM_GCC_Support/ewl/lib/armv7e-m/fpu\libc.a(__filll_mem.o)
 .debug_info    0x00008a16      0x10f C:/Freescale/CW MCU v10.7/MCU/ARM_GCC_Support/ewl/lib/armv7e-m/fpu\libc.a(memcpy.o)
 .debug_info    0x00008b25       0xeb C:/Freescale/CW MCU v10.7/MCU/ARM_GCC_Support/ewl/lib/armv7e-m/fpu\libc.a(strlen.o)
 .debug_info    0x00008c10      0x50e C:/Freescale/CW MCU v10.7/MCU/ARM_GCC_Support/ewl/lib/armv7e-m/fpu\libc.a(printformat_.o)
 .debug_info    0x0000911e      0x565 C:/Freescale/CW MCU v10.7/MCU/ARM_GCC_Support/ewl/lib/armv7e-m/fpu\libc.a(scanformat_.o)
 .debug_info    0x00009683      0x306 C:/Freescale/CW MCU v10.7/MCU/ARM_GCC_Support/ewl/lib/armv7e-m/fpu\libc.a(ctype_aeabi.o)
 .debug_info    0x00009989      0x1d6 C:/Freescale/CW MCU v10.7/MCU/ARM_GCC_Support/ewl/lib/armv7e-m/fpu\libc.a(__strtoul.o)
 .debug_info    0x00009b5f      0x120 C:/Freescale/CW MCU v10.7/MCU/ARM_GCC_Support/ewl/lib/armv7e-m/fpu\libc.a(memchr.o)
 .debug_info    0x00009c7f      0x136 C:/Freescale/CW MCU v10.7/MCU/ARM_GCC_Support/ewl/lib/armv7e-m/fpu\librt.a(gcc_ctor_dtor.o)
 .debug_info    0x00009db5      0x2de C:/Freescale/CW MCU v10.7/MCU/ARM_GCC_Support/ewl/lib/armv7e-m/fpu\librt.a(__arm_eabi_init.o)
 .debug_info    0x0000a093      0x19a C:/Freescale/CW MCU v10.7/MCU/ARM_GCC_Support/ewl/lib/armv7e-m/fpu\librt.a(ROMCopy.o)

.debug_abbrev   0x00000000     0x1edc
 .debug_abbrev  0x00000000      0x17f ./Generated_Code/timers.o
 .debug_abbrev  0x0000017f      0x21e ./Generated_Code/tasks.o
 .debug_abbrev  0x0000039d      0x190 ./Generated_Code/queue.o
 .debug_abbrev  0x0000052d      0x115 ./Generated_Code/port.o
 .debug_abbrev  0x00000642       0xbd ./Generated_Code/list.o
 .debug_abbrev  0x000006ff      0x15d ./Generated_Code/heap_2.o
 .debug_abbrev  0x0000085c      0x166 ./Generated_Code/UTIL1.o
 .debug_abbrev  0x000009c2       0x3d ./Generated_Code/MCUC1.o
 .debug_abbrev  0x000009ff       0x79 ./Generated_Code/FRTOS1.o
 .debug_abbrev  0x00000a78       0x3d ./Generated_Code/Cpu.o
 .debug_abbrev  0x00000ab5       0x92 ./Project_Settings/Startup_Code/__arm_start.o
 .debug_abbrev  0x00000b47       0x4c ./Project_Settings/Startup_Code/__arm_end.o
 .debug_abbrev  0x00000b93       0xaa ./Sources/main.o
 .debug_abbrev  0x00000c3d      0x160 ./Sources/SerialPorts.o
 .debug_abbrev  0x00000d9d       0xe2 ./Sources/RGB.o
 .debug_abbrev  0x00000e7f      0x10d ./Sources/PWM_timers.o
 .debug_abbrev  0x00000f8c       0x82 ./Sources/Events.o
 .debug_abbrev  0x0000100e       0xe5 ./Static_Code/System/Vectors.o
 .debug_abbrev  0x000010f3      0x177 ./Static_Code/System/CPU_Init.o
 .debug_abbrev  0x0000126a       0x7a C:/Freescale/CW MCU v10.7/MCU/ARM_GCC_Support/ewl/lib/armv7e-m/fpu\libc.a(exit.o)
 .debug_abbrev  0x000012e4       0x89 C:/Freescale/CW MCU v10.7/MCU/ARM_GCC_Support/ewl/lib/armv7e-m/fpu\libc.a(strchr.o)
 .debug_abbrev  0x0000136d       0x62 C:/Freescale/CW MCU v10.7/MCU/ARM_GCC_Support/ewl/lib/armv7e-m/fpu\libc.a(memset.o)
 .debug_abbrev  0x000013cf       0x87 C:/Freescale/CW MCU v10.7/MCU/ARM_GCC_Support/ewl/lib/armv7e-m/fpu\libc.a(__filll_mem.o)
 .debug_abbrev  0x00001456       0x95 C:/Freescale/CW MCU v10.7/MCU/ARM_GCC_Support/ewl/lib/armv7e-m/fpu\libc.a(memcpy.o)
 .debug_abbrev  0x000014eb       0x7a C:/Freescale/CW MCU v10.7/MCU/ARM_GCC_Support/ewl/lib/armv7e-m/fpu\libc.a(strlen.o)
 .debug_abbrev  0x00001565      0x200 C:/Freescale/CW MCU v10.7/MCU/ARM_GCC_Support/ewl/lib/armv7e-m/fpu\libc.a(printformat_.o)
 .debug_abbrev  0x00001765      0x1f0 C:/Freescale/CW MCU v10.7/MCU/ARM_GCC_Support/ewl/lib/armv7e-m/fpu\libc.a(scanformat_.o)
 .debug_abbrev  0x00001955       0x85 C:/Freescale/CW MCU v10.7/MCU/ARM_GCC_Support/ewl/lib/armv7e-m/fpu\libc.a(ctype_aeabi.o)
 .debug_abbrev  0x000019da       0xc2 C:/Freescale/CW MCU v10.7/MCU/ARM_GCC_Support/ewl/lib/armv7e-m/fpu\libc.a(__strtoul.o)
 .debug_abbrev  0x00001a9c       0x95 C:/Freescale/CW MCU v10.7/MCU/ARM_GCC_Support/ewl/lib/armv7e-m/fpu\libc.a(memchr.o)
 .debug_abbrev  0x00001b31       0x99 C:/Freescale/CW MCU v10.7/MCU/ARM_GCC_Support/ewl/lib/armv7e-m/fpu\librt.a(gcc_ctor_dtor.o)
 .debug_abbrev  0x00001bca      0x1db C:/Freescale/CW MCU v10.7/MCU/ARM_GCC_Support/ewl/lib/armv7e-m/fpu\librt.a(__arm_eabi_init.o)
 .debug_abbrev  0x00001da5      0x137 C:/Freescale/CW MCU v10.7/MCU/ARM_GCC_Support/ewl/lib/armv7e-m/fpu\librt.a(ROMCopy.o)

.debug_loc      0x00000000     0x650c
 .debug_loc     0x00000000      0x448 ./Generated_Code/timers.o
 .debug_loc     0x00000448      0xbf8 ./Generated_Code/tasks.o
 .debug_loc     0x00001040      0x770 ./Generated_Code/queue.o
 .debug_loc     0x000017b0      0x2d0 ./Generated_Code/port.o
 .debug_loc     0x00001a80      0x118 ./Generated_Code/list.o
 .debug_loc     0x00001b98      0x100 ./Generated_Code/heap_2.o
 .debug_loc     0x00001c98      0xf38 ./Generated_Code/UTIL1.o
 .debug_loc     0x00002bd0       0x58 ./Generated_Code/MCUC1.o
 .debug_loc     0x00002c28       0x84 ./Generated_Code/FRTOS1.o
 .debug_loc     0x00002cac       0xdc ./Generated_Code/Cpu.o
 .debug_loc     0x00002d88       0x2c ./Project_Settings/Startup_Code/__arm_start.o
 .debug_loc     0x00002db4       0x38 ./Project_Settings/Startup_Code/__arm_end.o
 .debug_loc     0x00002dec       0x90 ./Sources/main.o
 .debug_loc     0x00002e7c      0x2b0 ./Sources/SerialPorts.o
 .debug_loc     0x0000312c       0xe8 ./Sources/RGB.o
 .debug_loc     0x00003214       0x9c ./Sources/PWM_timers.o
 .debug_loc     0x000032b0      0x16c ./Sources/Events.o
 .debug_loc     0x0000341c     0x115c ./Static_Code/System/Vectors.o
 .debug_loc     0x00004578       0xf4 ./Static_Code/System/CPU_Init.o
 .debug_loc     0x0000466c       0x3e C:/Freescale/CW MCU v10.7/MCU/ARM_GCC_Support/ewl/lib/armv7e-m/fpu\libc.a(exit.o)
 .debug_loc     0x000046aa       0x7c C:/Freescale/CW MCU v10.7/MCU/ARM_GCC_Support/ewl/lib/armv7e-m/fpu\libc.a(strchr.o)
 .debug_loc     0x00004726       0x64 C:/Freescale/CW MCU v10.7/MCU/ARM_GCC_Support/ewl/lib/armv7e-m/fpu\libc.a(memset.o)
 .debug_loc     0x0000478a      0x12c C:/Freescale/CW MCU v10.7/MCU/ARM_GCC_Support/ewl/lib/armv7e-m/fpu\libc.a(__filll_mem.o)
 .debug_loc     0x000048b6       0x59 C:/Freescale/CW MCU v10.7/MCU/ARM_GCC_Support/ewl/lib/armv7e-m/fpu\libc.a(memcpy.o)
 .debug_loc     0x0000490f       0x26 C:/Freescale/CW MCU v10.7/MCU/ARM_GCC_Support/ewl/lib/armv7e-m/fpu\libc.a(strlen.o)
 .debug_loc     0x00004935      0xbdc C:/Freescale/CW MCU v10.7/MCU/ARM_GCC_Support/ewl/lib/armv7e-m/fpu\libc.a(printformat_.o)
 .debug_loc     0x00005511      0x8b6 C:/Freescale/CW MCU v10.7/MCU/ARM_GCC_Support/ewl/lib/armv7e-m/fpu\libc.a(scanformat_.o)
 .debug_loc     0x00005dc7      0x18e C:/Freescale/CW MCU v10.7/MCU/ARM_GCC_Support/ewl/lib/armv7e-m/fpu\libc.a(ctype_aeabi.o)
 .debug_loc     0x00005f55      0x2bb C:/Freescale/CW MCU v10.7/MCU/ARM_GCC_Support/ewl/lib/armv7e-m/fpu\libc.a(__strtoul.o)
 .debug_loc     0x00006210       0x62 C:/Freescale/CW MCU v10.7/MCU/ARM_GCC_Support/ewl/lib/armv7e-m/fpu\libc.a(memchr.o)
 .debug_loc     0x00006272       0x9d C:/Freescale/CW MCU v10.7/MCU/ARM_GCC_Support/ewl/lib/armv7e-m/fpu\librt.a(gcc_ctor_dtor.o)
 .debug_loc     0x0000630f      0x144 C:/Freescale/CW MCU v10.7/MCU/ARM_GCC_Support/ewl/lib/armv7e-m/fpu\librt.a(__arm_eabi_init.o)
 .debug_loc     0x00006453       0xb9 C:/Freescale/CW MCU v10.7/MCU/ARM_GCC_Support/ewl/lib/armv7e-m/fpu\librt.a(ROMCopy.o)

.debug_aranges  0x00000000      0xf90
 .debug_aranges
                0x00000000       0xb8 ./Generated_Code/timers.o
 .debug_aranges
                0x000000b8      0x1d8 ./Generated_Code/tasks.o
 .debug_aranges
                0x00000290      0x128 ./Generated_Code/queue.o
 .debug_aranges
                0x000003b8       0xa0 ./Generated_Code/port.o
 .debug_aranges
                0x00000458       0x40 ./Generated_Code/list.o
 .debug_aranges
                0x00000498       0x40 ./Generated_Code/heap_2.o
 .debug_aranges
                0x000004d8      0x248 ./Generated_Code/UTIL1.o
 .debug_aranges
                0x00000720       0x28 ./Generated_Code/MCUC1.o
 .debug_aranges
                0x00000748       0x30 ./Generated_Code/FRTOS1.o
 .debug_aranges
                0x00000778       0x40 ./Generated_Code/Cpu.o
 .debug_aranges
                0x000007b8       0x30 ./Project_Settings/Startup_Code/__arm_start.o
 .debug_aranges
                0x000007e8       0x20 ./Project_Settings/Startup_Code/__arm_end.o
 .debug_aranges
                0x00000808       0x30 ./Sources/main.o
 .debug_aranges
                0x00000838       0x88 ./Sources/SerialPorts.o
 .debug_aranges
                0x000008c0       0x40 ./Sources/RGB.o
 .debug_aranges
                0x00000900       0x30 ./Sources/PWM_timers.o
 .debug_aranges
                0x00000930       0x58 ./Sources/Events.o
 .debug_aranges
                0x00000988      0x340 ./Static_Code/System/Vectors.o
 .debug_aranges
                0x00000cc8       0x40 ./Static_Code/System/CPU_Init.o
 .debug_aranges
                0x00000d08       0x20 C:/Freescale/CW MCU v10.7/MCU/ARM_GCC_Support/ewl/lib/armv7e-m/fpu\libc.a(exit.o)
 .debug_aranges
                0x00000d28       0x20 C:/Freescale/CW MCU v10.7/MCU/ARM_GCC_Support/ewl/lib/armv7e-m/fpu\libc.a(strchr.o)
 .debug_aranges
                0x00000d48       0x20 C:/Freescale/CW MCU v10.7/MCU/ARM_GCC_Support/ewl/lib/armv7e-m/fpu\libc.a(memset.o)
 .debug_aranges
                0x00000d68       0x20 C:/Freescale/CW MCU v10.7/MCU/ARM_GCC_Support/ewl/lib/armv7e-m/fpu\libc.a(__filll_mem.o)
 .debug_aranges
                0x00000d88       0x20 C:/Freescale/CW MCU v10.7/MCU/ARM_GCC_Support/ewl/lib/armv7e-m/fpu\libc.a(memcpy.o)
 .debug_aranges
                0x00000da8       0x20 C:/Freescale/CW MCU v10.7/MCU/ARM_GCC_Support/ewl/lib/armv7e-m/fpu\libc.a(strlen.o)
 .debug_aranges
                0x00000dc8       0x28 C:/Freescale/CW MCU v10.7/MCU/ARM_GCC_Support/ewl/lib/armv7e-m/fpu\libc.a(printformat_.o)
 .debug_aranges
                0x00000df0       0x20 C:/Freescale/CW MCU v10.7/MCU/ARM_GCC_Support/ewl/lib/armv7e-m/fpu\libc.a(scanformat_.o)
 .debug_aranges
                0x00000e10       0x88 C:/Freescale/CW MCU v10.7/MCU/ARM_GCC_Support/ewl/lib/armv7e-m/fpu\libc.a(ctype_aeabi.o)
 .debug_aranges
                0x00000e98       0x20 C:/Freescale/CW MCU v10.7/MCU/ARM_GCC_Support/ewl/lib/armv7e-m/fpu\libc.a(__strtoul.o)
 .debug_aranges
                0x00000eb8       0x20 C:/Freescale/CW MCU v10.7/MCU/ARM_GCC_Support/ewl/lib/armv7e-m/fpu\libc.a(memchr.o)
 .debug_aranges
                0x00000ed8       0x28 C:/Freescale/CW MCU v10.7/MCU/ARM_GCC_Support/ewl/lib/armv7e-m/fpu\librt.a(gcc_ctor_dtor.o)
 .debug_aranges
                0x00000f00       0x60 C:/Freescale/CW MCU v10.7/MCU/ARM_GCC_Support/ewl/lib/armv7e-m/fpu\librt.a(__arm_eabi_init.o)
 .debug_aranges
                0x00000f60       0x30 C:/Freescale/CW MCU v10.7/MCU/ARM_GCC_Support/ewl/lib/armv7e-m/fpu\librt.a(ROMCopy.o)

.debug_macinfo  0x00000000   0x8f0320
 .debug_macinfo
                0x00000000    0x7831d ./Generated_Code/timers.o
 .debug_macinfo
                0x0007831d    0x784a8 ./Generated_Code/tasks.o
 .debug_macinfo
                0x000f07c5    0x77d6e ./Generated_Code/queue.o
 .debug_macinfo
                0x00168533    0x77d4f ./Generated_Code/port.o
 .debug_macinfo
                0x001e0282    0x76d63 ./Generated_Code/list.o
 .debug_macinfo
                0x00256fe5    0x775a0 ./Generated_Code/heap_2.o
 .debug_macinfo
                0x002ce585    0x72866 ./Generated_Code/UTIL1.o
 .debug_macinfo
                0x00340deb    0x72425 ./Generated_Code/MCUC1.o
 .debug_macinfo
                0x003b3210    0x7b536 ./Generated_Code/FRTOS1.o
 .debug_macinfo
                0x0042e746    0x7b60e ./Generated_Code/Cpu.o
 .debug_macinfo
                0x004a9d54     0x3f41 ./Project_Settings/Startup_Code/__arm_start.o
 .debug_macinfo
                0x004adc95     0x352a ./Project_Settings/Startup_Code/__arm_end.o
 .debug_macinfo
                0x004b11bf    0xf36bb ./Sources/main.o
 .debug_macinfo
                0x005a487a    0x7b59b ./Sources/SerialPorts.o
 .debug_macinfo
                0x0061fe15    0x68ab2 ./Sources/RGB.o
 .debug_macinfo
                0x006888c7    0x7b5b0 ./Sources/PWM_timers.o
 .debug_macinfo
                0x00703e77    0xf3587 ./Sources/Events.o
 .debug_macinfo
                0x007f73fe    0x7c802 ./Static_Code/System/Vectors.o
 .debug_macinfo
                0x00873c00    0x7c720 ./Static_Code/System/CPU_Init.o

.debug_line     0x00000000     0x85c7
 .debug_line    0x00000000      0x67c ./Generated_Code/timers.o
 .debug_line    0x0000067c      0xc4b ./Generated_Code/tasks.o
 .debug_line    0x000012c7      0x9b6 ./Generated_Code/queue.o
 .debug_line    0x00001c7d      0x57b ./Generated_Code/port.o
 .debug_line    0x000021f8      0x467 ./Generated_Code/list.o
 .debug_line    0x0000265f      0x48a ./Generated_Code/heap_2.o
 .debug_line    0x00002ae9      0xbd5 ./Generated_Code/UTIL1.o
 .debug_line    0x000036be      0x30a ./Generated_Code/MCUC1.o
 .debug_line    0x000039c8      0x45b ./Generated_Code/FRTOS1.o
 .debug_line    0x00003e23      0x58e ./Generated_Code/Cpu.o
 .debug_line    0x000043b1      0x299 ./Project_Settings/Startup_Code/__arm_start.o
 .debug_line    0x0000464a      0x265 ./Project_Settings/Startup_Code/__arm_end.o
 .debug_line    0x000048af      0x776 ./Sources/main.o
 .debug_line    0x00005025      0x62b ./Sources/SerialPorts.o
 .debug_line    0x00005650      0x2a1 ./Sources/RGB.o
 .debug_line    0x000058f1      0x4d1 ./Sources/PWM_timers.o
 .debug_line    0x00005dc2      0x74f ./Sources/Events.o
 .debug_line    0x00006511      0xc1e ./Static_Code/System/Vectors.o
 .debug_line    0x0000712f      0x5f2 ./Static_Code/System/CPU_Init.o
 .debug_line    0x00007721       0x94 C:/Freescale/CW MCU v10.7/MCU/ARM_GCC_Support/ewl/lib/armv7e-m/fpu\libc.a(exit.o)
 .debug_line    0x000077b5       0x7d C:/Freescale/CW MCU v10.7/MCU/ARM_GCC_Support/ewl/lib/armv7e-m/fpu\libc.a(strchr.o)
 .debug_line    0x00007832       0x8f C:/Freescale/CW MCU v10.7/MCU/ARM_GCC_Support/ewl/lib/armv7e-m/fpu\libc.a(memset.o)
 .debug_line    0x000078c1       0xcd C:/Freescale/CW MCU v10.7/MCU/ARM_GCC_Support/ewl/lib/armv7e-m/fpu\libc.a(__filll_mem.o)
 .debug_line    0x0000798e       0x8b C:/Freescale/CW MCU v10.7/MCU/ARM_GCC_Support/ewl/lib/armv7e-m/fpu\libc.a(memcpy.o)
 .debug_line    0x00007a19       0x83 C:/Freescale/CW MCU v10.7/MCU/ARM_GCC_Support/ewl/lib/armv7e-m/fpu\libc.a(strlen.o)
 .debug_line    0x00007a9c      0x2b4 C:/Freescale/CW MCU v10.7/MCU/ARM_GCC_Support/ewl/lib/armv7e-m/fpu\libc.a(printformat_.o)
 .debug_line    0x00007d50      0x2df C:/Freescale/CW MCU v10.7/MCU/ARM_GCC_Support/ewl/lib/armv7e-m/fpu\libc.a(scanformat_.o)
 .debug_line    0x0000802f      0x1a9 C:/Freescale/CW MCU v10.7/MCU/ARM_GCC_Support/ewl/lib/armv7e-m/fpu\libc.a(ctype_aeabi.o)
 .debug_line    0x000081d8      0x11b C:/Freescale/CW MCU v10.7/MCU/ARM_GCC_Support/ewl/lib/armv7e-m/fpu\libc.a(__strtoul.o)
 .debug_line    0x000082f3       0x9f C:/Freescale/CW MCU v10.7/MCU/ARM_GCC_Support/ewl/lib/armv7e-m/fpu\libc.a(memchr.o)
 .debug_line    0x00008392       0x67 C:/Freescale/CW MCU v10.7/MCU/ARM_GCC_Support/ewl/lib/armv7e-m/fpu\librt.a(gcc_ctor_dtor.o)
 .debug_line    0x000083f9      0x125 C:/Freescale/CW MCU v10.7/MCU/ARM_GCC_Support/ewl/lib/armv7e-m/fpu\librt.a(__arm_eabi_init.o)
 .debug_line    0x0000851e       0xa9 C:/Freescale/CW MCU v10.7/MCU/ARM_GCC_Support/ewl/lib/armv7e-m/fpu\librt.a(ROMCopy.o)

.debug_str      0x00000000     0x40b4
 .debug_str     0x00000000      0x61e ./Generated_Code/timers.o
                                0x6af (size before relaxing)
 .debug_str     0x0000061e      0xc49 ./Generated_Code/tasks.o
                                0xeb6 (size before relaxing)
 .debug_str     0x00001267      0x582 ./Generated_Code/queue.o
                                0x890 (size before relaxing)
 .debug_str     0x000017e9      0x268 ./Generated_Code/port.o
                                0x3ce (size before relaxing)
 .debug_str     0x00001a51       0xa6 ./Generated_Code/list.o
                                0x276 (size before relaxing)
 .debug_str     0x00001af7      0x15e ./Generated_Code/heap_2.o
                                0x2bf (size before relaxing)
 .debug_str     0x00001c55      0x776 ./Generated_Code/UTIL1.o
                                0x8cd (size before relaxing)
 .debug_str     0x000023cb       0x32 ./Generated_Code/MCUC1.o
                                0x13a (size before relaxing)
 .debug_str     0x000023fd       0x5d ./Generated_Code/FRTOS1.o
                                0x198 (size before relaxing)
 .debug_str     0x0000245a       0x91 ./Generated_Code/Cpu.o
                                0x1a6 (size before relaxing)
 .debug_str     0x000024eb       0x85 ./Project_Settings/Startup_Code/__arm_start.o
                                0x194 (size before relaxing)
 .debug_str     0x00002570       0x41 ./Project_Settings/Startup_Code/__arm_end.o
                                 0xcb (size before relaxing)
 .debug_str     0x000025b1       0x9d ./Sources/main.o
                                0x1de (size before relaxing)
 .debug_str     0x0000264e      0x297 ./Sources/SerialPorts.o
                                0x4a0 (size before relaxing)
 .debug_str     0x000028e5       0x44 ./Sources/RGB.o
                                0x293 (size before relaxing)
 .debug_str     0x00002929       0x4a ./Sources/PWM_timers.o
                                0x361 (size before relaxing)
 .debug_str     0x00002973       0x85 ./Sources/Events.o
                                0x222 (size before relaxing)
 .debug_str     0x000029f8      0xa0e ./Static_Code/System/Vectors.o
                                0xb97 (size before relaxing)
 .debug_str     0x00003406      0x438 ./Static_Code/System/CPU_Init.o
                                0x692 (size before relaxing)
 .debug_str     0x0000383e       0x54 C:/Freescale/CW MCU v10.7/MCU/ARM_GCC_Support/ewl/lib/armv7e-m/fpu\libc.a(exit.o)
                                0x157 (size before relaxing)
 .debug_str     0x00003892       0x1c C:/Freescale/CW MCU v10.7/MCU/ARM_GCC_Support/ewl/lib/armv7e-m/fpu\libc.a(strchr.o)
                                0x137 (size before relaxing)
 .debug_str     0x000038ae       0x1c C:/Freescale/CW MCU v10.7/MCU/ARM_GCC_Support/ewl/lib/armv7e-m/fpu\libc.a(memset.o)
                                0x140 (size before relaxing)
 .debug_str     0x000038ca       0x2d C:/Freescale/CW MCU v10.7/MCU/ARM_GCC_Support/ewl/lib/armv7e-m/fpu\libc.a(__filll_mem.o)
                                0x152 (size before relaxing)
 .debug_str     0x000038f7       0x1c C:/Freescale/CW MCU v10.7/MCU/ARM_GCC_Support/ewl/lib/armv7e-m/fpu\libc.a(memcpy.o)
                                0x138 (size before relaxing)
 .debug_str     0x00003913       0x1c C:/Freescale/CW MCU v10.7/MCU/ARM_GCC_Support/ewl/lib/armv7e-m/fpu\libc.a(strlen.o)
                                0x140 (size before relaxing)
 .debug_str     0x0000392f      0x233 C:/Freescale/CW MCU v10.7/MCU/ARM_GCC_Support/ewl/lib/armv7e-m/fpu\libc.a(printformat_.o)
                                0x3b3 (size before relaxing)
 .debug_str     0x00003b62      0x184 C:/Freescale/CW MCU v10.7/MCU/ARM_GCC_Support/ewl/lib/armv7e-m/fpu\libc.a(scanformat_.o)
                                0x3f9 (size before relaxing)
 .debug_str     0x00003ce6       0x9d C:/Freescale/CW MCU v10.7/MCU/ARM_GCC_Support/ewl/lib/armv7e-m/fpu\libc.a(ctype_aeabi.o)
                                0x1bc (size before relaxing)
 .debug_str     0x00003d83       0x5b C:/Freescale/CW MCU v10.7/MCU/ARM_GCC_Support/ewl/lib/armv7e-m/fpu\libc.a(__strtoul.o)
                                0x1fb (size before relaxing)
 .debug_str     0x00003dde       0x1c C:/Freescale/CW MCU v10.7/MCU/ARM_GCC_Support/ewl/lib/armv7e-m/fpu\libc.a(memchr.o)
                                0x148 (size before relaxing)
 .debug_str     0x00003dfa      0x126 C:/Freescale/CW MCU v10.7/MCU/ARM_GCC_Support/ewl/lib/armv7e-m/fpu\librt.a(gcc_ctor_dtor.o)
                                0x181 (size before relaxing)
 .debug_str     0x00003f20       0xf8 C:/Freescale/CW MCU v10.7/MCU/ARM_GCC_Support/ewl/lib/armv7e-m/fpu\librt.a(__arm_eabi_init.o)
                                0x1bf (size before relaxing)
 .debug_str     0x00004018       0x9c C:/Freescale/CW MCU v10.7/MCU/ARM_GCC_Support/ewl/lib/armv7e-m/fpu\librt.a(ROMCopy.o)
                                0x13c (size before relaxing)

.comment        0x00000000       0x79
 .comment       0x00000000       0x79 ./Generated_Code/timers.o
                                 0x7a (size before relaxing)
 .comment       0x00000000       0x7a ./Generated_Code/tasks.o
 .comment       0x00000000       0x7a ./Generated_Code/queue.o
 .comment       0x00000000       0x7a ./Generated_Code/port.o
 .comment       0x00000000       0x7a ./Generated_Code/list.o
 .comment       0x00000000       0x7a ./Generated_Code/heap_2.o
 .comment       0x00000000       0x7a ./Generated_Code/UTIL1.o
 .comment       0x00000000       0x7a ./Generated_Code/MCUC1.o
 .comment       0x00000000       0x7a ./Generated_Code/FRTOS1.o
 .comment       0x00000000       0x7a ./Generated_Code/Cpu.o
 .comment       0x00000000       0x7a ./Project_Settings/Startup_Code/__arm_start.o
 .comment       0x00000000       0x7a ./Project_Settings/Startup_Code/__arm_end.o
 .comment       0x00000000       0x7a ./Sources/main.o
 .comment       0x00000000       0x7a ./Sources/SerialPorts.o
 .comment       0x00000000       0x7a ./Sources/RGB.o
 .comment       0x00000000       0x7a ./Sources/PWM_timers.o
 .comment       0x00000000       0x7a ./Sources/Events.o
 .comment       0x00000000       0x7a ./Static_Code/System/Vectors.o
 .comment       0x00000000       0x7a ./Static_Code/System/CPU_Init.o
 .comment       0x00000000       0x7a C:/Freescale/CW MCU v10.7/MCU/ARM_GCC_Support/ewl/lib/armv7e-m/fpu\libc.a(exit.o)
 .comment       0x00000000       0x7a C:/Freescale/CW MCU v10.7/MCU/ARM_GCC_Support/ewl/lib/armv7e-m/fpu\libc.a(strchr.o)
 .comment       0x00000000       0x7a C:/Freescale/CW MCU v10.7/MCU/ARM_GCC_Support/ewl/lib/armv7e-m/fpu\libc.a(memset.o)
 .comment       0x00000000       0x7a C:/Freescale/CW MCU v10.7/MCU/ARM_GCC_Support/ewl/lib/armv7e-m/fpu\libc.a(__filll_mem.o)
 .comment       0x00000000       0x7a C:/Freescale/CW MCU v10.7/MCU/ARM_GCC_Support/ewl/lib/armv7e-m/fpu\libc.a(memcpy.o)
 .comment       0x00000000       0x7a C:/Freescale/CW MCU v10.7/MCU/ARM_GCC_Support/ewl/lib/armv7e-m/fpu\libc.a(strlen.o)
 .comment       0x00000000       0x7a C:/Freescale/CW MCU v10.7/MCU/ARM_GCC_Support/ewl/lib/armv7e-m/fpu\libc.a(printformat_.o)
 .comment       0x00000000       0x7a C:/Freescale/CW MCU v10.7/MCU/ARM_GCC_Support/ewl/lib/armv7e-m/fpu\libc.a(scanformat_.o)
 .comment       0x00000000       0x7a C:/Freescale/CW MCU v10.7/MCU/ARM_GCC_Support/ewl/lib/armv7e-m/fpu\libc.a(ctype_aeabi.o)
 .comment       0x00000000       0x7a C:/Freescale/CW MCU v10.7/MCU/ARM_GCC_Support/ewl/lib/armv7e-m/fpu\libc.a(__strtoul.o)
 .comment       0x00000000       0x7a C:/Freescale/CW MCU v10.7/MCU/ARM_GCC_Support/ewl/lib/armv7e-m/fpu\libc.a(memchr.o)
 .comment       0x00000000       0x7a C:/Freescale/CW MCU v10.7/MCU/ARM_GCC_Support/ewl/lib/armv7e-m/fpu\librt.a(gcc_ctor_dtor.o)
 .comment       0x00000000       0x7a C:/Freescale/CW MCU v10.7/MCU/ARM_GCC_Support/ewl/lib/armv7e-m/fpu\librt.a(__arm_eabi_init.o)
 .comment       0x00000000       0x7a C:/Freescale/CW MCU v10.7/MCU/ARM_GCC_Support/ewl/lib/armv7e-m/fpu\librt.a(ROMCopy.o)

.debug_frame    0x00000000     0x2fac
 .debug_frame   0x00000000      0x274 ./Generated_Code/timers.o
 .debug_frame   0x00000274      0x6b8 ./Generated_Code/tasks.o
 .debug_frame   0x0000092c      0x430 ./Generated_Code/queue.o
 .debug_frame   0x00000d5c      0x1bc ./Generated_Code/port.o
 .debug_frame   0x00000f18       0x9c ./Generated_Code/list.o
 .debug_frame   0x00000fb4       0x9c ./Generated_Code/heap_2.o
 .debug_frame   0x00001050      0x868 ./Generated_Code/UTIL1.o
 .debug_frame   0x000018b8       0x40 ./Generated_Code/MCUC1.o
 .debug_frame   0x000018f8       0x5c ./Generated_Code/FRTOS1.o
 .debug_frame   0x00001954       0xbc ./Generated_Code/Cpu.o
 .debug_frame   0x00001a10       0x4c ./Project_Settings/Startup_Code/__arm_start.o
 .debug_frame   0x00001a5c       0x2c ./Project_Settings/Startup_Code/__arm_end.o
 .debug_frame   0x00001a88       0x68 ./Sources/main.o
 .debug_frame   0x00001af0      0x190 ./Sources/SerialPorts.o
 .debug_frame   0x00001c80       0x90 ./Sources/RGB.o
 .debug_frame   0x00001d10       0x68 ./Sources/PWM_timers.o
 .debug_frame   0x00001d78       0xd4 ./Sources/Events.o
 .debug_frame   0x00001e4c      0xcb0 ./Static_Code/System/Vectors.o
 .debug_frame   0x00002afc       0x9c ./Static_Code/System/CPU_Init.o
 .debug_frame   0x00002b98       0x28 C:/Freescale/CW MCU v10.7/MCU/ARM_GCC_Support/ewl/lib/armv7e-m/fpu\libc.a(exit.o)
 .debug_frame   0x00002bc0       0x20 C:/Freescale/CW MCU v10.7/MCU/ARM_GCC_Support/ewl/lib/armv7e-m/fpu\libc.a(strchr.o)
 .debug_frame   0x00002be0       0x28 C:/Freescale/CW MCU v10.7/MCU/ARM_GCC_Support/ewl/lib/armv7e-m/fpu\libc.a(memset.o)
 .debug_frame   0x00002c08       0x2c C:/Freescale/CW MCU v10.7/MCU/ARM_GCC_Support/ewl/lib/armv7e-m/fpu\libc.a(__filll_mem.o)
 .debug_frame   0x00002c34       0x28 C:/Freescale/CW MCU v10.7/MCU/ARM_GCC_Support/ewl/lib/armv7e-m/fpu\libc.a(memcpy.o)
 .debug_frame   0x00002c5c       0x20 C:/Freescale/CW MCU v10.7/MCU/ARM_GCC_Support/ewl/lib/armv7e-m/fpu\libc.a(strlen.o)
 .debug_frame   0x00002c7c       0x64 C:/Freescale/CW MCU v10.7/MCU/ARM_GCC_Support/ewl/lib/armv7e-m/fpu\libc.a(printformat_.o)
 .debug_frame   0x00002ce0       0x3c C:/Freescale/CW MCU v10.7/MCU/ARM_GCC_Support/ewl/lib/armv7e-m/fpu\libc.a(scanformat_.o)
 .debug_frame   0x00002d1c       0xf0 C:/Freescale/CW MCU v10.7/MCU/ARM_GCC_Support/ewl/lib/armv7e-m/fpu\libc.a(ctype_aeabi.o)
 .debug_frame   0x00002e0c       0x3c C:/Freescale/CW MCU v10.7/MCU/ARM_GCC_Support/ewl/lib/armv7e-m/fpu\libc.a(__strtoul.o)
 .debug_frame   0x00002e48       0x20 C:/Freescale/CW MCU v10.7/MCU/ARM_GCC_Support/ewl/lib/armv7e-m/fpu\libc.a(memchr.o)
 .debug_frame   0x00002e68       0x40 C:/Freescale/CW MCU v10.7/MCU/ARM_GCC_Support/ewl/lib/armv7e-m/fpu\librt.a(gcc_ctor_dtor.o)
 .debug_frame   0x00002ea8       0xbc C:/Freescale/CW MCU v10.7/MCU/ARM_GCC_Support/ewl/lib/armv7e-m/fpu\librt.a(__arm_eabi_init.o)
 .debug_frame   0x00002f64       0x48 C:/Freescale/CW MCU v10.7/MCU/ARM_GCC_Support/ewl/lib/armv7e-m/fpu\librt.a(ROMCopy.o)
