Archive member included because of file (symbol)

C:/Freescale/CW MCU v10.7/MCU/ARM_GCC_Support/ewl/lib/armv7e-m/fpu\libc.a(exit.o)
                              ./Project_Settings/Startup_Code/__arm_start.o (exit)
C:/Freescale/CW MCU v10.7/MCU/ARM_GCC_Support/ewl/lib/armv7e-m/fpu\libc.a(memset.o)
                              ./Project_Settings/Startup_Code/__arm_start.o (memset)
C:/Freescale/CW MCU v10.7/MCU/ARM_GCC_Support/ewl/lib/armv7e-m/fpu\libc.a(__filll_mem.o)
                              C:/Freescale/CW MCU v10.7/MCU/ARM_GCC_Support/ewl/lib/armv7e-m/fpu\libc.a(memset.o) (__fill_mem)
C:/Freescale/CW MCU v10.7/MCU/ARM_GCC_Support/ewl/lib/armv7e-m/fpu\libc.a(printformat_.o)
                              (__pformatter_)
C:/Freescale/CW MCU v10.7/MCU/ARM_GCC_Support/ewl/lib/armv7e-m/fpu\libc.a(scanformat_.o)
                              (__sformatter)
C:/Freescale/CW MCU v10.7/MCU/ARM_GCC_Support/ewl/lib/armv7e-m/fpu\libc.a(ctype_aeabi.o)
                              C:/Freescale/CW MCU v10.7/MCU/ARM_GCC_Support/ewl/lib/armv7e-m/fpu\libc.a(scanformat_.o) (isspace)
C:/Freescale/CW MCU v10.7/MCU/ARM_GCC_Support/ewl/lib/armv7e-m/fpu\libc.a(__strtoul.o)
                              C:/Freescale/CW MCU v10.7/MCU/ARM_GCC_Support/ewl/lib/armv7e-m/fpu\libc.a(scanformat_.o) (__strtoul)
C:/Freescale/CW MCU v10.7/MCU/ARM_GCC_Support/ewl/lib/armv7e-m/fpu\libc.a(strchr.o)
                              C:/Freescale/CW MCU v10.7/MCU/ARM_GCC_Support/ewl/lib/armv7e-m/fpu\libc.a(printformat_.o) (strchr)
C:/Freescale/CW MCU v10.7/MCU/ARM_GCC_Support/ewl/lib/armv7e-m/fpu\libc.a(strlen.o)
                              C:/Freescale/CW MCU v10.7/MCU/ARM_GCC_Support/ewl/lib/armv7e-m/fpu\libc.a(printformat_.o) (strlen)
C:/Freescale/CW MCU v10.7/MCU/ARM_GCC_Support/ewl/lib/armv7e-m/fpu\libc.a(memchr.o)
                              C:/Freescale/CW MCU v10.7/MCU/ARM_GCC_Support/ewl/lib/armv7e-m/fpu\libc.a(printformat_.o) (memchr)
c:/freescale/cw mcu v10.7/cross_tools/arm-none-eabi-gcc-4_7_3/bin/../lib/gcc/arm-none-eabi/4.7.3/armv7e-m/fpu\libgcc.a(unwind-arm.o)
                              ./Sources/test2.o (__aeabi_unwind_cpp_pr0)
c:/freescale/cw mcu v10.7/cross_tools/arm-none-eabi-gcc-4_7_3/bin/../lib/gcc/arm-none-eabi/4.7.3/armv7e-m/fpu\libgcc.a(libunwind.o)
                              c:/freescale/cw mcu v10.7/cross_tools/arm-none-eabi-gcc-4_7_3/bin/../lib/gcc/arm-none-eabi/4.7.3/armv7e-m/fpu\libgcc.a(unwind-arm.o) (restore_core_regs)
c:/freescale/cw mcu v10.7/cross_tools/arm-none-eabi-gcc-4_7_3/bin/../lib/gcc/arm-none-eabi/4.7.3/armv7e-m/fpu\libgcc.a(pr-support.o)
                              c:/freescale/cw mcu v10.7/cross_tools/arm-none-eabi-gcc-4_7_3/bin/../lib/gcc/arm-none-eabi/4.7.3/armv7e-m/fpu\libgcc.a(unwind-arm.o) (__gnu_unwind_execute)
C:/Freescale/CW MCU v10.7/MCU/ARM_GCC_Support/ewl/lib/armv7e-m/fpu\librt.a(gcc_ctor_dtor.o)
                              ./Project_Settings/Startup_Code/__arm_start.o (__init_cpp)
C:/Freescale/CW MCU v10.7/MCU/ARM_GCC_Support/ewl/lib/armv7e-m/fpu\librt.a(__arm_eabi_init.o)
                              C:/Freescale/CW MCU v10.7/MCU/ARM_GCC_Support/ewl/lib/armv7e-m/fpu\libc.a(exit.o) (__destroy_global_chain)
C:/Freescale/CW MCU v10.7/MCU/ARM_GCC_Support/ewl/lib/armv7e-m/fpu\librt.a(ROMCopy.o)
                              ./Project_Settings/Startup_Code/__arm_start.o (__copy_rom_sections_to_ram)
C:/Freescale/CW MCU v10.7/MCU/ARM_GCC_Support/ewl/lib/armv7e-m/fpu\libc.a(abort.o)
                              c:/freescale/cw mcu v10.7/cross_tools/arm-none-eabi-gcc-4_7_3/bin/../lib/gcc/arm-none-eabi/4.7.3/armv7e-m/fpu\libgcc.a(unwind-arm.o) (abort)
C:/Freescale/CW MCU v10.7/MCU/ARM_GCC_Support/ewl/lib/armv7e-m/fpu\libc.a(memcpy.o)
                              c:/freescale/cw mcu v10.7/cross_tools/arm-none-eabi-gcc-4_7_3/bin/../lib/gcc/arm-none-eabi/4.7.3/armv7e-m/fpu\libgcc.a(unwind-arm.o) (memcpy)
C:/Freescale/CW MCU v10.7/MCU/ARM_GCC_Support/ewl/lib/armv7e-m/fpu\libc.a(raise.o)
                              C:/Freescale/CW MCU v10.7/MCU/ARM_GCC_Support/ewl/lib/armv7e-m/fpu\libc.a(abort.o) (raise)
C:/Freescale/CW MCU v10.7/MCU/ARM_GCC_Support/ewl/lib/armv7e-m/fpu\libc.a(signal.o)
                              C:/Freescale/CW MCU v10.7/MCU/ARM_GCC_Support/ewl/lib/armv7e-m/fpu\libc.a(raise.o) (signal_funcs)
C:/Freescale/CW MCU v10.7/MCU/ARM_GCC_Support/ewl/lib/armv7e-m/fpu\libc.a(errno.o)
                              C:/Freescale/CW MCU v10.7/MCU/ARM_GCC_Support/ewl/lib/armv7e-m/fpu\libc.a(signal.o) (errno)

Allocating common symbols
Common symbol       size              file

alarm_b             0x6               ./Sources/main.o
runningTask         0x18              ./Sources/OperativeSystem.o
alarm_list          0xc               ./Sources/main.o
signal_funcs        0x1c              C:/Freescale/CW MCU v10.7/MCU/ARM_GCC_Support/ewl/lib/armv7e-m/fpu\libc.a(signal.o)
task_c              0x18              ./Sources/main.o
errno               0x4               C:/Freescale/CW MCU v10.7/MCU/ARM_GCC_Support/ewl/lib/armv7e-m/fpu\libc.a(errno.o)
nextTask            0x18              ./Sources/OperativeSystem.o
ready_queue         0x4               ./Sources/OperativeSystem.o
alarm_a             0x6               ./Sources/main.o
alarm_c             0x6               ./Sources/main.o
task_b              0x18              ./Sources/main.o
task                0x18              ./Sources/OperativeSystem.o
task_a              0x18              ./Sources/main.o
alarm_e             0x6               ./Sources/main.o
sp                  0x4               ./Sources/OperativeSystem.o
context_lr          0x4               ./Sources/OperativeSystem.o
context_sp          0x4               ./Sources/OperativeSystem.o
a                   0x4               ./Sources/OperativeSystem.o
context_pointer     0x4               ./Sources/OperativeSystem.o
alarm_d             0x6               ./Sources/main.o
task_arr            0xf0              ./Sources/main.o
task_d              0x18              ./Sources/main.o

Discarded input sections

 .text          0x00000000        0x0 ./Project_Settings/Startup_Code/kinetis_sysinit.o
 .data          0x00000000        0x0 ./Project_Settings/Startup_Code/kinetis_sysinit.o
 .bss           0x00000000        0x0 ./Project_Settings/Startup_Code/kinetis_sysinit.o
 .text          0x00000000        0x0 ./Project_Settings/Startup_Code/__arm_start.o
 .data          0x00000000        0x0 ./Project_Settings/Startup_Code/__arm_start.o
 .bss           0x00000000        0x0 ./Project_Settings/Startup_Code/__arm_start.o
 .text.__iar_program_start
                0x00000000        0x4 ./Project_Settings/Startup_Code/__arm_start.o
 .text          0x00000000        0x0 ./Project_Settings/Startup_Code/__arm_end.o
 .data          0x00000000        0x0 ./Project_Settings/Startup_Code/__arm_end.o
 .bss           0x00000000        0x0 ./Project_Settings/Startup_Code/__arm_end.o
 .text          0x00000000        0xc ./Sources/test2.o
 .data          0x00000000        0x0 ./Sources/test2.o
 .bss           0x00000000        0x0 ./Sources/test2.o
 .ARM.extab     0x00000000        0x0 ./Sources/test2.o
 .ARM.exidx     0x00000000        0x8 ./Sources/test2.o
 .ARM.attributes
                0x00000000       0x27 ./Sources/test2.o
 .debug_line    0x00000000       0x43 ./Sources/test2.o
 .debug_info    0x00000000       0x6e ./Sources/test2.o
 .debug_abbrev  0x00000000       0x14 ./Sources/test2.o
 .debug_aranges
                0x00000000       0x20 ./Sources/test2.o
 .text          0x00000000        0x8 ./Sources/test.o
 .data          0x00000000        0x0 ./Sources/test.o
 .bss           0x00000000        0x0 ./Sources/test.o
 .ARM.extab     0x00000000        0x0 ./Sources/test.o
 .ARM.exidx     0x00000000        0x8 ./Sources/test.o
 .ARM.attributes
                0x00000000       0x27 ./Sources/test.o
 .debug_line    0x00000000       0x41 ./Sources/test.o
 .debug_info    0x00000000       0x6d ./Sources/test.o
 .debug_abbrev  0x00000000       0x14 ./Sources/test.o
 .debug_aranges
                0x00000000       0x20 ./Sources/test.o
 .data          0x00000000        0x0 ./Sources/set_lr_sp.o
 .bss           0x00000000        0x0 ./Sources/set_lr_sp.o
 .ARM.extab     0x00000000        0x0 ./Sources/set_lr_sp.o
 .data          0x00000000        0x0 ./Sources/restore_context.o
 .bss           0x00000000        0x0 ./Sources/restore_context.o
 .ARM.extab     0x00000000        0x0 ./Sources/restore_context.o
 .text          0x00000000        0x0 ./Sources/main.o
 .data          0x00000000        0x0 ./Sources/main.o
 .bss           0x00000000        0x0 ./Sources/main.o
 .text          0x00000000        0x0 ./Sources/User.o
 .data          0x00000000        0x0 ./Sources/User.o
 .bss           0x00000000        0x0 ./Sources/User.o
 .text          0x00000000        0x0 ./Sources/RGB.o
 .data          0x00000000        0x0 ./Sources/RGB.o
 .bss           0x00000000        0x0 ./Sources/RGB.o
 .text          0x00000000        0x0 ./Sources/Queue.o
 .data          0x00000000        0x0 ./Sources/Queue.o
 .bss           0x00000000        0x0 ./Sources/Queue.o
 .text.TaskList_Full
                0x00000000       0x30 ./Sources/Queue.o
 .text.TaskList_TaskNumber
                0x00000000       0x28 ./Sources/Queue.o
 .text          0x00000000        0x0 ./Sources/OperativeSystem.o
 .data          0x00000000        0x0 ./Sources/OperativeSystem.o
 .bss           0x00000000        0x0 ./Sources/OperativeSystem.o
 .text          0x00000000        0x0 ./Sources/Alarms.o
 .data          0x00000000        0x0 ./Sources/Alarms.o
 .bss           0x00000000        0x0 ./Sources/Alarms.o
 .text.GetAlarmBase
                0x00000000       0x34 ./Sources/Alarms.o
 .text.SetRelAlarm
                0x00000000       0x38 ./Sources/Alarms.o
 .text.SetAbsAlarm
                0x00000000       0x38 ./Sources/Alarms.o
 .text.CancelAlarm
                0x00000000       0x34 ./Sources/Alarms.o
 .text.GetAlarm
                0x00000000       0x3c ./Sources/Alarms.o
 .text          0x00000000        0x0 C:/Freescale/CW MCU v10.7/MCU/ARM_GCC_Support/ewl/lib/armv7e-m/fpu\libc.a(exit.o)
 .data          0x00000000        0x0 C:/Freescale/CW MCU v10.7/MCU/ARM_GCC_Support/ewl/lib/armv7e-m/fpu\libc.a(exit.o)
 .bss           0x00000000        0x0 C:/Freescale/CW MCU v10.7/MCU/ARM_GCC_Support/ewl/lib/armv7e-m/fpu\libc.a(exit.o)
 .text          0x00000000        0x0 C:/Freescale/CW MCU v10.7/MCU/ARM_GCC_Support/ewl/lib/armv7e-m/fpu\libc.a(memset.o)
 .data          0x00000000        0x0 C:/Freescale/CW MCU v10.7/MCU/ARM_GCC_Support/ewl/lib/armv7e-m/fpu\libc.a(memset.o)
 .bss           0x00000000        0x0 C:/Freescale/CW MCU v10.7/MCU/ARM_GCC_Support/ewl/lib/armv7e-m/fpu\libc.a(memset.o)
 .text          0x00000000        0x0 C:/Freescale/CW MCU v10.7/MCU/ARM_GCC_Support/ewl/lib/armv7e-m/fpu\libc.a(__filll_mem.o)
 .data          0x00000000        0x0 C:/Freescale/CW MCU v10.7/MCU/ARM_GCC_Support/ewl/lib/armv7e-m/fpu\libc.a(__filll_mem.o)
 .bss           0x00000000        0x0 C:/Freescale/CW MCU v10.7/MCU/ARM_GCC_Support/ewl/lib/armv7e-m/fpu\libc.a(__filll_mem.o)
 .text          0x00000000        0x0 C:/Freescale/CW MCU v10.7/MCU/ARM_GCC_Support/ewl/lib/armv7e-m/fpu\libc.a(printformat_.o)
 .data          0x00000000        0x0 C:/Freescale/CW MCU v10.7/MCU/ARM_GCC_Support/ewl/lib/armv7e-m/fpu\libc.a(printformat_.o)
 .bss           0x00000000        0x0 C:/Freescale/CW MCU v10.7/MCU/ARM_GCC_Support/ewl/lib/armv7e-m/fpu\libc.a(printformat_.o)
 .text          0x00000000        0x0 C:/Freescale/CW MCU v10.7/MCU/ARM_GCC_Support/ewl/lib/armv7e-m/fpu\libc.a(scanformat_.o)
 .data          0x00000000        0x0 C:/Freescale/CW MCU v10.7/MCU/ARM_GCC_Support/ewl/lib/armv7e-m/fpu\libc.a(scanformat_.o)
 .bss           0x00000000        0x0 C:/Freescale/CW MCU v10.7/MCU/ARM_GCC_Support/ewl/lib/armv7e-m/fpu\libc.a(scanformat_.o)
 .text          0x00000000        0x0 C:/Freescale/CW MCU v10.7/MCU/ARM_GCC_Support/ewl/lib/armv7e-m/fpu\libc.a(ctype_aeabi.o)
 .data          0x00000000        0x0 C:/Freescale/CW MCU v10.7/MCU/ARM_GCC_Support/ewl/lib/armv7e-m/fpu\libc.a(ctype_aeabi.o)
 .bss           0x00000000        0x0 C:/Freescale/CW MCU v10.7/MCU/ARM_GCC_Support/ewl/lib/armv7e-m/fpu\libc.a(ctype_aeabi.o)
 .text.isalnum  0x00000000       0x18 C:/Freescale/CW MCU v10.7/MCU/ARM_GCC_Support/ewl/lib/armv7e-m/fpu\libc.a(ctype_aeabi.o)
 .text.iscntrl  0x00000000       0x1c C:/Freescale/CW MCU v10.7/MCU/ARM_GCC_Support/ewl/lib/armv7e-m/fpu\libc.a(ctype_aeabi.o)
 .text.isdigit  0x00000000        0xc C:/Freescale/CW MCU v10.7/MCU/ARM_GCC_Support/ewl/lib/armv7e-m/fpu\libc.a(ctype_aeabi.o)
 .text.isgraph  0x00000000       0x18 C:/Freescale/CW MCU v10.7/MCU/ARM_GCC_Support/ewl/lib/armv7e-m/fpu\libc.a(ctype_aeabi.o)
 .text.islower  0x00000000       0x1c C:/Freescale/CW MCU v10.7/MCU/ARM_GCC_Support/ewl/lib/armv7e-m/fpu\libc.a(ctype_aeabi.o)
 .text.isprint  0x00000000       0x18 C:/Freescale/CW MCU v10.7/MCU/ARM_GCC_Support/ewl/lib/armv7e-m/fpu\libc.a(ctype_aeabi.o)
 .text.ispunct  0x00000000       0x1c C:/Freescale/CW MCU v10.7/MCU/ARM_GCC_Support/ewl/lib/armv7e-m/fpu\libc.a(ctype_aeabi.o)
 .text.isupper  0x00000000       0x1c C:/Freescale/CW MCU v10.7/MCU/ARM_GCC_Support/ewl/lib/armv7e-m/fpu\libc.a(ctype_aeabi.o)
 .text.isxdigit
                0x00000000       0x1c C:/Freescale/CW MCU v10.7/MCU/ARM_GCC_Support/ewl/lib/armv7e-m/fpu\libc.a(ctype_aeabi.o)
 .text.isblank  0x00000000       0x28 C:/Freescale/CW MCU v10.7/MCU/ARM_GCC_Support/ewl/lib/armv7e-m/fpu\libc.a(ctype_aeabi.o)
 .text.tolower  0x00000000        0xc C:/Freescale/CW MCU v10.7/MCU/ARM_GCC_Support/ewl/lib/armv7e-m/fpu\libc.a(ctype_aeabi.o)
 .text          0x00000000        0x0 C:/Freescale/CW MCU v10.7/MCU/ARM_GCC_Support/ewl/lib/armv7e-m/fpu\libc.a(__strtoul.o)
 .data          0x00000000        0x0 C:/Freescale/CW MCU v10.7/MCU/ARM_GCC_Support/ewl/lib/armv7e-m/fpu\libc.a(__strtoul.o)
 .bss           0x00000000        0x0 C:/Freescale/CW MCU v10.7/MCU/ARM_GCC_Support/ewl/lib/armv7e-m/fpu\libc.a(__strtoul.o)
 .text          0x00000000        0x0 C:/Freescale/CW MCU v10.7/MCU/ARM_GCC_Support/ewl/lib/armv7e-m/fpu\libc.a(strchr.o)
 .data          0x00000000        0x0 C:/Freescale/CW MCU v10.7/MCU/ARM_GCC_Support/ewl/lib/armv7e-m/fpu\libc.a(strchr.o)
 .bss           0x00000000        0x0 C:/Freescale/CW MCU v10.7/MCU/ARM_GCC_Support/ewl/lib/armv7e-m/fpu\libc.a(strchr.o)
 .text          0x00000000        0x0 C:/Freescale/CW MCU v10.7/MCU/ARM_GCC_Support/ewl/lib/armv7e-m/fpu\libc.a(strlen.o)
 .data          0x00000000        0x0 C:/Freescale/CW MCU v10.7/MCU/ARM_GCC_Support/ewl/lib/armv7e-m/fpu\libc.a(strlen.o)
 .bss           0x00000000        0x0 C:/Freescale/CW MCU v10.7/MCU/ARM_GCC_Support/ewl/lib/armv7e-m/fpu\libc.a(strlen.o)
 .text          0x00000000        0x0 C:/Freescale/CW MCU v10.7/MCU/ARM_GCC_Support/ewl/lib/armv7e-m/fpu\libc.a(memchr.o)
 .data          0x00000000        0x0 C:/Freescale/CW MCU v10.7/MCU/ARM_GCC_Support/ewl/lib/armv7e-m/fpu\libc.a(memchr.o)
 .bss           0x00000000        0x0 C:/Freescale/CW MCU v10.7/MCU/ARM_GCC_Support/ewl/lib/armv7e-m/fpu\libc.a(memchr.o)
 .data          0x00000000        0x0 c:/freescale/cw mcu v10.7/cross_tools/arm-none-eabi-gcc-4_7_3/bin/../lib/gcc/arm-none-eabi/4.7.3/armv7e-m/fpu\libgcc.a(unwind-arm.o)
 .bss           0x00000000        0x0 c:/freescale/cw mcu v10.7/cross_tools/arm-none-eabi-gcc-4_7_3/bin/../lib/gcc/arm-none-eabi/4.7.3/armv7e-m/fpu\libgcc.a(unwind-arm.o)
 .ARM.attributes
                0x00000000       0x36 c:/freescale/cw mcu v10.7/cross_tools/arm-none-eabi-gcc-4_7_3/bin/../lib/gcc/arm-none-eabi/4.7.3/armv7e-m/fpu\libgcc.a(unwind-arm.o)
 .debug_frame   0x00000000      0x2a0 c:/freescale/cw mcu v10.7/cross_tools/arm-none-eabi-gcc-4_7_3/bin/../lib/gcc/arm-none-eabi/4.7.3/armv7e-m/fpu\libgcc.a(unwind-arm.o)
 .data          0x00000000        0x0 c:/freescale/cw mcu v10.7/cross_tools/arm-none-eabi-gcc-4_7_3/bin/../lib/gcc/arm-none-eabi/4.7.3/armv7e-m/fpu\libgcc.a(libunwind.o)
 .bss           0x00000000        0x0 c:/freescale/cw mcu v10.7/cross_tools/arm-none-eabi-gcc-4_7_3/bin/../lib/gcc/arm-none-eabi/4.7.3/armv7e-m/fpu\libgcc.a(libunwind.o)
 .ARM.attributes
                0x00000000       0x24 c:/freescale/cw mcu v10.7/cross_tools/arm-none-eabi-gcc-4_7_3/bin/../lib/gcc/arm-none-eabi/4.7.3/armv7e-m/fpu\libgcc.a(libunwind.o)
 .data          0x00000000        0x0 c:/freescale/cw mcu v10.7/cross_tools/arm-none-eabi-gcc-4_7_3/bin/../lib/gcc/arm-none-eabi/4.7.3/armv7e-m/fpu\libgcc.a(pr-support.o)
 .bss           0x00000000        0x0 c:/freescale/cw mcu v10.7/cross_tools/arm-none-eabi-gcc-4_7_3/bin/../lib/gcc/arm-none-eabi/4.7.3/armv7e-m/fpu\libgcc.a(pr-support.o)
 .ARM.attributes
                0x00000000       0x36 c:/freescale/cw mcu v10.7/cross_tools/arm-none-eabi-gcc-4_7_3/bin/../lib/gcc/arm-none-eabi/4.7.3/armv7e-m/fpu\libgcc.a(pr-support.o)
 .debug_frame   0x00000000       0xe8 c:/freescale/cw mcu v10.7/cross_tools/arm-none-eabi-gcc-4_7_3/bin/../lib/gcc/arm-none-eabi/4.7.3/armv7e-m/fpu\libgcc.a(pr-support.o)
 .text          0x00000000        0x0 C:/Freescale/CW MCU v10.7/MCU/ARM_GCC_Support/ewl/lib/armv7e-m/fpu\librt.a(gcc_ctor_dtor.o)
 .data          0x00000000        0x0 C:/Freescale/CW MCU v10.7/MCU/ARM_GCC_Support/ewl/lib/armv7e-m/fpu\librt.a(gcc_ctor_dtor.o)
 .bss           0x00000000        0x0 C:/Freescale/CW MCU v10.7/MCU/ARM_GCC_Support/ewl/lib/armv7e-m/fpu\librt.a(gcc_ctor_dtor.o)
 .bss.__dso_handle
                0x00000000        0x4 C:/Freescale/CW MCU v10.7/MCU/ARM_GCC_Support/ewl/lib/armv7e-m/fpu\librt.a(gcc_ctor_dtor.o)
 .text          0x00000000        0x0 C:/Freescale/CW MCU v10.7/MCU/ARM_GCC_Support/ewl/lib/armv7e-m/fpu\librt.a(__arm_eabi_init.o)
 .data          0x00000000        0x0 C:/Freescale/CW MCU v10.7/MCU/ARM_GCC_Support/ewl/lib/armv7e-m/fpu\librt.a(__arm_eabi_init.o)
 .bss           0x00000000        0x0 C:/Freescale/CW MCU v10.7/MCU/ARM_GCC_Support/ewl/lib/armv7e-m/fpu\librt.a(__arm_eabi_init.o)
 .text.__register_global_object
                0x00000000       0x14 C:/Freescale/CW MCU v10.7/MCU/ARM_GCC_Support/ewl/lib/armv7e-m/fpu\librt.a(__arm_eabi_init.o)
 .text.__cxa_atexit
                0x00000000       0x38 C:/Freescale/CW MCU v10.7/MCU/ARM_GCC_Support/ewl/lib/armv7e-m/fpu\librt.a(__arm_eabi_init.o)
 .text.__aeabi_atexit
                0x00000000        0xa C:/Freescale/CW MCU v10.7/MCU/ARM_GCC_Support/ewl/lib/armv7e-m/fpu\librt.a(__arm_eabi_init.o)
 .text.__register_atexit
                0x00000000        0x8 C:/Freescale/CW MCU v10.7/MCU/ARM_GCC_Support/ewl/lib/armv7e-m/fpu\librt.a(__arm_eabi_init.o)
 .text.__init_hardware
                0x00000000        0x4 C:/Freescale/CW MCU v10.7/MCU/ARM_GCC_Support/ewl/lib/armv7e-m/fpu\librt.a(__arm_eabi_init.o)
 .bss.atexit_curr_func
                0x00000000        0x4 C:/Freescale/CW MCU v10.7/MCU/ARM_GCC_Support/ewl/lib/armv7e-m/fpu\librt.a(__arm_eabi_init.o)
 .bss.atexit_funcs
                0x00000000      0x300 C:/Freescale/CW MCU v10.7/MCU/ARM_GCC_Support/ewl/lib/armv7e-m/fpu\librt.a(__arm_eabi_init.o)
 .text          0x00000000        0x0 C:/Freescale/CW MCU v10.7/MCU/ARM_GCC_Support/ewl/lib/armv7e-m/fpu\librt.a(ROMCopy.o)
 .data          0x00000000        0x0 C:/Freescale/CW MCU v10.7/MCU/ARM_GCC_Support/ewl/lib/armv7e-m/fpu\librt.a(ROMCopy.o)
 .bss           0x00000000        0x0 C:/Freescale/CW MCU v10.7/MCU/ARM_GCC_Support/ewl/lib/armv7e-m/fpu\librt.a(ROMCopy.o)
 .text.__flush_cache
                0x00000000        0x2 C:/Freescale/CW MCU v10.7/MCU/ARM_GCC_Support/ewl/lib/armv7e-m/fpu\librt.a(ROMCopy.o)
 .text          0x00000000        0x0 C:/Freescale/CW MCU v10.7/MCU/ARM_GCC_Support/ewl/lib/armv7e-m/fpu\libc.a(abort.o)
 .data          0x00000000        0x0 C:/Freescale/CW MCU v10.7/MCU/ARM_GCC_Support/ewl/lib/armv7e-m/fpu\libc.a(abort.o)
 .bss           0x00000000        0x0 C:/Freescale/CW MCU v10.7/MCU/ARM_GCC_Support/ewl/lib/armv7e-m/fpu\libc.a(abort.o)
 .debug_info    0x00000000       0xb2 C:/Freescale/CW MCU v10.7/MCU/ARM_GCC_Support/ewl/lib/armv7e-m/fpu\libc.a(abort.o)
 .debug_abbrev  0x00000000       0x5c C:/Freescale/CW MCU v10.7/MCU/ARM_GCC_Support/ewl/lib/armv7e-m/fpu\libc.a(abort.o)
 .debug_loc     0x00000000       0x20 C:/Freescale/CW MCU v10.7/MCU/ARM_GCC_Support/ewl/lib/armv7e-m/fpu\libc.a(abort.o)
 .debug_aranges
                0x00000000       0x20 C:/Freescale/CW MCU v10.7/MCU/ARM_GCC_Support/ewl/lib/armv7e-m/fpu\libc.a(abort.o)
 .debug_line    0x00000000       0x77 C:/Freescale/CW MCU v10.7/MCU/ARM_GCC_Support/ewl/lib/armv7e-m/fpu\libc.a(abort.o)
 .debug_str     0x00000000      0x13f C:/Freescale/CW MCU v10.7/MCU/ARM_GCC_Support/ewl/lib/armv7e-m/fpu\libc.a(abort.o)
 .comment       0x00000000       0x7a C:/Freescale/CW MCU v10.7/MCU/ARM_GCC_Support/ewl/lib/armv7e-m/fpu\libc.a(abort.o)
 .ARM.attributes
                0x00000000       0x3b C:/Freescale/CW MCU v10.7/MCU/ARM_GCC_Support/ewl/lib/armv7e-m/fpu\libc.a(abort.o)
 .debug_frame   0x00000000       0x28 C:/Freescale/CW MCU v10.7/MCU/ARM_GCC_Support/ewl/lib/armv7e-m/fpu\libc.a(abort.o)
 .text          0x00000000        0x0 C:/Freescale/CW MCU v10.7/MCU/ARM_GCC_Support/ewl/lib/armv7e-m/fpu\libc.a(memcpy.o)
 .data          0x00000000        0x0 C:/Freescale/CW MCU v10.7/MCU/ARM_GCC_Support/ewl/lib/armv7e-m/fpu\libc.a(memcpy.o)
 .bss           0x00000000        0x0 C:/Freescale/CW MCU v10.7/MCU/ARM_GCC_Support/ewl/lib/armv7e-m/fpu\libc.a(memcpy.o)
 .debug_info    0x00000000      0x10f C:/Freescale/CW MCU v10.7/MCU/ARM_GCC_Support/ewl/lib/armv7e-m/fpu\libc.a(memcpy.o)
 .debug_abbrev  0x00000000       0x95 C:/Freescale/CW MCU v10.7/MCU/ARM_GCC_Support/ewl/lib/armv7e-m/fpu\libc.a(memcpy.o)
 .debug_loc     0x00000000       0x59 C:/Freescale/CW MCU v10.7/MCU/ARM_GCC_Support/ewl/lib/armv7e-m/fpu\libc.a(memcpy.o)
 .debug_aranges
                0x00000000       0x20 C:/Freescale/CW MCU v10.7/MCU/ARM_GCC_Support/ewl/lib/armv7e-m/fpu\libc.a(memcpy.o)
 .debug_line    0x00000000       0x8b C:/Freescale/CW MCU v10.7/MCU/ARM_GCC_Support/ewl/lib/armv7e-m/fpu\libc.a(memcpy.o)
 .debug_str     0x00000000      0x138 C:/Freescale/CW MCU v10.7/MCU/ARM_GCC_Support/ewl/lib/armv7e-m/fpu\libc.a(memcpy.o)
 .comment       0x00000000       0x7a C:/Freescale/CW MCU v10.7/MCU/ARM_GCC_Support/ewl/lib/armv7e-m/fpu\libc.a(memcpy.o)
 .ARM.attributes
                0x00000000       0x3b C:/Freescale/CW MCU v10.7/MCU/ARM_GCC_Support/ewl/lib/armv7e-m/fpu\libc.a(memcpy.o)
 .debug_frame   0x00000000       0x28 C:/Freescale/CW MCU v10.7/MCU/ARM_GCC_Support/ewl/lib/armv7e-m/fpu\libc.a(memcpy.o)
 .text          0x00000000        0x0 C:/Freescale/CW MCU v10.7/MCU/ARM_GCC_Support/ewl/lib/armv7e-m/fpu\libc.a(raise.o)
 .data          0x00000000        0x0 C:/Freescale/CW MCU v10.7/MCU/ARM_GCC_Support/ewl/lib/armv7e-m/fpu\libc.a(raise.o)
 .bss           0x00000000        0x0 C:/Freescale/CW MCU v10.7/MCU/ARM_GCC_Support/ewl/lib/armv7e-m/fpu\libc.a(raise.o)
 .debug_info    0x00000000      0x108 C:/Freescale/CW MCU v10.7/MCU/ARM_GCC_Support/ewl/lib/armv7e-m/fpu\libc.a(raise.o)
 .debug_abbrev  0x00000000       0xa6 C:/Freescale/CW MCU v10.7/MCU/ARM_GCC_Support/ewl/lib/armv7e-m/fpu\libc.a(raise.o)
 .debug_loc     0x00000000       0x7d C:/Freescale/CW MCU v10.7/MCU/ARM_GCC_Support/ewl/lib/armv7e-m/fpu\libc.a(raise.o)
 .debug_aranges
                0x00000000       0x20 C:/Freescale/CW MCU v10.7/MCU/ARM_GCC_Support/ewl/lib/armv7e-m/fpu\libc.a(raise.o)
 .debug_line    0x00000000       0x8a C:/Freescale/CW MCU v10.7/MCU/ARM_GCC_Support/ewl/lib/armv7e-m/fpu\libc.a(raise.o)
 .debug_str     0x00000000      0x161 C:/Freescale/CW MCU v10.7/MCU/ARM_GCC_Support/ewl/lib/armv7e-m/fpu\libc.a(raise.o)
 .comment       0x00000000       0x7a C:/Freescale/CW MCU v10.7/MCU/ARM_GCC_Support/ewl/lib/armv7e-m/fpu\libc.a(raise.o)
 .ARM.attributes
                0x00000000       0x3b C:/Freescale/CW MCU v10.7/MCU/ARM_GCC_Support/ewl/lib/armv7e-m/fpu\libc.a(raise.o)
 .debug_frame   0x00000000       0x2c C:/Freescale/CW MCU v10.7/MCU/ARM_GCC_Support/ewl/lib/armv7e-m/fpu\libc.a(raise.o)
 .text          0x00000000        0x0 C:/Freescale/CW MCU v10.7/MCU/ARM_GCC_Support/ewl/lib/armv7e-m/fpu\libc.a(signal.o)
 .data          0x00000000        0x0 C:/Freescale/CW MCU v10.7/MCU/ARM_GCC_Support/ewl/lib/armv7e-m/fpu\libc.a(signal.o)
 .bss           0x00000000        0x0 C:/Freescale/CW MCU v10.7/MCU/ARM_GCC_Support/ewl/lib/armv7e-m/fpu\libc.a(signal.o)
 .text.signal   0x00000000       0x28 C:/Freescale/CW MCU v10.7/MCU/ARM_GCC_Support/ewl/lib/armv7e-m/fpu\libc.a(signal.o)
 .debug_info    0x00000000      0x126 C:/Freescale/CW MCU v10.7/MCU/ARM_GCC_Support/ewl/lib/armv7e-m/fpu\libc.a(signal.o)
 .debug_abbrev  0x00000000       0xc6 C:/Freescale/CW MCU v10.7/MCU/ARM_GCC_Support/ewl/lib/armv7e-m/fpu\libc.a(signal.o)
 .debug_loc     0x00000000       0x3c C:/Freescale/CW MCU v10.7/MCU/ARM_GCC_Support/ewl/lib/armv7e-m/fpu\libc.a(signal.o)
 .debug_aranges
                0x00000000       0x20 C:/Freescale/CW MCU v10.7/MCU/ARM_GCC_Support/ewl/lib/armv7e-m/fpu\libc.a(signal.o)
 .debug_line    0x00000000       0x84 C:/Freescale/CW MCU v10.7/MCU/ARM_GCC_Support/ewl/lib/armv7e-m/fpu\libc.a(signal.o)
 .debug_str     0x00000000      0x179 C:/Freescale/CW MCU v10.7/MCU/ARM_GCC_Support/ewl/lib/armv7e-m/fpu\libc.a(signal.o)
 .comment       0x00000000       0x7a C:/Freescale/CW MCU v10.7/MCU/ARM_GCC_Support/ewl/lib/armv7e-m/fpu\libc.a(signal.o)
 .ARM.attributes
                0x00000000       0x3b C:/Freescale/CW MCU v10.7/MCU/ARM_GCC_Support/ewl/lib/armv7e-m/fpu\libc.a(signal.o)
 .debug_frame   0x00000000       0x20 C:/Freescale/CW MCU v10.7/MCU/ARM_GCC_Support/ewl/lib/armv7e-m/fpu\libc.a(signal.o)
 .text          0x00000000        0x0 C:/Freescale/CW MCU v10.7/MCU/ARM_GCC_Support/ewl/lib/armv7e-m/fpu\libc.a(errno.o)
 .data          0x00000000        0x0 C:/Freescale/CW MCU v10.7/MCU/ARM_GCC_Support/ewl/lib/armv7e-m/fpu\libc.a(errno.o)
 .bss           0x00000000        0x0 C:/Freescale/CW MCU v10.7/MCU/ARM_GCC_Support/ewl/lib/armv7e-m/fpu\libc.a(errno.o)
 .debug_info    0x00000000       0x9d C:/Freescale/CW MCU v10.7/MCU/ARM_GCC_Support/ewl/lib/armv7e-m/fpu\libc.a(errno.o)
 .debug_abbrev  0x00000000       0x44 C:/Freescale/CW MCU v10.7/MCU/ARM_GCC_Support/ewl/lib/armv7e-m/fpu\libc.a(errno.o)
 .debug_aranges
                0x00000000       0x18 C:/Freescale/CW MCU v10.7/MCU/ARM_GCC_Support/ewl/lib/armv7e-m/fpu\libc.a(errno.o)
 .debug_line    0x00000000       0x4d C:/Freescale/CW MCU v10.7/MCU/ARM_GCC_Support/ewl/lib/armv7e-m/fpu\libc.a(errno.o)
 .debug_str     0x00000000      0x12c C:/Freescale/CW MCU v10.7/MCU/ARM_GCC_Support/ewl/lib/armv7e-m/fpu\libc.a(errno.o)
 .comment       0x00000000       0x7a C:/Freescale/CW MCU v10.7/MCU/ARM_GCC_Support/ewl/lib/armv7e-m/fpu\libc.a(errno.o)
 .ARM.attributes
                0x00000000       0x3b C:/Freescale/CW MCU v10.7/MCU/ARM_GCC_Support/ewl/lib/armv7e-m/fpu\libc.a(errno.o)
 COMMON         0x00000000        0x4 C:/Freescale/CW MCU v10.7/MCU/ARM_GCC_Support/ewl/lib/armv7e-m/fpu\libc.a(errno.o)

Memory Configuration

Name             Origin             Length             Attributes
m_interrupts     0x00000000         0x00000198         xr
m_cfmprotrom     0x00000400         0x00000010         xr
m_text           0x00000800         0x000ff800         xr
m_data           0x1fff0000         0x00010000         xrw
m_data2          0x20000000         0x00030000         xrw
*default*        0x00000000         0xffffffff

Linker script and memory map

LOAD ./Project_Settings/Startup_Code/kinetis_sysinit.o
LOAD ./Project_Settings/Startup_Code/__arm_start.o
LOAD ./Project_Settings/Startup_Code/__arm_end.o
LOAD ./Sources/test2.o
LOAD ./Sources/test.o
LOAD ./Sources/set_lr_sp.o
LOAD ./Sources/restore_context.o
LOAD ./Sources/main.o
LOAD ./Sources/User.o
LOAD ./Sources/RGB.o
LOAD ./Sources/Queue.o
LOAD ./Sources/OperativeSystem.o
LOAD ./Sources/Alarms.o
                0x00002d2c                __pformatter = __pformatter_
                [0x00003124]                __sformatter = __sformatter
START GROUP
LOAD C:/Freescale/CW MCU v10.7/MCU/ARM_GCC_Support/ewl/lib/armv7e-m/fpu\libc.a
LOAD C:/Freescale/CW MCU v10.7/MCU/ARM_GCC_Support/ewl/lib/armv7e-m/fpu\libm.a
LOAD c:/freescale/cw mcu v10.7/cross_tools/arm-none-eabi-gcc-4_7_3/bin/../lib/gcc/arm-none-eabi/4.7.3/armv7e-m/fpu\libgcc.a
LOAD C:/Freescale/CW MCU v10.7/MCU/ARM_GCC_Support/ewl/lib/armv7e-m/fpu\librt.a
LOAD C:/Freescale/CW MCU v10.7/MCU/ARM_GCC_Support/ewl/lib/armv7e-m/fpu\libuart.a
END GROUP
                0x20000000                _estack = 0x20000000
                0x20000000                __SP_INIT = _estack
                0x00000800                __heap_size = 0x800
                0x00000800                __stack_size = 0x800

.interrupts     0x00000000      0x198
                0x00000000                __vector_table = .
                0x00000000                . = ALIGN (0x4)
 *(.vectortable)
 .vectortable   0x00000000      0x198 ./Project_Settings/Startup_Code/kinetis_sysinit.o
                0x00000000                InterruptVector
                0x00000198                . = ALIGN (0x4)

.cfmprotect     0x00000400        0x0
                0x00000400                . = ALIGN (0x4)
 *(.cfmconfig)
                0x00000400                . = ALIGN (0x4)

.text           0x00000800     0x3580
                0x00000800                . = ALIGN (0x4)
 *(.text)
 .text          0x00000800        0xc ./Sources/set_lr_sp.o
                0x00000800                set_lr_sp
 .text          0x0000080c        0xc ./Sources/restore_context.o
                0x0000080c                restore_context
 .text          0x00000818      0xba4 c:/freescale/cw mcu v10.7/cross_tools/arm-none-eabi-gcc-4_7_3/bin/../lib/gcc/arm-none-eabi/4.7.3/armv7e-m/fpu\libgcc.a(unwind-arm.o)
                0x00000adc                _Unwind_GetCFA
                0x00000ae0                __gnu_Unwind_RaiseException
                0x00000b40                __gnu_Unwind_ForcedUnwind
                0x00000b58                __gnu_Unwind_Resume
                0x00000b9c                __gnu_Unwind_Resume_or_Rethrow
                0x00000bb4                _Unwind_Complete
                0x00000bb8                _Unwind_DeleteException
                0x00000bc8                _Unwind_VRS_Get
                0x00000c04                _Unwind_VRS_Set
                0x00000fa0                __aeabi_unwind_cpp_pr2
                0x00000fa8                __aeabi_unwind_cpp_pr1
                0x00000fb0                __aeabi_unwind_cpp_pr0
                0x00000fb8                __gnu_Unwind_Backtrace
                0x00001024                _Unwind_VRS_Pop
 .text          0x000013bc      0x1ac c:/freescale/cw mcu v10.7/cross_tools/arm-none-eabi-gcc-4_7_3/bin/../lib/gcc/arm-none-eabi/4.7.3/armv7e-m/fpu\libgcc.a(libunwind.o)
                0x000013bc                __restore_core_regs
                0x000013bc                restore_core_regs
                0x000013d4                __gnu_Unwind_Restore_VFP
                0x000013dc                __gnu_Unwind_Save_VFP
                0x000013e4                __gnu_Unwind_Restore_VFP_D
                0x000013ec                __gnu_Unwind_Save_VFP_D
                0x000013f4                __gnu_Unwind_Restore_VFP_D_16_to_31
                0x000013fc                __gnu_Unwind_Save_VFP_D_16_to_31
                0x00001404                __gnu_Unwind_Restore_WMMXD
                0x00001448                __gnu_Unwind_Save_WMMXD
                0x0000148c                __gnu_Unwind_Restore_WMMXC
                0x000014a0                __gnu_Unwind_Save_WMMXC
                0x000014b4                ___Unwind_RaiseException
                0x000014b4                _Unwind_RaiseException
                0x000014d8                _Unwind_Resume
                0x000014d8                ___Unwind_Resume
                0x000014fc                _Unwind_Resume_or_Rethrow
                0x000014fc                ___Unwind_Resume_or_Rethrow
                0x00001520                _Unwind_ForcedUnwind
                0x00001520                ___Unwind_ForcedUnwind
                0x00001544                ___Unwind_Backtrace
                0x00001544                _Unwind_Backtrace
 .text          0x00001568      0x3a0 c:/freescale/cw mcu v10.7/cross_tools/arm-none-eabi-gcc-4_7_3/bin/../lib/gcc/arm-none-eabi/4.7.3/armv7e-m/fpu\libgcc.a(pr-support.o)
                0x000015b4                __gnu_unwind_execute
                0x000018b0                __gnu_unwind_frame
                0x000018d8                _Unwind_GetRegionStart
                0x000018e4                _Unwind_GetLanguageSpecificData
                0x000018f8                _Unwind_GetDataRelBase
                0x00001900                _Unwind_GetTextRelBase
 *(.text*)
 .text.Default_Handler
                0x00001908        0xc ./Project_Settings/Startup_Code/kinetis_sysinit.o
                0x00001908                RTC_Alarm_IRQHandler
                0x00001908                CAN0_Rx_Warning_IRQHandler
                0x00001908                CAN0_Err_IRQHandler
                0x00001908                I2C0_IRQHandler
                0x00001908                HardFault_Handler
                0x00001908                PDB_IRQHandler
                0x00001908                SysTick_Handler
                0x00001908                UART0_Status_IRQHandler
                0x00001908                PendSV_Handler
                0x00001908                NMI_Handler
                0x00001908                I2C1_IRQHandler
                0x00001908                UART3_Status_IRQHandler
                0x00001908                DMA2_IRQHandler
                0x00001908                PIT0_IRQHandler
                0x00001908                Watchdog_IRQHandler
                0x00001908                Bus_Fault_Handler
                0x00001908                CMP2_IRQHandler
                0x00001908                SWI_IRQHandler
                0x00001908                ADC0_IRQHandler
                0x00001908                ENET_MAC_Transmit_IRQHandler
                0x00001908                I2S0_Tx_IRQHandler
                0x00001908                CMT_IRQHandler
                0x00001908                UART1_Status_IRQHandler
                0x00001908                SPI1_IRQHandler
                0x00001908                DMA9_IRQHandler
                0x00001908                DMA14_IRQHandler
                0x00001908                CMP1_IRQHandler
                0x00001908                PORTD_IRQHandler
                0x00001908                PORTB_IRQHandler
                0x00001908                UART4_ERR_IRQHandler
                0x00001908                ADC1_IRQHandler
                0x00001908                I2C2_IRQHandler
                0x00001908                PIT2_IRQHandler
                0x00001908                I2S0_Rx_IRQHandler
                0x00001908                LPTimer_IRQHandler
                0x00001908                DMA5_IRQHandler
                0x00001908                FTM1_IRQHandler
                0x00001908                UART3_ERR_IRQHandler
                0x00001908                PIT3_IRQHandler
                0x00001908                SDHC_IRQHandler
                0x00001908                RTC_Seconds_IRQHandler
                0x00001908                MCG_IRQHandler
                0x00001908                ENET_MAC_Timer_IRQHandler
                0x00001908                UART2_ERR_IRQHandler
                0x00001908                DMA11_IRQHandler
                0x00001908                Tamper_Drylce_IRQHandler
                0x00001908                USB_OTG_IRQHandler
                0x00001908                Read_Collision_IRQHandler
                0x00001908                Default_Handler
                0x00001908                UART4_Status_IRQHandler
                0x00001908                DMA7_IRQHandler
                0x00001908                LLW_IRQHandler
                0x00001908                SPI2_IRQHandler
                0x00001908                USB_Charger_Detect_IRQHandler
                0x00001908                SVC_Handler
                0x00001908                Usage_Fault_Handler
                0x00001908                DMA13_IRQHandler
                0x00001908                DMA3_IRQHandler
                0x00001908                UART0_LON_IRQHandler
                0x00001908                RNG_IRQHandler
                0x00001908                DMA0_IRQHandler
                0x00001908                DMA15_IRQHandler
                0x00001908                DAC0_IRQHandler
                0x00001908                ENET_MAC_Error_IRQHandler
                0x00001908                DMA4_IRQHandler
                0x00001908                PIT1_IRQHandler
                0x00001908                UART0_ERR_IRQHandler
                0x00001908                DMA_Error_IRQHandler
                0x00001908                LVD_LVW_IRQHandler
                0x00001908                SPI0_IRQHandler
                0x00001908                CAN0_Tx_WarningIRQHandler
                0x00001908                FTM0_IRQHandler
                0x00001908                PORTA_IRQHandler
                0x00001908                DAC1_IRQHandler
                0x00001908                MCM_IRQHandler
                0x00001908                DMA12_IRQHandler
                0x00001908                Mem_Manage_Fault_Handler
                0x00001908                FTFL_IRQHandler
                0x00001908                CAN0_Bus_Off_IRQHandler
                0x00001908                FTM3_IRQHandler
                0x00001908                PORTE_IRQHandler
                0x00001908                CAN0_Message_buffer_IRQHandler
                0x00001908                FTM2_IRQHandler
                0x00001908                DMA8_IRQHandler
                0x00001908                DMA10_IRQHandler
                0x00001908                CAN0_Wake_Up_IRQHandler
                0x00001908                DebugMonitor_Handler
                0x00001908                UART1_ERR_IRQHandler
                0x00001908                CMP0_IRQHandler
                0x00001908                ENET_MAC_Receive_IRQHandler
                0x00001908                DMA6_IRQHandler
                0x00001908                UART2_Status_IRQHandler
                0x00001908                DMA1_IRQHandler
 .text.__init_hardware
                0x00001914       0x44 ./Project_Settings/Startup_Code/kinetis_sysinit.o
                0x00001914                __init_hardware
 .text.zero_fill_bss
                0x00001958       0x2c ./Project_Settings/Startup_Code/__arm_start.o
 .text.__thumb_startup
                0x00001984       0x34 ./Project_Settings/Startup_Code/__arm_start.o
                0x00001984                __thumb_startup
 .text._ExitProcess
                0x000019b8        0xc ./Project_Settings/Startup_Code/__arm_end.o
                0x000019b8                _ExitProcess
 .text.main     0x000019c4      0x270 ./Sources/main.o
                0x000019c4                main
 .text.Push_Btn
                0x00001c34       0x98 ./Sources/main.o
                0x00001c34                Push_Btn
 .text.PORTC_IRQHandler
                0x00001ccc       0x28 ./Sources/main.o
                0x00001ccc                PORTC_IRQHandler
 .text.TASK_A   0x00001cf4       0x4c ./Sources/User.o
                0x00001cf4                TASK_A
 .text.TASK_B   0x00001d40       0x30 ./Sources/User.o
                0x00001d40                TASK_B
 .text.TASK_C   0x00001d70       0x9c ./Sources/User.o
                0x00001d70                TASK_C
 .text.RGB_Init
                0x00001e0c       0x14 ./Sources/RGB.o
                0x00001e0c                RGB_Init
 .text.Blue_Led_Init
                0x00001e20       0x80 ./Sources/RGB.o
                0x00001e20                Blue_Led_Init
 .text.Red_Led_Init
                0x00001ea0       0x80 ./Sources/RGB.o
                0x00001ea0                Red_Led_Init
 .text.Green_Led_Init
                0x00001f20       0x80 ./Sources/RGB.o
                0x00001f20                Green_Led_Init
 .text.RGB      0x00001fa0       0xb8 ./Sources/RGB.o
                0x00001fa0                RGB
 .text.get_empty_TASK
                0x00002058       0x30 ./Sources/Queue.o
                0x00002058                get_empty_TASK
 .text.Queue_Add
                0x00002088       0x68 ./Sources/Queue.o
                0x00002088                Queue_Add
 .text.Queue_Next
                0x000020f0       0xa4 ./Sources/Queue.o
                0x000020f0                Queue_Next
 .text.Queue_Pt_Inc
                0x00002194       0x38 ./Sources/Queue.o
                0x00002194                Queue_Pt_Inc
 .text.TaskList_Empty
                0x000021cc       0x2c ./Sources/Queue.o
                0x000021cc                TaskList_Empty
 .text.Sort_TaskList
                0x000021f8      0x14c ./Sources/Queue.o
                0x000021f8                Sort_TaskList
 .text.ActivateTask
                0x00002344       0x88 ./Sources/OperativeSystem.o
                0x00002344                ActivateTask
 .text.AddTaskFromAlarm
                0x000023cc       0x64 ./Sources/OperativeSystem.o
                0x000023cc                AddTaskFromAlarm
 .text.ActivateTaskIRQ
                0x00002430       0x84 ./Sources/OperativeSystem.o
                0x00002430                ActivateTaskIRQ
 .text.RunNextTaskIRQ
                0x000024b4       0xec ./Sources/OperativeSystem.o
                0x000024b4                RunNextTaskIRQ
 .text.RunNextTask
                0x000025a0       0xf0 ./Sources/OperativeSystem.o
                0x000025a0                RunNextTask
 .text.ChainTask
                0x00002690       0x68 ./Sources/OperativeSystem.o
                0x00002690                ChainTask
 .text.TerminateTask
                0x000026f8       0x48 ./Sources/OperativeSystem.o
                0x000026f8                TerminateTask
 .text.CheckNextTask
                0x00002740       0x6c ./Sources/OperativeSystem.o
                0x00002740                CheckNextTask
 .text.RunTask  0x000027ac       0x8c ./Sources/OperativeSystem.o
                0x000027ac                RunTask
 .text.OS_init  0x00002838       0x58 ./Sources/OperativeSystem.o
                0x00002838                OS_init
 .text.checkAutoStartSetReady
                0x00002890       0xa4 ./Sources/OperativeSystem.o
                0x00002890                checkAutoStartSetReady
 .text.get_task_by_id
                0x00002934       0x40 ./Sources/OperativeSystem.o
                0x00002934                get_task_by_id
 .text.OS_save_context
                0x00002974       0x44 ./Sources/OperativeSystem.o
                0x00002974                OS_save_context
 .text.DecrementAlarmsTicks
                0x000029b8      0x124 ./Sources/Alarms.o
                0x000029b8                DecrementAlarmsTicks
 .text.exit     0x00002adc       0x38 C:/Freescale/CW MCU v10.7/MCU/ARM_GCC_Support/ewl/lib/armv7e-m/fpu\libc.a(exit.o)
                0x00002adc                exit
 .text.memset   0x00002b14        0xc C:/Freescale/CW MCU v10.7/MCU/ARM_GCC_Support/ewl/lib/armv7e-m/fpu\libc.a(memset.o)
                0x00002b14                memset
 .text.__fill_mem
                0x00002b20       0x76 C:/Freescale/CW MCU v10.7/MCU/ARM_GCC_Support/ewl/lib/armv7e-m/fpu\libc.a(__filll_mem.o)
                0x00002b20                __fill_mem
 .text.long2str.isra.0
                0x00002b96      0x196 C:/Freescale/CW MCU v10.7/MCU/ARM_GCC_Support/ewl/lib/armv7e-m/fpu\libc.a(printformat_.o)
 .text.__pformatter_
                0x00002d2c      0x3f8 C:/Freescale/CW MCU v10.7/MCU/ARM_GCC_Support/ewl/lib/armv7e-m/fpu\libc.a(printformat_.o)
                0x00002d2c                __pformatter_
 .text.__sformatter
                0x00003124      0x6f4 C:/Freescale/CW MCU v10.7/MCU/ARM_GCC_Support/ewl/lib/armv7e-m/fpu\libc.a(scanformat_.o)
                0x00003124                __sformatter
 .text.isalpha  0x00003818       0x1c C:/Freescale/CW MCU v10.7/MCU/ARM_GCC_Support/ewl/lib/armv7e-m/fpu\libc.a(ctype_aeabi.o)
                0x00003818                isalpha
 .text.isspace  0x00003834       0x1c C:/Freescale/CW MCU v10.7/MCU/ARM_GCC_Support/ewl/lib/armv7e-m/fpu\libc.a(ctype_aeabi.o)
                0x00003834                isspace
 .text.toupper  0x00003850        0xc C:/Freescale/CW MCU v10.7/MCU/ARM_GCC_Support/ewl/lib/armv7e-m/fpu\libc.a(ctype_aeabi.o)
                0x00003850                toupper
 .text.__strtoul
                0x0000385c      0x214 C:/Freescale/CW MCU v10.7/MCU/ARM_GCC_Support/ewl/lib/armv7e-m/fpu\libc.a(__strtoul.o)
                0x0000385c                __strtoul
 .text.strchr   0x00003a70       0x1a C:/Freescale/CW MCU v10.7/MCU/ARM_GCC_Support/ewl/lib/armv7e-m/fpu\libc.a(strchr.o)
                0x00003a70                strchr
 .text.strlen   0x00003a8a       0x10 C:/Freescale/CW MCU v10.7/MCU/ARM_GCC_Support/ewl/lib/armv7e-m/fpu\libc.a(strlen.o)
                0x00003a8a                strlen
 .text.memchr   0x00003a9a       0x18 C:/Freescale/CW MCU v10.7/MCU/ARM_GCC_Support/ewl/lib/armv7e-m/fpu\libc.a(memchr.o)
                0x00003a9a                memchr
 *fill*         0x00003ab2        0x2 00
 .text.__init_cpp
                0x00003ab4       0x4c C:/Freescale/CW MCU v10.7/MCU/ARM_GCC_Support/ewl/lib/armv7e-m/fpu\librt.a(gcc_ctor_dtor.o)
                0x00003ab4                __init_cpp
 .text.__fini_cpp
                0x00003b00       0x34 C:/Freescale/CW MCU v10.7/MCU/ARM_GCC_Support/ewl/lib/armv7e-m/fpu\librt.a(gcc_ctor_dtor.o)
                0x00003b00                __fini_cpp
 .text.__destroy_global_chain
                0x00003b34       0x18 C:/Freescale/CW MCU v10.7/MCU/ARM_GCC_Support/ewl/lib/armv7e-m/fpu\librt.a(__arm_eabi_init.o)
                0x00003b34                __destroy_global_chain
 .text.__init_registers
                0x00003b4c       0x24 C:/Freescale/CW MCU v10.7/MCU/ARM_GCC_Support/ewl/lib/armv7e-m/fpu\librt.a(__arm_eabi_init.o)
                0x00003b4c                __init_registers
 .text.__fp_init
                0x00003b70       0x1c C:/Freescale/CW MCU v10.7/MCU/ARM_GCC_Support/ewl/lib/armv7e-m/fpu\librt.a(__arm_eabi_init.o)
                0x00003b70                __fp_init
 .text.__init_user
                0x00003b8c        0x4 C:/Freescale/CW MCU v10.7/MCU/ARM_GCC_Support/ewl/lib/armv7e-m/fpu\librt.a(__arm_eabi_init.o)
                0x00003b8c                __init_user
 .text.__copy_rom_section
                0x00003b90       0x44 C:/Freescale/CW MCU v10.7/MCU/ARM_GCC_Support/ewl/lib/armv7e-m/fpu\librt.a(ROMCopy.o)
                0x00003b90                __copy_rom_section
 .text.__copy_rom_sections_to_ram
                0x00003bd4       0x30 C:/Freescale/CW MCU v10.7/MCU/ARM_GCC_Support/ewl/lib/armv7e-m/fpu\librt.a(ROMCopy.o)
                0x00003bd4                __copy_rom_sections_to_ram
 .text.abort    0x00003c04       0x24 C:/Freescale/CW MCU v10.7/MCU/ARM_GCC_Support/ewl/lib/armv7e-m/fpu\libc.a(abort.o)
                0x00003c04                abort
 .text.memcpy   0x00003c28       0x12 C:/Freescale/CW MCU v10.7/MCU/ARM_GCC_Support/ewl/lib/armv7e-m/fpu\libc.a(memcpy.o)
                0x00003c28                memcpy
 *fill*         0x00003c3a        0x2 00
 .text.raise    0x00003c3c       0x38 C:/Freescale/CW MCU v10.7/MCU/ARM_GCC_Support/ewl/lib/armv7e-m/fpu\libc.a(raise.o)
                0x00003c3c                raise
 *(.rodata)
 *(.rodata*)
 .rodata.str1.1
                0x00003c74        0x1 C:/Freescale/CW MCU v10.7/MCU/ARM_GCC_Support/ewl/lib/armv7e-m/fpu\libc.a(printformat_.o)
 .rodata.CSWTCH.20
                0x00003c75        0x5 C:/Freescale/CW MCU v10.7/MCU/ARM_GCC_Support/ewl/lib/armv7e-m/fpu\libc.a(printformat_.o)
 .rodata.CSWTCH.21
                0x00003c7a        0x5 C:/Freescale/CW MCU v10.7/MCU/ARM_GCC_Support/ewl/lib/armv7e-m/fpu\libc.a(printformat_.o)
 .rodata.__aeabi_ctype_table_C
                0x00003c7f      0x101 C:/Freescale/CW MCU v10.7/MCU/ARM_GCC_Support/ewl/lib/armv7e-m/fpu\libc.a(ctype_aeabi.o)
                0x00003c7f                __aeabi_ctype_table_C
 *(.glue_7)
 .glue_7        0x00000000        0x0 linker stubs
 *(.glue_7t)
 .glue_7t       0x00000000        0x0 linker stubs
 *(.eh_frame)
 *(.init)
 *(.fini)
                0x00003d80                . = ALIGN (0x4)
                0x00003d80                _etext = .

.vfp11_veneer   0x00003d80        0x0
 .vfp11_veneer  0x00000000        0x0 linker stubs

.v4_bx          0x00003d80        0x0
 .v4_bx         0x00000000        0x0 linker stubs

.iplt           0x00003d80        0x0
 .iplt          0x00000000        0x0 ./Project_Settings/Startup_Code/kinetis_sysinit.o

.ARM.extab      0x00003d80       0x30
 *(.ARM.extab* .gnu.linkonce.armextab.*)
 .ARM.extab     0x00003d80       0x18 c:/freescale/cw mcu v10.7/cross_tools/arm-none-eabi-gcc-4_7_3/bin/../lib/gcc/arm-none-eabi/4.7.3/armv7e-m/fpu\libgcc.a(unwind-arm.o)
 .ARM.extab     0x00003d98       0x18 c:/freescale/cw mcu v10.7/cross_tools/arm-none-eabi-gcc-4_7_3/bin/../lib/gcc/arm-none-eabi/4.7.3/armv7e-m/fpu\libgcc.a(pr-support.o)

.ARM            0x00003db0       0xd0
                0x00003db0                __exidx_start = .
 *(.ARM.exidx*)
 .ARM.exidx     0x00003db0        0x8 ./Sources/set_lr_sp.o
 .ARM.exidx     0x00003db8        0x0 ./Sources/restore_context.o
                                  0x8 (size before relaxing)
 .ARM.exidx     0x00003db8       0x90 c:/freescale/cw mcu v10.7/cross_tools/arm-none-eabi-gcc-4_7_3/bin/../lib/gcc/arm-none-eabi/4.7.3/armv7e-m/fpu\libgcc.a(unwind-arm.o)
                                 0xd8 (size before relaxing)
 .ARM.exidx     0x00003e48       0x38 c:/freescale/cw mcu v10.7/cross_tools/arm-none-eabi-gcc-4_7_3/bin/../lib/gcc/arm-none-eabi/4.7.3/armv7e-m/fpu\libgcc.a(pr-support.o)
                                 0x48 (size before relaxing)
                0x00003e80                __exidx_end = .

.rel.dyn        0x00003e80        0x0
 .rel.iplt      0x00000000        0x0 ./Project_Settings/Startup_Code/kinetis_sysinit.o

.ctors          0x00003e80        0x0
                0x00003e80                __CTOR_LIST__ = .
 *crtbegin.o(.ctors)
 *(EXCLUDE_FILE(*crtend.o) .ctors)
 *(SORT(.ctors.*))
 *(.ctors)
                0x00003e80                __CTOR_END__ = .

.dtors          0x00003e80        0x0
                0x00003e80                __DTOR_LIST__ = .
 *crtbegin.o(.dtors)
 *(EXCLUDE_FILE(*crtend.o) .dtors)
 *(SORT(.dtors.*))
 *(.dtors)
                0x00003e80                __DTOR_END__ = .

.preinit_array  0x00003e80        0x0
                0x00003e80                PROVIDE (__preinit_array_start, .)
 *(.preinit_array*)
                0x00003e80                PROVIDE (__preinit_array_end, .)

.init_array     0x00003e80        0x0
                0x00003e80                PROVIDE (__init_array_start, .)
 *(SORT(.init_array.*))
 *(.init_array*)
                0x00003e80                PROVIDE (__init_array_end, .)

.fini_array     0x00003e80        0x0
                0x00003e80                PROVIDE (__fini_array_start, .)
 *(SORT(.fini_array.*))
 *(.fini_array*)
                0x00003e80                PROVIDE (__fini_array_end, .)
                0x00003e80                ___ROM_AT = .

.data           0x1fff0000      0x1fc load address 0x00003e80
                0x1fff0000                . = ALIGN (0x4)
                0x1fff0000                _sdata = .
 *(.data)
 *(.data*)
 .data.empty    0x1fff0000       0x18 ./Sources/Queue.o
                0x1fff0000                empty
 .data.readyQueue
                0x1fff0018      0x1e4 ./Sources/OperativeSystem.o
                0x1fff0018                readyQueue
                0x1fff01fc                . = ALIGN (0x4)
                0x1fff01fc                _edata = .
                0x000001fc                ___data_size = (_edata - _sdata)
                0x0000407c                ___m_data2_ROMStart = (___ROM_AT + SIZEOF (.data))

.igot.plt       0x1fff01fc        0x0 load address 0x0000407c
 .igot.plt      0x00000000        0x0 ./Project_Settings/Startup_Code/kinetis_sysinit.o

.user_data2     0x20000000        0x0 load address 0x0000407c
                0x20000000                . = ALIGN (0x4)
                0x20000000                ___m_data2_RAMStart = .
 *(.data2)
                0x20000000                ___m_data2_RAMEnd = .
                0x20000000                . = ALIGN (0x4)
                0x00000000                ___m_data2_ROMSize = (___m_data2_RAMEnd - ___m_data2_RAMStart)
                0x20000000                . = ALIGN (0x4)

.bss            0x1fff01fc      0x21c load address 0x0000407c
                0x1fff01fc                __START_BSS = .
                0x1fff01fc                PROVIDE (__bss_start__, __START_BSS)
 *(.bss)
 *(.bss*)
 .bss.argv      0x1fff01fc        0x4 ./Project_Settings/Startup_Code/__arm_start.o
 .bss.__stdio_exit
                0x1fff0200        0x4 C:/Freescale/CW MCU v10.7/MCU/ARM_GCC_Support/ewl/lib/armv7e-m/fpu\libc.a(exit.o)
                0x1fff0200                __stdio_exit
 .bss.__console_exit
                0x1fff0204        0x4 C:/Freescale/CW MCU v10.7/MCU/ARM_GCC_Support/ewl/lib/armv7e-m/fpu\libc.a(exit.o)
                0x1fff0204                __console_exit
 .bss.__global_destructor_chain
                0x1fff0208        0x4 C:/Freescale/CW MCU v10.7/MCU/ARM_GCC_Support/ewl/lib/armv7e-m/fpu\librt.a(__arm_eabi_init.o)
                0x1fff0208                __global_destructor_chain
 .bss.__S_romp  0x1fff020c        0xc C:/Freescale/CW MCU v10.7/MCU/ARM_GCC_Support/ewl/lib/armv7e-m/fpu\librt.a(ROMCopy.o)
 *(COMMON)
 COMMON         0x1fff0218      0x184 ./Sources/main.o
                0x1fff0218                alarm_b
                0x1fff0220                alarm_list
                0x1fff022c                task_c
                0x1fff0244                alarm_a
                0x1fff024c                alarm_c
                0x1fff0254                task_b
                0x1fff026c                task_a
                0x1fff0284                alarm_e
                0x1fff028c                alarm_d
                0x1fff0294                task_arr
                0x1fff0384                task_d
 COMMON         0x1fff039c       0x60 ./Sources/OperativeSystem.o
                0x1fff039c                runningTask
                0x1fff03b4                nextTask
                0x1fff03cc                ready_queue
                0x1fff03d0                task
                0x1fff03e8                sp
                0x1fff03ec                context_lr
                0x1fff03f0                context_sp
                0x1fff03f4                a
                0x1fff03f8                context_pointer
 COMMON         0x1fff03fc       0x1c C:/Freescale/CW MCU v10.7/MCU/ARM_GCC_Support/ewl/lib/armv7e-m/fpu\libc.a(signal.o)
                0x1fff03fc                signal_funcs
                0x1fff0418                . = ALIGN (0x4)
                0x1fff0418                __END_BSS = .
                0x1fff0418                PROVIDE (__bss_end__, __END_BSS)

._user_heap_stack
                0x1fff0418     0x1000 load address 0x00004298
                0x1fff0418                . = ALIGN (0x4)
                0x1fff0418                PROVIDE (end, .)
                0x1fff0418                PROVIDE (_end, .)
                0x1fff0418                __heap_addr = .
                0x1fff0c18                . = (. + __heap_size)
 *fill*         0x1fff0418      0x800 00
                0x1fff1418                . = (. + __stack_size)
 *fill*         0x1fff0c18      0x800 00
                0x1fff1418                . = ALIGN (0x4)
                0x0000407c                _romp_at = ((___ROM_AT + SIZEOF (.data)) + SIZEOF (.user_data2))

.romp           0x20000000       0x24 load address 0x0000407c
                0x0000407c                __S_romp = _romp_at
                0x20000000        0x4 LONG 0x3e80 ___ROM_AT
                0x20000004        0x4 LONG 0x1fff0000 _sdata
                0x20000008        0x4 LONG 0x1fc ___data_size
                0x2000000c        0x4 LONG 0x407c ___m_data2_ROMStart
                0x20000010        0x4 LONG 0x20000000 ___m_data2_RAMStart
                0x20000014        0x4 LONG 0x0 ___m_data2_ROMSize
                0x20000018        0x4 LONG 0x0
                0x2000001c        0x4 LONG 0x0
                0x20000020        0x4 LONG 0x0

.ARM.attributes
                0x00000000       0x39
 *(.ARM.attributes)
 .ARM.attributes
                0x00000000       0x3b ./Project_Settings/Startup_Code/kinetis_sysinit.o
 .ARM.attributes
                0x0000003b       0x3b ./Project_Settings/Startup_Code/__arm_start.o
 .ARM.attributes
                0x00000076       0x3b ./Project_Settings/Startup_Code/__arm_end.o
 .ARM.attributes
                0x000000b1       0x27 ./Sources/set_lr_sp.o
 .ARM.attributes
                0x000000d8       0x27 ./Sources/restore_context.o
 .ARM.attributes
                0x000000ff       0x3b ./Sources/main.o
 .ARM.attributes
                0x0000013a       0x3b ./Sources/User.o
 .ARM.attributes
                0x00000175       0x3b ./Sources/RGB.o
 .ARM.attributes
                0x000001b0       0x3b ./Sources/Queue.o
 .ARM.attributes
                0x000001eb       0x3b ./Sources/OperativeSystem.o
 .ARM.attributes
                0x00000226       0x3b ./Sources/Alarms.o
 .ARM.attributes
                0x00000261       0x3b C:/Freescale/CW MCU v10.7/MCU/ARM_GCC_Support/ewl/lib/armv7e-m/fpu\libc.a(exit.o)
 .ARM.attributes
                0x0000029c       0x3b C:/Freescale/CW MCU v10.7/MCU/ARM_GCC_Support/ewl/lib/armv7e-m/fpu\libc.a(memset.o)
 .ARM.attributes
                0x000002d7       0x3b C:/Freescale/CW MCU v10.7/MCU/ARM_GCC_Support/ewl/lib/armv7e-m/fpu\libc.a(__filll_mem.o)
 .ARM.attributes
                0x00000312       0x3b C:/Freescale/CW MCU v10.7/MCU/ARM_GCC_Support/ewl/lib/armv7e-m/fpu\libc.a(printformat_.o)
 .ARM.attributes
                0x0000034d       0x3b C:/Freescale/CW MCU v10.7/MCU/ARM_GCC_Support/ewl/lib/armv7e-m/fpu\libc.a(scanformat_.o)
 .ARM.attributes
                0x00000388       0x3b C:/Freescale/CW MCU v10.7/MCU/ARM_GCC_Support/ewl/lib/armv7e-m/fpu\libc.a(ctype_aeabi.o)
 .ARM.attributes
                0x000003c3       0x3b C:/Freescale/CW MCU v10.7/MCU/ARM_GCC_Support/ewl/lib/armv7e-m/fpu\libc.a(__strtoul.o)
 .ARM.attributes
                0x000003fe       0x3b C:/Freescale/CW MCU v10.7/MCU/ARM_GCC_Support/ewl/lib/armv7e-m/fpu\libc.a(strchr.o)
 .ARM.attributes
                0x00000439       0x3b C:/Freescale/CW MCU v10.7/MCU/ARM_GCC_Support/ewl/lib/armv7e-m/fpu\libc.a(strlen.o)
 .ARM.attributes
                0x00000474       0x3b C:/Freescale/CW MCU v10.7/MCU/ARM_GCC_Support/ewl/lib/armv7e-m/fpu\libc.a(memchr.o)
 .ARM.attributes
                0x000004af       0x3b C:/Freescale/CW MCU v10.7/MCU/ARM_GCC_Support/ewl/lib/armv7e-m/fpu\librt.a(gcc_ctor_dtor.o)
 .ARM.attributes
                0x000004ea       0x3b C:/Freescale/CW MCU v10.7/MCU/ARM_GCC_Support/ewl/lib/armv7e-m/fpu\librt.a(__arm_eabi_init.o)
 .ARM.attributes
                0x00000525       0x3b C:/Freescale/CW MCU v10.7/MCU/ARM_GCC_Support/ewl/lib/armv7e-m/fpu\librt.a(ROMCopy.o)
OUTPUT(OperatingSystem02.elf elf32-littlearm)

.debug_info     0x00000000     0x3ef4
 .debug_info    0x00000000      0x387 ./Project_Settings/Startup_Code/kinetis_sysinit.o
 .debug_info    0x00000387      0x12a ./Project_Settings/Startup_Code/__arm_start.o
 .debug_info    0x000004b1       0x54 ./Project_Settings/Startup_Code/__arm_end.o
 .debug_info    0x00000505       0x72 ./Sources/set_lr_sp.o
 .debug_info    0x00000577       0x78 ./Sources/restore_context.o
 .debug_info    0x000005ef      0x6ed ./Sources/main.o
 .debug_info    0x00000cdc      0x56e ./Sources/User.o
 .debug_info    0x0000124a      0x463 ./Sources/RGB.o
 .debug_info    0x000016ad      0x3c4 ./Sources/Queue.o
 .debug_info    0x00001a71      0x5d7 ./Sources/OperativeSystem.o
 .debug_info    0x00002048      0x393 ./Sources/Alarms.o
 .debug_info    0x000023db       0xe8 C:/Freescale/CW MCU v10.7/MCU/ARM_GCC_Support/ewl/lib/armv7e-m/fpu\libc.a(exit.o)
 .debug_info    0x000024c3       0xec C:/Freescale/CW MCU v10.7/MCU/ARM_GCC_Support/ewl/lib/armv7e-m/fpu\libc.a(memset.o)
 .debug_info    0x000025af      0x135 C:/Freescale/CW MCU v10.7/MCU/ARM_GCC_Support/ewl/lib/armv7e-m/fpu\libc.a(__filll_mem.o)
 .debug_info    0x000026e4      0x50e C:/Freescale/CW MCU v10.7/MCU/ARM_GCC_Support/ewl/lib/armv7e-m/fpu\libc.a(printformat_.o)
 .debug_info    0x00002bf2      0x565 C:/Freescale/CW MCU v10.7/MCU/ARM_GCC_Support/ewl/lib/armv7e-m/fpu\libc.a(scanformat_.o)
 .debug_info    0x00003157      0x306 C:/Freescale/CW MCU v10.7/MCU/ARM_GCC_Support/ewl/lib/armv7e-m/fpu\libc.a(ctype_aeabi.o)
 .debug_info    0x0000345d      0x1d6 C:/Freescale/CW MCU v10.7/MCU/ARM_GCC_Support/ewl/lib/armv7e-m/fpu\libc.a(__strtoul.o)
 .debug_info    0x00003633      0x108 C:/Freescale/CW MCU v10.7/MCU/ARM_GCC_Support/ewl/lib/armv7e-m/fpu\libc.a(strchr.o)
 .debug_info    0x0000373b       0xeb C:/Freescale/CW MCU v10.7/MCU/ARM_GCC_Support/ewl/lib/armv7e-m/fpu\libc.a(strlen.o)
 .debug_info    0x00003826      0x120 C:/Freescale/CW MCU v10.7/MCU/ARM_GCC_Support/ewl/lib/armv7e-m/fpu\libc.a(memchr.o)
 .debug_info    0x00003946      0x136 C:/Freescale/CW MCU v10.7/MCU/ARM_GCC_Support/ewl/lib/armv7e-m/fpu\librt.a(gcc_ctor_dtor.o)
 .debug_info    0x00003a7c      0x2de C:/Freescale/CW MCU v10.7/MCU/ARM_GCC_Support/ewl/lib/armv7e-m/fpu\librt.a(__arm_eabi_init.o)
 .debug_info    0x00003d5a      0x19a C:/Freescale/CW MCU v10.7/MCU/ARM_GCC_Support/ewl/lib/armv7e-m/fpu\librt.a(ROMCopy.o)

.debug_abbrev   0x00000000     0x14b0
 .debug_abbrev  0x00000000       0xf6 ./Project_Settings/Startup_Code/kinetis_sysinit.o
 .debug_abbrev  0x000000f6       0x92 ./Project_Settings/Startup_Code/__arm_start.o
 .debug_abbrev  0x00000188       0x4c ./Project_Settings/Startup_Code/__arm_end.o
 .debug_abbrev  0x000001d4       0x14 ./Sources/set_lr_sp.o
 .debug_abbrev  0x000001e8       0x14 ./Sources/restore_context.o
 .debug_abbrev  0x000001fc      0x13a ./Sources/main.o
 .debug_abbrev  0x00000336      0x127 ./Sources/User.o
 .debug_abbrev  0x0000045d       0xe2 ./Sources/RGB.o
 .debug_abbrev  0x0000053f      0x11d ./Sources/Queue.o
 .debug_abbrev  0x0000065c      0x180 ./Sources/OperativeSystem.o
 .debug_abbrev  0x000007dc       0xf7 ./Sources/Alarms.o
 .debug_abbrev  0x000008d3       0x7a C:/Freescale/CW MCU v10.7/MCU/ARM_GCC_Support/ewl/lib/armv7e-m/fpu\libc.a(exit.o)
 .debug_abbrev  0x0000094d       0x62 C:/Freescale/CW MCU v10.7/MCU/ARM_GCC_Support/ewl/lib/armv7e-m/fpu\libc.a(memset.o)
 .debug_abbrev  0x000009af       0x87 C:/Freescale/CW MCU v10.7/MCU/ARM_GCC_Support/ewl/lib/armv7e-m/fpu\libc.a(__filll_mem.o)
 .debug_abbrev  0x00000a36      0x200 C:/Freescale/CW MCU v10.7/MCU/ARM_GCC_Support/ewl/lib/armv7e-m/fpu\libc.a(printformat_.o)
 .debug_abbrev  0x00000c36      0x1f0 C:/Freescale/CW MCU v10.7/MCU/ARM_GCC_Support/ewl/lib/armv7e-m/fpu\libc.a(scanformat_.o)
 .debug_abbrev  0x00000e26       0x85 C:/Freescale/CW MCU v10.7/MCU/ARM_GCC_Support/ewl/lib/armv7e-m/fpu\libc.a(ctype_aeabi.o)
 .debug_abbrev  0x00000eab       0xc2 C:/Freescale/CW MCU v10.7/MCU/ARM_GCC_Support/ewl/lib/armv7e-m/fpu\libc.a(__strtoul.o)
 .debug_abbrev  0x00000f6d       0x89 C:/Freescale/CW MCU v10.7/MCU/ARM_GCC_Support/ewl/lib/armv7e-m/fpu\libc.a(strchr.o)
 .debug_abbrev  0x00000ff6       0x7a C:/Freescale/CW MCU v10.7/MCU/ARM_GCC_Support/ewl/lib/armv7e-m/fpu\libc.a(strlen.o)
 .debug_abbrev  0x00001070       0x95 C:/Freescale/CW MCU v10.7/MCU/ARM_GCC_Support/ewl/lib/armv7e-m/fpu\libc.a(memchr.o)
 .debug_abbrev  0x00001105       0x99 C:/Freescale/CW MCU v10.7/MCU/ARM_GCC_Support/ewl/lib/armv7e-m/fpu\librt.a(gcc_ctor_dtor.o)
 .debug_abbrev  0x0000119e      0x1db C:/Freescale/CW MCU v10.7/MCU/ARM_GCC_Support/ewl/lib/armv7e-m/fpu\librt.a(__arm_eabi_init.o)
 .debug_abbrev  0x00001379      0x137 C:/Freescale/CW MCU v10.7/MCU/ARM_GCC_Support/ewl/lib/armv7e-m/fpu\librt.a(ROMCopy.o)

.debug_loc      0x00000000     0x26ed
 .debug_loc     0x00000000       0x58 ./Project_Settings/Startup_Code/kinetis_sysinit.o
 .debug_loc     0x00000058       0x2c ./Project_Settings/Startup_Code/__arm_start.o
 .debug_loc     0x00000084       0x38 ./Project_Settings/Startup_Code/__arm_end.o
 .debug_loc     0x000000bc       0x84 ./Sources/main.o
 .debug_loc     0x00000140       0x9c ./Sources/User.o
 .debug_loc     0x000001dc       0xe8 ./Sources/RGB.o
 .debug_loc     0x000002c4      0x1ce ./Sources/Queue.o
 .debug_loc     0x00000492      0x2c4 ./Sources/OperativeSystem.o
 .debug_loc     0x00000756      0x150 ./Sources/Alarms.o
 .debug_loc     0x000008a6       0x3e C:/Freescale/CW MCU v10.7/MCU/ARM_GCC_Support/ewl/lib/armv7e-m/fpu\libc.a(exit.o)
 .debug_loc     0x000008e4       0x64 C:/Freescale/CW MCU v10.7/MCU/ARM_GCC_Support/ewl/lib/armv7e-m/fpu\libc.a(memset.o)
 .debug_loc     0x00000948      0x12c C:/Freescale/CW MCU v10.7/MCU/ARM_GCC_Support/ewl/lib/armv7e-m/fpu\libc.a(__filll_mem.o)
 .debug_loc     0x00000a74      0xbdc C:/Freescale/CW MCU v10.7/MCU/ARM_GCC_Support/ewl/lib/armv7e-m/fpu\libc.a(printformat_.o)
 .debug_loc     0x00001650      0x8b6 C:/Freescale/CW MCU v10.7/MCU/ARM_GCC_Support/ewl/lib/armv7e-m/fpu\libc.a(scanformat_.o)
 .debug_loc     0x00001f06      0x18e C:/Freescale/CW MCU v10.7/MCU/ARM_GCC_Support/ewl/lib/armv7e-m/fpu\libc.a(ctype_aeabi.o)
 .debug_loc     0x00002094      0x2bb C:/Freescale/CW MCU v10.7/MCU/ARM_GCC_Support/ewl/lib/armv7e-m/fpu\libc.a(__strtoul.o)
 .debug_loc     0x0000234f       0x7c C:/Freescale/CW MCU v10.7/MCU/ARM_GCC_Support/ewl/lib/armv7e-m/fpu\libc.a(strchr.o)
 .debug_loc     0x000023cb       0x26 C:/Freescale/CW MCU v10.7/MCU/ARM_GCC_Support/ewl/lib/armv7e-m/fpu\libc.a(strlen.o)
 .debug_loc     0x000023f1       0x62 C:/Freescale/CW MCU v10.7/MCU/ARM_GCC_Support/ewl/lib/armv7e-m/fpu\libc.a(memchr.o)
 .debug_loc     0x00002453       0x9d C:/Freescale/CW MCU v10.7/MCU/ARM_GCC_Support/ewl/lib/armv7e-m/fpu\librt.a(gcc_ctor_dtor.o)
 .debug_loc     0x000024f0      0x144 C:/Freescale/CW MCU v10.7/MCU/ARM_GCC_Support/ewl/lib/armv7e-m/fpu\librt.a(__arm_eabi_init.o)
 .debug_loc     0x00002634       0xb9 C:/Freescale/CW MCU v10.7/MCU/ARM_GCC_Support/ewl/lib/armv7e-m/fpu\librt.a(ROMCopy.o)

.debug_aranges  0x00000000      0x4e0
 .debug_aranges
                0x00000000       0x28 ./Project_Settings/Startup_Code/kinetis_sysinit.o
 .debug_aranges
                0x00000028       0x30 ./Project_Settings/Startup_Code/__arm_start.o
 .debug_aranges
                0x00000058       0x20 ./Project_Settings/Startup_Code/__arm_end.o
 .debug_aranges
                0x00000078       0x20 ./Sources/set_lr_sp.o
 .debug_aranges
                0x00000098       0x20 ./Sources/restore_context.o
 .debug_aranges
                0x000000b8       0x30 ./Sources/main.o
 .debug_aranges
                0x000000e8       0x30 ./Sources/User.o
 .debug_aranges
                0x00000118       0x40 ./Sources/RGB.o
 .debug_aranges
                0x00000158       0x58 ./Sources/Queue.o
 .debug_aranges
                0x000001b0       0x80 ./Sources/OperativeSystem.o
 .debug_aranges
                0x00000230       0x48 ./Sources/Alarms.o
 .debug_aranges
                0x00000278       0x20 C:/Freescale/CW MCU v10.7/MCU/ARM_GCC_Support/ewl/lib/armv7e-m/fpu\libc.a(exit.o)
 .debug_aranges
                0x00000298       0x20 C:/Freescale/CW MCU v10.7/MCU/ARM_GCC_Support/ewl/lib/armv7e-m/fpu\libc.a(memset.o)
 .debug_aranges
                0x000002b8       0x20 C:/Freescale/CW MCU v10.7/MCU/ARM_GCC_Support/ewl/lib/armv7e-m/fpu\libc.a(__filll_mem.o)
 .debug_aranges
                0x000002d8       0x28 C:/Freescale/CW MCU v10.7/MCU/ARM_GCC_Support/ewl/lib/armv7e-m/fpu\libc.a(printformat_.o)
 .debug_aranges
                0x00000300       0x20 C:/Freescale/CW MCU v10.7/MCU/ARM_GCC_Support/ewl/lib/armv7e-m/fpu\libc.a(scanformat_.o)
 .debug_aranges
                0x00000320       0x88 C:/Freescale/CW MCU v10.7/MCU/ARM_GCC_Support/ewl/lib/armv7e-m/fpu\libc.a(ctype_aeabi.o)
 .debug_aranges
                0x000003a8       0x20 C:/Freescale/CW MCU v10.7/MCU/ARM_GCC_Support/ewl/lib/armv7e-m/fpu\libc.a(__strtoul.o)
 .debug_aranges
                0x000003c8       0x20 C:/Freescale/CW MCU v10.7/MCU/ARM_GCC_Support/ewl/lib/armv7e-m/fpu\libc.a(strchr.o)
 .debug_aranges
                0x000003e8       0x20 C:/Freescale/CW MCU v10.7/MCU/ARM_GCC_Support/ewl/lib/armv7e-m/fpu\libc.a(strlen.o)
 .debug_aranges
                0x00000408       0x20 C:/Freescale/CW MCU v10.7/MCU/ARM_GCC_Support/ewl/lib/armv7e-m/fpu\libc.a(memchr.o)
 .debug_aranges
                0x00000428       0x28 C:/Freescale/CW MCU v10.7/MCU/ARM_GCC_Support/ewl/lib/armv7e-m/fpu\librt.a(gcc_ctor_dtor.o)
 .debug_aranges
                0x00000450       0x60 C:/Freescale/CW MCU v10.7/MCU/ARM_GCC_Support/ewl/lib/armv7e-m/fpu\librt.a(__arm_eabi_init.o)
 .debug_aranges
                0x000004b0       0x30 C:/Freescale/CW MCU v10.7/MCU/ARM_GCC_Support/ewl/lib/armv7e-m/fpu\librt.a(ROMCopy.o)

.debug_macinfo  0x00000000   0x2b4711
 .debug_macinfo
                0x00000000    0x61d23 ./Project_Settings/Startup_Code/kinetis_sysinit.o
 .debug_macinfo
                0x00061d23     0x3f41 ./Project_Settings/Startup_Code/__arm_start.o
 .debug_macinfo
                0x00065c64     0x352a ./Project_Settings/Startup_Code/__arm_end.o
 .debug_macinfo
                0x0006918e    0x61da9 ./Sources/main.o
 .debug_macinfo
                0x000caf37    0x62360 ./Sources/User.o
 .debug_macinfo
                0x0012d297    0x61cb0 ./Sources/RGB.o
 .debug_macinfo
                0x0018ef47    0x61cfb ./Sources/Queue.o
 .debug_macinfo
                0x001f0c42    0x61da7 ./Sources/OperativeSystem.o
 .debug_macinfo
                0x002529e9    0x61d28 ./Sources/Alarms.o

.debug_line     0x00000000     0x2585
 .debug_line    0x00000000      0x21c ./Project_Settings/Startup_Code/kinetis_sysinit.o
 .debug_line    0x0000021c      0x29f ./Project_Settings/Startup_Code/__arm_start.o
 .debug_line    0x000004bb      0x265 ./Project_Settings/Startup_Code/__arm_end.o
 .debug_line    0x00000720       0x48 ./Sources/set_lr_sp.o
 .debug_line    0x00000768       0x4d ./Sources/restore_context.o
 .debug_line    0x000007b5      0x266 ./Sources/main.o
 .debug_line    0x00000a1b      0x2eb ./Sources/User.o
 .debug_line    0x00000d06      0x235 ./Sources/RGB.o
 .debug_line    0x00000f3b      0x282 ./Sources/Queue.o
 .debug_line    0x000011bd      0x34a ./Sources/OperativeSystem.o
 .debug_line    0x00001507      0x263 ./Sources/Alarms.o
 .debug_line    0x0000176a       0x94 C:/Freescale/CW MCU v10.7/MCU/ARM_GCC_Support/ewl/lib/armv7e-m/fpu\libc.a(exit.o)
 .debug_line    0x000017fe       0x8f C:/Freescale/CW MCU v10.7/MCU/ARM_GCC_Support/ewl/lib/armv7e-m/fpu\libc.a(memset.o)
 .debug_line    0x0000188d       0xcd C:/Freescale/CW MCU v10.7/MCU/ARM_GCC_Support/ewl/lib/armv7e-m/fpu\libc.a(__filll_mem.o)
 .debug_line    0x0000195a      0x2b4 C:/Freescale/CW MCU v10.7/MCU/ARM_GCC_Support/ewl/lib/armv7e-m/fpu\libc.a(printformat_.o)
 .debug_line    0x00001c0e      0x2df C:/Freescale/CW MCU v10.7/MCU/ARM_GCC_Support/ewl/lib/armv7e-m/fpu\libc.a(scanformat_.o)
 .debug_line    0x00001eed      0x1a9 C:/Freescale/CW MCU v10.7/MCU/ARM_GCC_Support/ewl/lib/armv7e-m/fpu\libc.a(ctype_aeabi.o)
 .debug_line    0x00002096      0x11b C:/Freescale/CW MCU v10.7/MCU/ARM_GCC_Support/ewl/lib/armv7e-m/fpu\libc.a(__strtoul.o)
 .debug_line    0x000021b1       0x7d C:/Freescale/CW MCU v10.7/MCU/ARM_GCC_Support/ewl/lib/armv7e-m/fpu\libc.a(strchr.o)
 .debug_line    0x0000222e       0x83 C:/Freescale/CW MCU v10.7/MCU/ARM_GCC_Support/ewl/lib/armv7e-m/fpu\libc.a(strlen.o)
 .debug_line    0x000022b1       0x9f C:/Freescale/CW MCU v10.7/MCU/ARM_GCC_Support/ewl/lib/armv7e-m/fpu\libc.a(memchr.o)
 .debug_line    0x00002350       0x67 C:/Freescale/CW MCU v10.7/MCU/ARM_GCC_Support/ewl/lib/armv7e-m/fpu\librt.a(gcc_ctor_dtor.o)
 .debug_line    0x000023b7      0x125 C:/Freescale/CW MCU v10.7/MCU/ARM_GCC_Support/ewl/lib/armv7e-m/fpu\librt.a(__arm_eabi_init.o)
 .debug_line    0x000024dc       0xa9 C:/Freescale/CW MCU v10.7/MCU/ARM_GCC_Support/ewl/lib/armv7e-m/fpu\librt.a(ROMCopy.o)

.debug_str      0x00000000     0x1104
 .debug_str     0x00000000      0x274 ./Project_Settings/Startup_Code/kinetis_sysinit.o
                                0x29b (size before relaxing)
 .debug_str     0x00000274       0x85 ./Project_Settings/Startup_Code/__arm_start.o
                                0x19c (size before relaxing)
 .debug_str     0x000002f9       0x41 ./Project_Settings/Startup_Code/__arm_end.o
                                 0xd3 (size before relaxing)
 .debug_str     0x0000033a      0x23e ./Sources/main.o
                                0x393 (size before relaxing)
 .debug_str     0x00000578       0x60 ./Sources/User.o
                                0x30f (size before relaxing)
 .debug_str     0x000005d8       0x44 ./Sources/RGB.o
                                0x29b (size before relaxing)
 .debug_str     0x0000061c       0xb0 ./Sources/Queue.o
                                0x25b (size before relaxing)
 .debug_str     0x000006cc      0x13f ./Sources/OperativeSystem.o
                                0x377 (size before relaxing)
 .debug_str     0x0000080b       0x83 ./Sources/Alarms.o
                                0x289 (size before relaxing)
 .debug_str     0x0000088e       0x5a C:/Freescale/CW MCU v10.7/MCU/ARM_GCC_Support/ewl/lib/armv7e-m/fpu\libc.a(exit.o)
                                0x157 (size before relaxing)
 .debug_str     0x000008e8       0x23 C:/Freescale/CW MCU v10.7/MCU/ARM_GCC_Support/ewl/lib/armv7e-m/fpu\libc.a(memset.o)
                                0x140 (size before relaxing)
 .debug_str     0x0000090b       0x2d C:/Freescale/CW MCU v10.7/MCU/ARM_GCC_Support/ewl/lib/armv7e-m/fpu\libc.a(__filll_mem.o)
                                0x152 (size before relaxing)
 .debug_str     0x00000938      0x233 C:/Freescale/CW MCU v10.7/MCU/ARM_GCC_Support/ewl/lib/armv7e-m/fpu\libc.a(printformat_.o)
                                0x3b3 (size before relaxing)
 .debug_str     0x00000b6b      0x184 C:/Freescale/CW MCU v10.7/MCU/ARM_GCC_Support/ewl/lib/armv7e-m/fpu\libc.a(scanformat_.o)
                                0x3f9 (size before relaxing)
 .debug_str     0x00000cef       0x9d C:/Freescale/CW MCU v10.7/MCU/ARM_GCC_Support/ewl/lib/armv7e-m/fpu\libc.a(ctype_aeabi.o)
                                0x1bc (size before relaxing)
 .debug_str     0x00000d8c       0x5b C:/Freescale/CW MCU v10.7/MCU/ARM_GCC_Support/ewl/lib/armv7e-m/fpu\libc.a(__strtoul.o)
                                0x1fb (size before relaxing)
 .debug_str     0x00000de7       0x1c C:/Freescale/CW MCU v10.7/MCU/ARM_GCC_Support/ewl/lib/armv7e-m/fpu\libc.a(strchr.o)
                                0x137 (size before relaxing)
 .debug_str     0x00000e03       0x1c C:/Freescale/CW MCU v10.7/MCU/ARM_GCC_Support/ewl/lib/armv7e-m/fpu\libc.a(strlen.o)
                                0x140 (size before relaxing)
 .debug_str     0x00000e1f       0x1c C:/Freescale/CW MCU v10.7/MCU/ARM_GCC_Support/ewl/lib/armv7e-m/fpu\libc.a(memchr.o)
                                0x148 (size before relaxing)
 .debug_str     0x00000e3b      0x126 C:/Freescale/CW MCU v10.7/MCU/ARM_GCC_Support/ewl/lib/armv7e-m/fpu\librt.a(gcc_ctor_dtor.o)
                                0x181 (size before relaxing)
 .debug_str     0x00000f61      0x102 C:/Freescale/CW MCU v10.7/MCU/ARM_GCC_Support/ewl/lib/armv7e-m/fpu\librt.a(__arm_eabi_init.o)
                                0x1bf (size before relaxing)
 .debug_str     0x00001063       0xa1 C:/Freescale/CW MCU v10.7/MCU/ARM_GCC_Support/ewl/lib/armv7e-m/fpu\librt.a(ROMCopy.o)
                                0x13c (size before relaxing)

.comment        0x00000000       0x79
 .comment       0x00000000       0x79 ./Project_Settings/Startup_Code/kinetis_sysinit.o
                                 0x7a (size before relaxing)
 .comment       0x00000000       0x7a ./Project_Settings/Startup_Code/__arm_start.o
 .comment       0x00000000       0x7a ./Project_Settings/Startup_Code/__arm_end.o
 .comment       0x00000000       0x7a ./Sources/main.o
 .comment       0x00000000       0x7a ./Sources/User.o
 .comment       0x00000000       0x7a ./Sources/RGB.o
 .comment       0x00000000       0x7a ./Sources/Queue.o
 .comment       0x00000000       0x7a ./Sources/OperativeSystem.o
 .comment       0x00000000       0x7a ./Sources/Alarms.o
 .comment       0x00000000       0x7a C:/Freescale/CW MCU v10.7/MCU/ARM_GCC_Support/ewl/lib/armv7e-m/fpu\libc.a(exit.o)
 .comment       0x00000000       0x7a C:/Freescale/CW MCU v10.7/MCU/ARM_GCC_Support/ewl/lib/armv7e-m/fpu\libc.a(memset.o)
 .comment       0x00000000       0x7a C:/Freescale/CW MCU v10.7/MCU/ARM_GCC_Support/ewl/lib/armv7e-m/fpu\libc.a(__filll_mem.o)
 .comment       0x00000000       0x7a C:/Freescale/CW MCU v10.7/MCU/ARM_GCC_Support/ewl/lib/armv7e-m/fpu\libc.a(printformat_.o)
 .comment       0x00000000       0x7a C:/Freescale/CW MCU v10.7/MCU/ARM_GCC_Support/ewl/lib/armv7e-m/fpu\libc.a(scanformat_.o)
 .comment       0x00000000       0x7a C:/Freescale/CW MCU v10.7/MCU/ARM_GCC_Support/ewl/lib/armv7e-m/fpu\libc.a(ctype_aeabi.o)
 .comment       0x00000000       0x7a C:/Freescale/CW MCU v10.7/MCU/ARM_GCC_Support/ewl/lib/armv7e-m/fpu\libc.a(__strtoul.o)
 .comment       0x00000000       0x7a C:/Freescale/CW MCU v10.7/MCU/ARM_GCC_Support/ewl/lib/armv7e-m/fpu\libc.a(strchr.o)
 .comment       0x00000000       0x7a C:/Freescale/CW MCU v10.7/MCU/ARM_GCC_Support/ewl/lib/armv7e-m/fpu\libc.a(strlen.o)
 .comment       0x00000000       0x7a C:/Freescale/CW MCU v10.7/MCU/ARM_GCC_Support/ewl/lib/armv7e-m/fpu\libc.a(memchr.o)
 .comment       0x00000000       0x7a C:/Freescale/CW MCU v10.7/MCU/ARM_GCC_Support/ewl/lib/armv7e-m/fpu\librt.a(gcc_ctor_dtor.o)
 .comment       0x00000000       0x7a C:/Freescale/CW MCU v10.7/MCU/ARM_GCC_Support/ewl/lib/armv7e-m/fpu\librt.a(__arm_eabi_init.o)
 .comment       0x00000000       0x7a C:/Freescale/CW MCU v10.7/MCU/ARM_GCC_Support/ewl/lib/armv7e-m/fpu\librt.a(ROMCopy.o)

.debug_frame    0x00000000      0x998
 .debug_frame   0x00000000       0x40 ./Project_Settings/Startup_Code/kinetis_sysinit.o
 .debug_frame   0x00000040       0x4c ./Project_Settings/Startup_Code/__arm_start.o
 .debug_frame   0x0000008c       0x2c ./Project_Settings/Startup_Code/__arm_end.o
 .debug_frame   0x000000b8       0x64 ./Sources/main.o
 .debug_frame   0x0000011c       0x6c ./Sources/User.o
 .debug_frame   0x00000188       0x90 ./Sources/RGB.o
 .debug_frame   0x00000218      0x10c ./Sources/Queue.o
 .debug_frame   0x00000324      0x1cc ./Sources/OperativeSystem.o
 .debug_frame   0x000004f0       0xbc ./Sources/Alarms.o
 .debug_frame   0x000005ac       0x28 C:/Freescale/CW MCU v10.7/MCU/ARM_GCC_Support/ewl/lib/armv7e-m/fpu\libc.a(exit.o)
 .debug_frame   0x000005d4       0x28 C:/Freescale/CW MCU v10.7/MCU/ARM_GCC_Support/ewl/lib/armv7e-m/fpu\libc.a(memset.o)
 .debug_frame   0x000005fc       0x2c C:/Freescale/CW MCU v10.7/MCU/ARM_GCC_Support/ewl/lib/armv7e-m/fpu\libc.a(__filll_mem.o)
 .debug_frame   0x00000628       0x64 C:/Freescale/CW MCU v10.7/MCU/ARM_GCC_Support/ewl/lib/armv7e-m/fpu\libc.a(printformat_.o)
 .debug_frame   0x0000068c       0x3c C:/Freescale/CW MCU v10.7/MCU/ARM_GCC_Support/ewl/lib/armv7e-m/fpu\libc.a(scanformat_.o)
 .debug_frame   0x000006c8       0xf0 C:/Freescale/CW MCU v10.7/MCU/ARM_GCC_Support/ewl/lib/armv7e-m/fpu\libc.a(ctype_aeabi.o)
 .debug_frame   0x000007b8       0x3c C:/Freescale/CW MCU v10.7/MCU/ARM_GCC_Support/ewl/lib/armv7e-m/fpu\libc.a(__strtoul.o)
 .debug_frame   0x000007f4       0x20 C:/Freescale/CW MCU v10.7/MCU/ARM_GCC_Support/ewl/lib/armv7e-m/fpu\libc.a(strchr.o)
 .debug_frame   0x00000814       0x20 C:/Freescale/CW MCU v10.7/MCU/ARM_GCC_Support/ewl/lib/armv7e-m/fpu\libc.a(strlen.o)
 .debug_frame   0x00000834       0x20 C:/Freescale/CW MCU v10.7/MCU/ARM_GCC_Support/ewl/lib/armv7e-m/fpu\libc.a(memchr.o)
 .debug_frame   0x00000854       0x40 C:/Freescale/CW MCU v10.7/MCU/ARM_GCC_Support/ewl/lib/armv7e-m/fpu\librt.a(gcc_ctor_dtor.o)
 .debug_frame   0x00000894       0xbc C:/Freescale/CW MCU v10.7/MCU/ARM_GCC_Support/ewl/lib/armv7e-m/fpu\librt.a(__arm_eabi_init.o)
 .debug_frame   0x00000950       0x48 C:/Freescale/CW MCU v10.7/MCU/ARM_GCC_Support/ewl/lib/armv7e-m/fpu\librt.a(ROMCopy.o)
