Archive member included because of file (symbol)

C:/Freescale/CW MCU v10.7/MCU/ARM_GCC_Support/ewl/lib/armv7e-m/fpu\libc.a(exit.o)
                              ./Project_Settings/Startup_Code/__arm_start.o (exit)
C:/Freescale/CW MCU v10.7/MCU/ARM_GCC_Support/ewl/lib/armv7e-m/fpu\libc.a(alloc.o)
                              ./Sources/Mailbox.o (malloc)
C:/Freescale/CW MCU v10.7/MCU/ARM_GCC_Support/ewl/lib/armv7e-m/fpu\libc.a(memset.o)
                              ./Project_Settings/Startup_Code/__arm_start.o (memset)
C:/Freescale/CW MCU v10.7/MCU/ARM_GCC_Support/ewl/lib/armv7e-m/fpu\libc.a(__filll_mem.o)
                              C:/Freescale/CW MCU v10.7/MCU/ARM_GCC_Support/ewl/lib/armv7e-m/fpu\libc.a(memset.o) (__fill_mem)
C:/Freescale/CW MCU v10.7/MCU/ARM_GCC_Support/ewl/lib/armv7e-m/fpu\libc.a(memcpy.o)
                              C:/Freescale/CW MCU v10.7/MCU/ARM_GCC_Support/ewl/lib/armv7e-m/fpu\libc.a(alloc.o) (memcpy)
C:/Freescale/CW MCU v10.7/MCU/ARM_GCC_Support/ewl/lib/armv7e-m/fpu\libc.a(printformat_.o)
                              (__pformatter_)
C:/Freescale/CW MCU v10.7/MCU/ARM_GCC_Support/ewl/lib/armv7e-m/fpu\libc.a(scanformat_.o)
                              (__sformatter)
C:/Freescale/CW MCU v10.7/MCU/ARM_GCC_Support/ewl/lib/armv7e-m/fpu\libc.a(ctype_aeabi.o)
                              C:/Freescale/CW MCU v10.7/MCU/ARM_GCC_Support/ewl/lib/armv7e-m/fpu\libc.a(scanformat_.o) (isspace)
C:/Freescale/CW MCU v10.7/MCU/ARM_GCC_Support/ewl/lib/armv7e-m/fpu\libc.a(__strtoul.o)
                              C:/Freescale/CW MCU v10.7/MCU/ARM_GCC_Support/ewl/lib/armv7e-m/fpu\libc.a(scanformat_.o) (__strtoul)
C:/Freescale/CW MCU v10.7/MCU/ARM_GCC_Support/ewl/lib/armv7e-m/fpu\libc.a(strchr.o)
                              C:/Freescale/CW MCU v10.7/MCU/ARM_GCC_Support/ewl/lib/armv7e-m/fpu\libc.a(printformat_.o) (strchr)
C:/Freescale/CW MCU v10.7/MCU/ARM_GCC_Support/ewl/lib/armv7e-m/fpu\libc.a(strlen.o)
                              C:/Freescale/CW MCU v10.7/MCU/ARM_GCC_Support/ewl/lib/armv7e-m/fpu\libc.a(printformat_.o) (strlen)
C:/Freescale/CW MCU v10.7/MCU/ARM_GCC_Support/ewl/lib/armv7e-m/fpu\libc.a(memchr.o)
                              C:/Freescale/CW MCU v10.7/MCU/ARM_GCC_Support/ewl/lib/armv7e-m/fpu\libc.a(printformat_.o) (memchr)
c:/freescale/cw mcu v10.7/cross_tools/arm-none-eabi-gcc-4_7_3/bin/../lib/gcc/arm-none-eabi/4.7.3/armv7e-m/fpu\libgcc.a(unwind-arm.o)
                              ./Sources/test2.o (__aeabi_unwind_cpp_pr0)
c:/freescale/cw mcu v10.7/cross_tools/arm-none-eabi-gcc-4_7_3/bin/../lib/gcc/arm-none-eabi/4.7.3/armv7e-m/fpu\libgcc.a(libunwind.o)
                              c:/freescale/cw mcu v10.7/cross_tools/arm-none-eabi-gcc-4_7_3/bin/../lib/gcc/arm-none-eabi/4.7.3/armv7e-m/fpu\libgcc.a(unwind-arm.o) (restore_core_regs)
c:/freescale/cw mcu v10.7/cross_tools/arm-none-eabi-gcc-4_7_3/bin/../lib/gcc/arm-none-eabi/4.7.3/armv7e-m/fpu\libgcc.a(pr-support.o)
                              c:/freescale/cw mcu v10.7/cross_tools/arm-none-eabi-gcc-4_7_3/bin/../lib/gcc/arm-none-eabi/4.7.3/armv7e-m/fpu\libgcc.a(unwind-arm.o) (__gnu_unwind_execute)
C:/Freescale/CW MCU v10.7/MCU/ARM_GCC_Support/ewl/lib/armv7e-m/fpu\librt.a(gcc_ctor_dtor.o)
                              ./Project_Settings/Startup_Code/__arm_start.o (__init_cpp)
C:/Freescale/CW MCU v10.7/MCU/ARM_GCC_Support/ewl/lib/armv7e-m/fpu\librt.a(__arm_eabi_init.o)
                              C:/Freescale/CW MCU v10.7/MCU/ARM_GCC_Support/ewl/lib/armv7e-m/fpu\libc.a(exit.o) (__destroy_global_chain)
C:/Freescale/CW MCU v10.7/MCU/ARM_GCC_Support/ewl/lib/armv7e-m/fpu\librt.a(ROMCopy.o)
                              ./Project_Settings/Startup_Code/__arm_start.o (__copy_rom_sections_to_ram)
C:/Freescale/CW MCU v10.7/MCU/ARM_GCC_Support/ewl/lib/armv7e-m/fpu\libc.a(abort.o)
                              c:/freescale/cw mcu v10.7/cross_tools/arm-none-eabi-gcc-4_7_3/bin/../lib/gcc/arm-none-eabi/4.7.3/armv7e-m/fpu\libgcc.a(unwind-arm.o) (abort)
C:/Freescale/CW MCU v10.7/MCU/ARM_GCC_Support/ewl/lib/armv7e-m/fpu\libc.a(raise.o)
                              C:/Freescale/CW MCU v10.7/MCU/ARM_GCC_Support/ewl/lib/armv7e-m/fpu\libc.a(abort.o) (raise)
C:/Freescale/CW MCU v10.7/MCU/ARM_GCC_Support/ewl/lib/armv7e-m/fpu\libc.a(signal.o)
                              C:/Freescale/CW MCU v10.7/MCU/ARM_GCC_Support/ewl/lib/armv7e-m/fpu\libc.a(raise.o) (signal_funcs)
C:/Freescale/CW MCU v10.7/MCU/ARM_GCC_Support/ewl/lib/armv7e-m/fpu\libc.a(errno.o)
                              C:/Freescale/CW MCU v10.7/MCU/ARM_GCC_Support/ewl/lib/armv7e-m/fpu\libc.a(signal.o) (errno)

Allocating common symbols
Common symbol       size              file

alarm_b             0x6               ./Sources/main.o
runningTask         0x1c              ./Sources/OperativeSystem.o
alarm_list          0xc               ./Sources/main.o
alarm_task_context_pointer
                    0x4               ./Sources/main.o
signal_funcs        0x1c              C:/Freescale/CW MCU v10.7/MCU/ARM_GCC_Support/ewl/lib/armv7e-m/fpu\libc.a(signal.o)
interrupted_task_sp_pointer
                    0x4               ./Sources/main.o
task_c              0x1c              ./Sources/main.o
errno               0x4               C:/Freescale/CW MCU v10.7/MCU/ARM_GCC_Support/ewl/lib/armv7e-m/fpu\libc.a(errno.o)
nextTask            0x1c              ./Sources/OperativeSystem.o
wait_queue          0x4               ./Sources/OperativeSystem.o
alarm_return_lr     0x4               ./Sources/main.o
task_e              0x1c              ./Sources/main.o
interrupts_enabled  0x1               ./Sources/OperativeSystem.o
ready_queue         0x4               ./Sources/OperativeSystem.o
alarm_a             0x6               ./Sources/main.o
alarm_c             0x6               ./Sources/main.o
task_incomplete_rd  0x4               ./Sources/main.o
task_b              0x1c              ./Sources/main.o
hey                 0x4               ./Sources/User.o
mailbox1            0x10              ./Sources/main.o
task                0x1c              ./Sources/OperativeSystem.o
mailbox2            0x10              ./Sources/main.o
task_a              0x1c              ./Sources/main.o
alarm_e             0x6               ./Sources/main.o
sp                  0x4               ./Sources/main.o
alarm_task_context_sp
                    0x4               ./Sources/main.o
FreePt              0x4               ./Sources/main.o
context_lr          0x4               ./Sources/main.o
context_sp          0x4               ./Sources/main.o
interrumped_task_lr_addr
                    0x4               ./Sources/main.o
mailbox_n           0x2               ./Sources/main.o
start               0x1               ./Sources/main.o
os_loop_pc          0x4               ./Sources/main.o
os_loop_sp          0x4               ./Sources/main.o
context_pointer     0x4               ./Sources/main.o
mailbox0            0x10              ./Sources/main.o
mailbox_list        0xa0              ./Sources/main.o
alarm_task_context_sp_addr
                    0x4               ./Sources/main.o
alarm_d             0x6               ./Sources/main.o
task_arr            0x118             ./Sources/main.o
interrupted_task_sp_addr
                    0x4               ./Sources/main.o
task_d              0x1c              ./Sources/main.o

Discarded input sections

 .text          0x00000000        0x0 ./Project_Settings/Startup_Code/kinetis_sysinit.o
 .data          0x00000000        0x0 ./Project_Settings/Startup_Code/kinetis_sysinit.o
 .bss           0x00000000        0x0 ./Project_Settings/Startup_Code/kinetis_sysinit.o
 .text          0x00000000        0x0 ./Project_Settings/Startup_Code/__arm_start.o
 .data          0x00000000        0x0 ./Project_Settings/Startup_Code/__arm_start.o
 .bss           0x00000000        0x0 ./Project_Settings/Startup_Code/__arm_start.o
 .text.__iar_program_start
                0x00000000        0x4 ./Project_Settings/Startup_Code/__arm_start.o
 .text          0x00000000        0x0 ./Project_Settings/Startup_Code/__arm_end.o
 .data          0x00000000        0x0 ./Project_Settings/Startup_Code/__arm_end.o
 .bss           0x00000000        0x0 ./Project_Settings/Startup_Code/__arm_end.o
 .text          0x00000000        0xc ./Sources/test2.o
 .data          0x00000000        0x0 ./Sources/test2.o
 .bss           0x00000000        0x0 ./Sources/test2.o
 .ARM.extab     0x00000000        0x0 ./Sources/test2.o
 .ARM.exidx     0x00000000        0x8 ./Sources/test2.o
 .ARM.attributes
                0x00000000       0x27 ./Sources/test2.o
 .debug_line    0x00000000       0x43 ./Sources/test2.o
 .debug_info    0x00000000       0x6e ./Sources/test2.o
 .debug_abbrev  0x00000000       0x14 ./Sources/test2.o
 .debug_aranges
                0x00000000       0x20 ./Sources/test2.o
 .text          0x00000000        0x8 ./Sources/test.o
 .data          0x00000000        0x0 ./Sources/test.o
 .bss           0x00000000        0x0 ./Sources/test.o
 .ARM.extab     0x00000000        0x0 ./Sources/test.o
 .ARM.exidx     0x00000000        0x8 ./Sources/test.o
 .ARM.attributes
                0x00000000       0x27 ./Sources/test.o
 .debug_line    0x00000000       0x41 ./Sources/test.o
 .debug_info    0x00000000       0x6d ./Sources/test.o
 .debug_abbrev  0x00000000       0x14 ./Sources/test.o
 .debug_aranges
                0x00000000       0x20 ./Sources/test.o
 .text          0x00000000        0x8 ./Sources/set_sp.o
 .data          0x00000000        0x0 ./Sources/set_sp.o
 .bss           0x00000000        0x0 ./Sources/set_sp.o
 .ARM.extab     0x00000000        0x0 ./Sources/set_sp.o
 .ARM.exidx     0x00000000        0x8 ./Sources/set_sp.o
 .ARM.attributes
                0x00000000       0x27 ./Sources/set_sp.o
 .debug_line    0x00000000       0x43 ./Sources/set_sp.o
 .debug_info    0x00000000       0x6f ./Sources/set_sp.o
 .debug_abbrev  0x00000000       0x14 ./Sources/set_sp.o
 .debug_aranges
                0x00000000       0x20 ./Sources/set_sp.o
 .text          0x00000000       0x30 ./Sources/set_pc_sp_lr.o
 .data          0x00000000        0x0 ./Sources/set_pc_sp_lr.o
 .bss           0x00000000        0x0 ./Sources/set_pc_sp_lr.o
 .ARM.extab     0x00000000        0x0 ./Sources/set_pc_sp_lr.o
 .ARM.exidx     0x00000000        0x8 ./Sources/set_pc_sp_lr.o
 .ARM.attributes
                0x00000000       0x27 ./Sources/set_pc_sp_lr.o
 .debug_line    0x00000000       0x5c ./Sources/set_pc_sp_lr.o
 .debug_info    0x00000000       0x75 ./Sources/set_pc_sp_lr.o
 .debug_abbrev  0x00000000       0x14 ./Sources/set_pc_sp_lr.o
 .debug_aranges
                0x00000000       0x20 ./Sources/set_pc_sp_lr.o
 .data          0x00000000        0x0 ./Sources/set_pc_sp.o
 .bss           0x00000000        0x0 ./Sources/set_pc_sp.o
 .ARM.extab     0x00000000        0x0 ./Sources/set_pc_sp.o
 .data          0x00000000        0x0 ./Sources/restore_context.o
 .bss           0x00000000        0x0 ./Sources/restore_context.o
 .ARM.extab     0x00000000        0x0 ./Sources/restore_context.o
 .data          0x00000000        0x0 ./Sources/recover_context2.o
 .bss           0x00000000        0x0 ./Sources/recover_context2.o
 .ARM.extab     0x00000000        0x0 ./Sources/recover_context2.o
 .text          0x00000000       0x14 ./Sources/recover_context.o
 .data          0x00000000        0x0 ./Sources/recover_context.o
 .bss           0x00000000        0x0 ./Sources/recover_context.o
 .ARM.extab     0x00000000        0x0 ./Sources/recover_context.o
 .ARM.exidx     0x00000000        0x8 ./Sources/recover_context.o
 .ARM.attributes
                0x00000000       0x27 ./Sources/recover_context.o
 .debug_line    0x00000000       0x52 ./Sources/recover_context.o
 .debug_info    0x00000000       0x78 ./Sources/recover_context.o
 .debug_abbrev  0x00000000       0x14 ./Sources/recover_context.o
 .debug_aranges
                0x00000000       0x20 ./Sources/recover_context.o
 .text          0x00000000        0x4 ./Sources/pop_twice.o
 .data          0x00000000        0x0 ./Sources/pop_twice.o
 .bss           0x00000000        0x0 ./Sources/pop_twice.o
 .ARM.extab     0x00000000        0x0 ./Sources/pop_twice.o
 .ARM.exidx     0x00000000        0x8 ./Sources/pop_twice.o
 .ARM.attributes
                0x00000000       0x27 ./Sources/pop_twice.o
 .debug_line    0x00000000       0x45 ./Sources/pop_twice.o
 .debug_info    0x00000000       0x72 ./Sources/pop_twice.o
 .debug_abbrev  0x00000000       0x14 ./Sources/pop_twice.o
 .debug_aranges
                0x00000000       0x20 ./Sources/pop_twice.o
 .text          0x00000000        0x4 ./Sources/pop_r7_pc.o
 .data          0x00000000        0x0 ./Sources/pop_r7_pc.o
 .bss           0x00000000        0x0 ./Sources/pop_r7_pc.o
 .ARM.extab     0x00000000        0x0 ./Sources/pop_r7_pc.o
 .ARM.exidx     0x00000000        0x8 ./Sources/pop_r7_pc.o
 .ARM.attributes
                0x00000000       0x27 ./Sources/pop_r7_pc.o
 .debug_line    0x00000000       0x44 ./Sources/pop_r7_pc.o
 .debug_info    0x00000000       0x72 ./Sources/pop_r7_pc.o
 .debug_abbrev  0x00000000       0x14 ./Sources/pop_r7_pc.o
 .debug_aranges
                0x00000000       0x20 ./Sources/pop_r7_pc.o
 .text          0x00000000        0x0 ./Sources/main.o
 .data          0x00000000        0x0 ./Sources/main.o
 .bss           0x00000000        0x0 ./Sources/main.o
 .text          0x00000000        0x8 ./Sources/jump_to_os_loop.o
 .data          0x00000000        0x0 ./Sources/jump_to_os_loop.o
 .bss           0x00000000        0x0 ./Sources/jump_to_os_loop.o
 .ARM.extab     0x00000000        0x0 ./Sources/jump_to_os_loop.o
 .ARM.exidx     0x00000000        0x8 ./Sources/jump_to_os_loop.o
 .ARM.attributes
                0x00000000       0x27 ./Sources/jump_to_os_loop.o
 .debug_line    0x00000000       0x4c ./Sources/jump_to_os_loop.o
 .debug_info    0x00000000       0x78 ./Sources/jump_to_os_loop.o
 .debug_abbrev  0x00000000       0x14 ./Sources/jump_to_os_loop.o
 .debug_aranges
                0x00000000       0x20 ./Sources/jump_to_os_loop.o
 .data          0x00000000        0x0 ./Sources/get_task_return_dir.o
 .bss           0x00000000        0x0 ./Sources/get_task_return_dir.o
 .ARM.extab     0x00000000        0x0 ./Sources/get_task_return_dir.o
 .data          0x00000000        0x0 ./Sources/finish_isr2.o
 .bss           0x00000000        0x0 ./Sources/finish_isr2.o
 .ARM.extab     0x00000000        0x0 ./Sources/finish_isr2.o
 .text          0x00000000       0x20 ./Sources/finish_isr.o
 .data          0x00000000        0x0 ./Sources/finish_isr.o
 .bss           0x00000000        0x0 ./Sources/finish_isr.o
 .ARM.extab     0x00000000        0x0 ./Sources/finish_isr.o
 .ARM.exidx     0x00000000        0x8 ./Sources/finish_isr.o
 .ARM.attributes
                0x00000000       0x27 ./Sources/finish_isr.o
 .debug_line    0x00000000       0x52 ./Sources/finish_isr.o
 .debug_info    0x00000000       0x73 ./Sources/finish_isr.o
 .debug_abbrev  0x00000000       0x14 ./Sources/finish_isr.o
 .debug_aranges
                0x00000000       0x20 ./Sources/finish_isr.o
 .text          0x00000000        0x8 ./Sources/clean_stack_from_chaintask.o
 .data          0x00000000        0x0 ./Sources/clean_stack_from_chaintask.o
 .bss           0x00000000        0x0 ./Sources/clean_stack_from_chaintask.o
 .ARM.extab     0x00000000        0x0 ./Sources/clean_stack_from_chaintask.o
 .ARM.exidx     0x00000000        0x8 ./Sources/clean_stack_from_chaintask.o
 .ARM.attributes
                0x00000000       0x27 ./Sources/clean_stack_from_chaintask.o
 .debug_line    0x00000000       0x57 ./Sources/clean_stack_from_chaintask.o
 .debug_info    0x00000000       0x83 ./Sources/clean_stack_from_chaintask.o
 .debug_abbrev  0x00000000       0x14 ./Sources/clean_stack_from_chaintask.o
 .debug_aranges
                0x00000000       0x20 ./Sources/clean_stack_from_chaintask.o
 .text          0x00000000        0x0 ./Sources/User.o
 .data          0x00000000        0x0 ./Sources/User.o
 .bss           0x00000000        0x0 ./Sources/User.o
 .text          0x00000000        0x0 ./Sources/RGB.o
 .data          0x00000000        0x0 ./Sources/RGB.o
 .bss           0x00000000        0x0 ./Sources/RGB.o
 .text          0x00000000        0x0 ./Sources/Queue.o
 .data          0x00000000        0x0 ./Sources/Queue.o
 .bss           0x00000000        0x0 ./Sources/Queue.o
 .text.TaskList_Full
                0x00000000       0x30 ./Sources/Queue.o
 .text.TaskList_TaskNumber
                0x00000000       0x28 ./Sources/Queue.o
 .text          0x00000000        0x0 ./Sources/OperativeSystem.o
 .data          0x00000000        0x0 ./Sources/OperativeSystem.o
 .bss           0x00000000        0x0 ./Sources/OperativeSystem.o
 .text          0x00000000        0x0 ./Sources/Mailbox.o
 .data          0x00000000        0x0 ./Sources/Mailbox.o
 .bss           0x00000000        0x0 ./Sources/Mailbox.o
 .text          0x00000000        0x0 ./Sources/Alarms.o
 .data          0x00000000        0x0 ./Sources/Alarms.o
 .bss           0x00000000        0x0 ./Sources/Alarms.o
 .text.GetAlarmBase
                0x00000000       0x34 ./Sources/Alarms.o
 .text.SetRelAlarm
                0x00000000       0x38 ./Sources/Alarms.o
 .text.SetAbsAlarm
                0x00000000       0x38 ./Sources/Alarms.o
 .text.CancelAlarm
                0x00000000       0x34 ./Sources/Alarms.o
 .text.Alarms_Enable
                0x00000000       0x44 ./Sources/Alarms.o
 .text.Alarms_Disable
                0x00000000       0x44 ./Sources/Alarms.o
 .text.GetAlarm
                0x00000000       0x3c ./Sources/Alarms.o
 .debug_info    0x00000000      0x3e9 ./Sources/Alarms.o
 .debug_abbrev  0x00000000       0xe5 ./Sources/Alarms.o
 .debug_loc     0x00000000      0x188 ./Sources/Alarms.o
 .debug_aranges
                0x00000000       0x50 ./Sources/Alarms.o
 .debug_macinfo
                0x00000000    0x6207c ./Sources/Alarms.o
 .debug_line    0x00000000      0x262 ./Sources/Alarms.o
 .debug_str     0x00000000      0x320 ./Sources/Alarms.o
 .comment       0x00000000       0x7a ./Sources/Alarms.o
 .ARM.attributes
                0x00000000       0x3b ./Sources/Alarms.o
 .debug_frame   0x00000000       0xd4 ./Sources/Alarms.o
 .text          0x00000000        0x0 C:/Freescale/CW MCU v10.7/MCU/ARM_GCC_Support/ewl/lib/armv7e-m/fpu\libc.a(exit.o)
 .data          0x00000000        0x0 C:/Freescale/CW MCU v10.7/MCU/ARM_GCC_Support/ewl/lib/armv7e-m/fpu\libc.a(exit.o)
 .bss           0x00000000        0x0 C:/Freescale/CW MCU v10.7/MCU/ARM_GCC_Support/ewl/lib/armv7e-m/fpu\libc.a(exit.o)
 .text          0x00000000        0x0 C:/Freescale/CW MCU v10.7/MCU/ARM_GCC_Support/ewl/lib/armv7e-m/fpu\libc.a(alloc.o)
 .data          0x00000000        0x0 C:/Freescale/CW MCU v10.7/MCU/ARM_GCC_Support/ewl/lib/armv7e-m/fpu\libc.a(alloc.o)
 .bss           0x00000000        0x0 C:/Freescale/CW MCU v10.7/MCU/ARM_GCC_Support/ewl/lib/armv7e-m/fpu\libc.a(alloc.o)
 .text.realloc  0x00000000       0x4a C:/Freescale/CW MCU v10.7/MCU/ARM_GCC_Support/ewl/lib/armv7e-m/fpu\libc.a(alloc.o)
 .text.free     0x00000000       0x10 C:/Freescale/CW MCU v10.7/MCU/ARM_GCC_Support/ewl/lib/armv7e-m/fpu\libc.a(alloc.o)
 .text.calloc   0x00000000       0x3a C:/Freescale/CW MCU v10.7/MCU/ARM_GCC_Support/ewl/lib/armv7e-m/fpu\libc.a(alloc.o)
 .text          0x00000000        0x0 C:/Freescale/CW MCU v10.7/MCU/ARM_GCC_Support/ewl/lib/armv7e-m/fpu\libc.a(memset.o)
 .data          0x00000000        0x0 C:/Freescale/CW MCU v10.7/MCU/ARM_GCC_Support/ewl/lib/armv7e-m/fpu\libc.a(memset.o)
 .bss           0x00000000        0x0 C:/Freescale/CW MCU v10.7/MCU/ARM_GCC_Support/ewl/lib/armv7e-m/fpu\libc.a(memset.o)
 .text          0x00000000        0x0 C:/Freescale/CW MCU v10.7/MCU/ARM_GCC_Support/ewl/lib/armv7e-m/fpu\libc.a(__filll_mem.o)
 .data          0x00000000        0x0 C:/Freescale/CW MCU v10.7/MCU/ARM_GCC_Support/ewl/lib/armv7e-m/fpu\libc.a(__filll_mem.o)
 .bss           0x00000000        0x0 C:/Freescale/CW MCU v10.7/MCU/ARM_GCC_Support/ewl/lib/armv7e-m/fpu\libc.a(__filll_mem.o)
 .text          0x00000000        0x0 C:/Freescale/CW MCU v10.7/MCU/ARM_GCC_Support/ewl/lib/armv7e-m/fpu\libc.a(memcpy.o)
 .data          0x00000000        0x0 C:/Freescale/CW MCU v10.7/MCU/ARM_GCC_Support/ewl/lib/armv7e-m/fpu\libc.a(memcpy.o)
 .bss           0x00000000        0x0 C:/Freescale/CW MCU v10.7/MCU/ARM_GCC_Support/ewl/lib/armv7e-m/fpu\libc.a(memcpy.o)
 .debug_info    0x00000000      0x10f C:/Freescale/CW MCU v10.7/MCU/ARM_GCC_Support/ewl/lib/armv7e-m/fpu\libc.a(memcpy.o)
 .debug_abbrev  0x00000000       0x95 C:/Freescale/CW MCU v10.7/MCU/ARM_GCC_Support/ewl/lib/armv7e-m/fpu\libc.a(memcpy.o)
 .debug_loc     0x00000000       0x59 C:/Freescale/CW MCU v10.7/MCU/ARM_GCC_Support/ewl/lib/armv7e-m/fpu\libc.a(memcpy.o)
 .debug_aranges
                0x00000000       0x20 C:/Freescale/CW MCU v10.7/MCU/ARM_GCC_Support/ewl/lib/armv7e-m/fpu\libc.a(memcpy.o)
 .debug_line    0x00000000       0x8b C:/Freescale/CW MCU v10.7/MCU/ARM_GCC_Support/ewl/lib/armv7e-m/fpu\libc.a(memcpy.o)
 .debug_str     0x00000000      0x138 C:/Freescale/CW MCU v10.7/MCU/ARM_GCC_Support/ewl/lib/armv7e-m/fpu\libc.a(memcpy.o)
 .comment       0x00000000       0x7a C:/Freescale/CW MCU v10.7/MCU/ARM_GCC_Support/ewl/lib/armv7e-m/fpu\libc.a(memcpy.o)
 .ARM.attributes
                0x00000000       0x3b C:/Freescale/CW MCU v10.7/MCU/ARM_GCC_Support/ewl/lib/armv7e-m/fpu\libc.a(memcpy.o)
 .debug_frame   0x00000000       0x28 C:/Freescale/CW MCU v10.7/MCU/ARM_GCC_Support/ewl/lib/armv7e-m/fpu\libc.a(memcpy.o)
 .text          0x00000000        0x0 C:/Freescale/CW MCU v10.7/MCU/ARM_GCC_Support/ewl/lib/armv7e-m/fpu\libc.a(printformat_.o)
 .data          0x00000000        0x0 C:/Freescale/CW MCU v10.7/MCU/ARM_GCC_Support/ewl/lib/armv7e-m/fpu\libc.a(printformat_.o)
 .bss           0x00000000        0x0 C:/Freescale/CW MCU v10.7/MCU/ARM_GCC_Support/ewl/lib/armv7e-m/fpu\libc.a(printformat_.o)
 .text          0x00000000        0x0 C:/Freescale/CW MCU v10.7/MCU/ARM_GCC_Support/ewl/lib/armv7e-m/fpu\libc.a(scanformat_.o)
 .data          0x00000000        0x0 C:/Freescale/CW MCU v10.7/MCU/ARM_GCC_Support/ewl/lib/armv7e-m/fpu\libc.a(scanformat_.o)
 .bss           0x00000000        0x0 C:/Freescale/CW MCU v10.7/MCU/ARM_GCC_Support/ewl/lib/armv7e-m/fpu\libc.a(scanformat_.o)
 .text          0x00000000        0x0 C:/Freescale/CW MCU v10.7/MCU/ARM_GCC_Support/ewl/lib/armv7e-m/fpu\libc.a(ctype_aeabi.o)
 .data          0x00000000        0x0 C:/Freescale/CW MCU v10.7/MCU/ARM_GCC_Support/ewl/lib/armv7e-m/fpu\libc.a(ctype_aeabi.o)
 .bss           0x00000000        0x0 C:/Freescale/CW MCU v10.7/MCU/ARM_GCC_Support/ewl/lib/armv7e-m/fpu\libc.a(ctype_aeabi.o)
 .text.isalnum  0x00000000       0x18 C:/Freescale/CW MCU v10.7/MCU/ARM_GCC_Support/ewl/lib/armv7e-m/fpu\libc.a(ctype_aeabi.o)
 .text.iscntrl  0x00000000       0x1c C:/Freescale/CW MCU v10.7/MCU/ARM_GCC_Support/ewl/lib/armv7e-m/fpu\libc.a(ctype_aeabi.o)
 .text.isdigit  0x00000000        0xc C:/Freescale/CW MCU v10.7/MCU/ARM_GCC_Support/ewl/lib/armv7e-m/fpu\libc.a(ctype_aeabi.o)
 .text.isgraph  0x00000000       0x18 C:/Freescale/CW MCU v10.7/MCU/ARM_GCC_Support/ewl/lib/armv7e-m/fpu\libc.a(ctype_aeabi.o)
 .text.islower  0x00000000       0x1c C:/Freescale/CW MCU v10.7/MCU/ARM_GCC_Support/ewl/lib/armv7e-m/fpu\libc.a(ctype_aeabi.o)
 .text.isprint  0x00000000       0x18 C:/Freescale/CW MCU v10.7/MCU/ARM_GCC_Support/ewl/lib/armv7e-m/fpu\libc.a(ctype_aeabi.o)
 .text.ispunct  0x00000000       0x1c C:/Freescale/CW MCU v10.7/MCU/ARM_GCC_Support/ewl/lib/armv7e-m/fpu\libc.a(ctype_aeabi.o)
 .text.isupper  0x00000000       0x1c C:/Freescale/CW MCU v10.7/MCU/ARM_GCC_Support/ewl/lib/armv7e-m/fpu\libc.a(ctype_aeabi.o)
 .text.isxdigit
                0x00000000       0x1c C:/Freescale/CW MCU v10.7/MCU/ARM_GCC_Support/ewl/lib/armv7e-m/fpu\libc.a(ctype_aeabi.o)
 .text.isblank  0x00000000       0x28 C:/Freescale/CW MCU v10.7/MCU/ARM_GCC_Support/ewl/lib/armv7e-m/fpu\libc.a(ctype_aeabi.o)
 .text.tolower  0x00000000        0xc C:/Freescale/CW MCU v10.7/MCU/ARM_GCC_Support/ewl/lib/armv7e-m/fpu\libc.a(ctype_aeabi.o)
 .text          0x00000000        0x0 C:/Freescale/CW MCU v10.7/MCU/ARM_GCC_Support/ewl/lib/armv7e-m/fpu\libc.a(__strtoul.o)
 .data          0x00000000        0x0 C:/Freescale/CW MCU v10.7/MCU/ARM_GCC_Support/ewl/lib/armv7e-m/fpu\libc.a(__strtoul.o)
 .bss           0x00000000        0x0 C:/Freescale/CW MCU v10.7/MCU/ARM_GCC_Support/ewl/lib/armv7e-m/fpu\libc.a(__strtoul.o)
 .text          0x00000000        0x0 C:/Freescale/CW MCU v10.7/MCU/ARM_GCC_Support/ewl/lib/armv7e-m/fpu\libc.a(strchr.o)
 .data          0x00000000        0x0 C:/Freescale/CW MCU v10.7/MCU/ARM_GCC_Support/ewl/lib/armv7e-m/fpu\libc.a(strchr.o)
 .bss           0x00000000        0x0 C:/Freescale/CW MCU v10.7/MCU/ARM_GCC_Support/ewl/lib/armv7e-m/fpu\libc.a(strchr.o)
 .text          0x00000000        0x0 C:/Freescale/CW MCU v10.7/MCU/ARM_GCC_Support/ewl/lib/armv7e-m/fpu\libc.a(strlen.o)
 .data          0x00000000        0x0 C:/Freescale/CW MCU v10.7/MCU/ARM_GCC_Support/ewl/lib/armv7e-m/fpu\libc.a(strlen.o)
 .bss           0x00000000        0x0 C:/Freescale/CW MCU v10.7/MCU/ARM_GCC_Support/ewl/lib/armv7e-m/fpu\libc.a(strlen.o)
 .text          0x00000000        0x0 C:/Freescale/CW MCU v10.7/MCU/ARM_GCC_Support/ewl/lib/armv7e-m/fpu\libc.a(memchr.o)
 .data          0x00000000        0x0 C:/Freescale/CW MCU v10.7/MCU/ARM_GCC_Support/ewl/lib/armv7e-m/fpu\libc.a(memchr.o)
 .bss           0x00000000        0x0 C:/Freescale/CW MCU v10.7/MCU/ARM_GCC_Support/ewl/lib/armv7e-m/fpu\libc.a(memchr.o)
 .data          0x00000000        0x0 c:/freescale/cw mcu v10.7/cross_tools/arm-none-eabi-gcc-4_7_3/bin/../lib/gcc/arm-none-eabi/4.7.3/armv7e-m/fpu\libgcc.a(unwind-arm.o)
 .bss           0x00000000        0x0 c:/freescale/cw mcu v10.7/cross_tools/arm-none-eabi-gcc-4_7_3/bin/../lib/gcc/arm-none-eabi/4.7.3/armv7e-m/fpu\libgcc.a(unwind-arm.o)
 .ARM.attributes
                0x00000000       0x36 c:/freescale/cw mcu v10.7/cross_tools/arm-none-eabi-gcc-4_7_3/bin/../lib/gcc/arm-none-eabi/4.7.3/armv7e-m/fpu\libgcc.a(unwind-arm.o)
 .debug_frame   0x00000000      0x2a0 c:/freescale/cw mcu v10.7/cross_tools/arm-none-eabi-gcc-4_7_3/bin/../lib/gcc/arm-none-eabi/4.7.3/armv7e-m/fpu\libgcc.a(unwind-arm.o)
 .data          0x00000000        0x0 c:/freescale/cw mcu v10.7/cross_tools/arm-none-eabi-gcc-4_7_3/bin/../lib/gcc/arm-none-eabi/4.7.3/armv7e-m/fpu\libgcc.a(libunwind.o)
 .bss           0x00000000        0x0 c:/freescale/cw mcu v10.7/cross_tools/arm-none-eabi-gcc-4_7_3/bin/../lib/gcc/arm-none-eabi/4.7.3/armv7e-m/fpu\libgcc.a(libunwind.o)
 .ARM.attributes
                0x00000000       0x24 c:/freescale/cw mcu v10.7/cross_tools/arm-none-eabi-gcc-4_7_3/bin/../lib/gcc/arm-none-eabi/4.7.3/armv7e-m/fpu\libgcc.a(libunwind.o)
 .data          0x00000000        0x0 c:/freescale/cw mcu v10.7/cross_tools/arm-none-eabi-gcc-4_7_3/bin/../lib/gcc/arm-none-eabi/4.7.3/armv7e-m/fpu\libgcc.a(pr-support.o)
 .bss           0x00000000        0x0 c:/freescale/cw mcu v10.7/cross_tools/arm-none-eabi-gcc-4_7_3/bin/../lib/gcc/arm-none-eabi/4.7.3/armv7e-m/fpu\libgcc.a(pr-support.o)
 .ARM.attributes
                0x00000000       0x36 c:/freescale/cw mcu v10.7/cross_tools/arm-none-eabi-gcc-4_7_3/bin/../lib/gcc/arm-none-eabi/4.7.3/armv7e-m/fpu\libgcc.a(pr-support.o)
 .debug_frame   0x00000000       0xe8 c:/freescale/cw mcu v10.7/cross_tools/arm-none-eabi-gcc-4_7_3/bin/../lib/gcc/arm-none-eabi/4.7.3/armv7e-m/fpu\libgcc.a(pr-support.o)
 .text          0x00000000        0x0 C:/Freescale/CW MCU v10.7/MCU/ARM_GCC_Support/ewl/lib/armv7e-m/fpu\librt.a(gcc_ctor_dtor.o)
 .data          0x00000000        0x0 C:/Freescale/CW MCU v10.7/MCU/ARM_GCC_Support/ewl/lib/armv7e-m/fpu\librt.a(gcc_ctor_dtor.o)
 .bss           0x00000000        0x0 C:/Freescale/CW MCU v10.7/MCU/ARM_GCC_Support/ewl/lib/armv7e-m/fpu\librt.a(gcc_ctor_dtor.o)
 .bss.__dso_handle
                0x00000000        0x4 C:/Freescale/CW MCU v10.7/MCU/ARM_GCC_Support/ewl/lib/armv7e-m/fpu\librt.a(gcc_ctor_dtor.o)
 .text          0x00000000        0x0 C:/Freescale/CW MCU v10.7/MCU/ARM_GCC_Support/ewl/lib/armv7e-m/fpu\librt.a(__arm_eabi_init.o)
 .data          0x00000000        0x0 C:/Freescale/CW MCU v10.7/MCU/ARM_GCC_Support/ewl/lib/armv7e-m/fpu\librt.a(__arm_eabi_init.o)
 .bss           0x00000000        0x0 C:/Freescale/CW MCU v10.7/MCU/ARM_GCC_Support/ewl/lib/armv7e-m/fpu\librt.a(__arm_eabi_init.o)
 .text.__register_global_object
                0x00000000       0x14 C:/Freescale/CW MCU v10.7/MCU/ARM_GCC_Support/ewl/lib/armv7e-m/fpu\librt.a(__arm_eabi_init.o)
 .text.__cxa_atexit
                0x00000000       0x38 C:/Freescale/CW MCU v10.7/MCU/ARM_GCC_Support/ewl/lib/armv7e-m/fpu\librt.a(__arm_eabi_init.o)
 .text.__aeabi_atexit
                0x00000000        0xa C:/Freescale/CW MCU v10.7/MCU/ARM_GCC_Support/ewl/lib/armv7e-m/fpu\librt.a(__arm_eabi_init.o)
 .text.__register_atexit
                0x00000000        0x8 C:/Freescale/CW MCU v10.7/MCU/ARM_GCC_Support/ewl/lib/armv7e-m/fpu\librt.a(__arm_eabi_init.o)
 .text.__init_hardware
                0x00000000        0x4 C:/Freescale/CW MCU v10.7/MCU/ARM_GCC_Support/ewl/lib/armv7e-m/fpu\librt.a(__arm_eabi_init.o)
 .bss.atexit_curr_func
                0x00000000        0x4 C:/Freescale/CW MCU v10.7/MCU/ARM_GCC_Support/ewl/lib/armv7e-m/fpu\librt.a(__arm_eabi_init.o)
 .bss.atexit_funcs
                0x00000000      0x300 C:/Freescale/CW MCU v10.7/MCU/ARM_GCC_Support/ewl/lib/armv7e-m/fpu\librt.a(__arm_eabi_init.o)
 .text          0x00000000        0x0 C:/Freescale/CW MCU v10.7/MCU/ARM_GCC_Support/ewl/lib/armv7e-m/fpu\librt.a(ROMCopy.o)
 .data          0x00000000        0x0 C:/Freescale/CW MCU v10.7/MCU/ARM_GCC_Support/ewl/lib/armv7e-m/fpu\librt.a(ROMCopy.o)
 .bss           0x00000000        0x0 C:/Freescale/CW MCU v10.7/MCU/ARM_GCC_Support/ewl/lib/armv7e-m/fpu\librt.a(ROMCopy.o)
 .text.__flush_cache
                0x00000000        0x2 C:/Freescale/CW MCU v10.7/MCU/ARM_GCC_Support/ewl/lib/armv7e-m/fpu\librt.a(ROMCopy.o)
 .text          0x00000000        0x0 C:/Freescale/CW MCU v10.7/MCU/ARM_GCC_Support/ewl/lib/armv7e-m/fpu\libc.a(abort.o)
 .data          0x00000000        0x0 C:/Freescale/CW MCU v10.7/MCU/ARM_GCC_Support/ewl/lib/armv7e-m/fpu\libc.a(abort.o)
 .bss           0x00000000        0x0 C:/Freescale/CW MCU v10.7/MCU/ARM_GCC_Support/ewl/lib/armv7e-m/fpu\libc.a(abort.o)
 .debug_info    0x00000000       0xb2 C:/Freescale/CW MCU v10.7/MCU/ARM_GCC_Support/ewl/lib/armv7e-m/fpu\libc.a(abort.o)
 .debug_abbrev  0x00000000       0x5c C:/Freescale/CW MCU v10.7/MCU/ARM_GCC_Support/ewl/lib/armv7e-m/fpu\libc.a(abort.o)
 .debug_loc     0x00000000       0x20 C:/Freescale/CW MCU v10.7/MCU/ARM_GCC_Support/ewl/lib/armv7e-m/fpu\libc.a(abort.o)
 .debug_aranges
                0x00000000       0x20 C:/Freescale/CW MCU v10.7/MCU/ARM_GCC_Support/ewl/lib/armv7e-m/fpu\libc.a(abort.o)
 .debug_line    0x00000000       0x77 C:/Freescale/CW MCU v10.7/MCU/ARM_GCC_Support/ewl/lib/armv7e-m/fpu\libc.a(abort.o)
 .debug_str     0x00000000      0x13f C:/Freescale/CW MCU v10.7/MCU/ARM_GCC_Support/ewl/lib/armv7e-m/fpu\libc.a(abort.o)
 .comment       0x00000000       0x7a C:/Freescale/CW MCU v10.7/MCU/ARM_GCC_Support/ewl/lib/armv7e-m/fpu\libc.a(abort.o)
 .ARM.attributes
                0x00000000       0x3b C:/Freescale/CW MCU v10.7/MCU/ARM_GCC_Support/ewl/lib/armv7e-m/fpu\libc.a(abort.o)
 .debug_frame   0x00000000       0x28 C:/Freescale/CW MCU v10.7/MCU/ARM_GCC_Support/ewl/lib/armv7e-m/fpu\libc.a(abort.o)
 .text          0x00000000        0x0 C:/Freescale/CW MCU v10.7/MCU/ARM_GCC_Support/ewl/lib/armv7e-m/fpu\libc.a(raise.o)
 .data          0x00000000        0x0 C:/Freescale/CW MCU v10.7/MCU/ARM_GCC_Support/ewl/lib/armv7e-m/fpu\libc.a(raise.o)
 .bss           0x00000000        0x0 C:/Freescale/CW MCU v10.7/MCU/ARM_GCC_Support/ewl/lib/armv7e-m/fpu\libc.a(raise.o)
 .debug_info    0x00000000      0x108 C:/Freescale/CW MCU v10.7/MCU/ARM_GCC_Support/ewl/lib/armv7e-m/fpu\libc.a(raise.o)
 .debug_abbrev  0x00000000       0xa6 C:/Freescale/CW MCU v10.7/MCU/ARM_GCC_Support/ewl/lib/armv7e-m/fpu\libc.a(raise.o)
 .debug_loc     0x00000000       0x7d C:/Freescale/CW MCU v10.7/MCU/ARM_GCC_Support/ewl/lib/armv7e-m/fpu\libc.a(raise.o)
 .debug_aranges
                0x00000000       0x20 C:/Freescale/CW MCU v10.7/MCU/ARM_GCC_Support/ewl/lib/armv7e-m/fpu\libc.a(raise.o)
 .debug_line    0x00000000       0x8a C:/Freescale/CW MCU v10.7/MCU/ARM_GCC_Support/ewl/lib/armv7e-m/fpu\libc.a(raise.o)
 .debug_str     0x00000000      0x161 C:/Freescale/CW MCU v10.7/MCU/ARM_GCC_Support/ewl/lib/armv7e-m/fpu\libc.a(raise.o)
 .comment       0x00000000       0x7a C:/Freescale/CW MCU v10.7/MCU/ARM_GCC_Support/ewl/lib/armv7e-m/fpu\libc.a(raise.o)
 .ARM.attributes
                0x00000000       0x3b C:/Freescale/CW MCU v10.7/MCU/ARM_GCC_Support/ewl/lib/armv7e-m/fpu\libc.a(raise.o)
 .debug_frame   0x00000000       0x2c C:/Freescale/CW MCU v10.7/MCU/ARM_GCC_Support/ewl/lib/armv7e-m/fpu\libc.a(raise.o)
 .text          0x00000000        0x0 C:/Freescale/CW MCU v10.7/MCU/ARM_GCC_Support/ewl/lib/armv7e-m/fpu\libc.a(signal.o)
 .data          0x00000000        0x0 C:/Freescale/CW MCU v10.7/MCU/ARM_GCC_Support/ewl/lib/armv7e-m/fpu\libc.a(signal.o)
 .bss           0x00000000        0x0 C:/Freescale/CW MCU v10.7/MCU/ARM_GCC_Support/ewl/lib/armv7e-m/fpu\libc.a(signal.o)
 .text.signal   0x00000000       0x28 C:/Freescale/CW MCU v10.7/MCU/ARM_GCC_Support/ewl/lib/armv7e-m/fpu\libc.a(signal.o)
 .debug_info    0x00000000      0x126 C:/Freescale/CW MCU v10.7/MCU/ARM_GCC_Support/ewl/lib/armv7e-m/fpu\libc.a(signal.o)
 .debug_abbrev  0x00000000       0xc6 C:/Freescale/CW MCU v10.7/MCU/ARM_GCC_Support/ewl/lib/armv7e-m/fpu\libc.a(signal.o)
 .debug_loc     0x00000000       0x3c C:/Freescale/CW MCU v10.7/MCU/ARM_GCC_Support/ewl/lib/armv7e-m/fpu\libc.a(signal.o)
 .debug_aranges
                0x00000000       0x20 C:/Freescale/CW MCU v10.7/MCU/ARM_GCC_Support/ewl/lib/armv7e-m/fpu\libc.a(signal.o)
 .debug_line    0x00000000       0x84 C:/Freescale/CW MCU v10.7/MCU/ARM_GCC_Support/ewl/lib/armv7e-m/fpu\libc.a(signal.o)
 .debug_str     0x00000000      0x179 C:/Freescale/CW MCU v10.7/MCU/ARM_GCC_Support/ewl/lib/armv7e-m/fpu\libc.a(signal.o)
 .comment       0x00000000       0x7a C:/Freescale/CW MCU v10.7/MCU/ARM_GCC_Support/ewl/lib/armv7e-m/fpu\libc.a(signal.o)
 .ARM.attributes
                0x00000000       0x3b C:/Freescale/CW MCU v10.7/MCU/ARM_GCC_Support/ewl/lib/armv7e-m/fpu\libc.a(signal.o)
 .debug_frame   0x00000000       0x20 C:/Freescale/CW MCU v10.7/MCU/ARM_GCC_Support/ewl/lib/armv7e-m/fpu\libc.a(signal.o)
 .text          0x00000000        0x0 C:/Freescale/CW MCU v10.7/MCU/ARM_GCC_Support/ewl/lib/armv7e-m/fpu\libc.a(errno.o)
 .data          0x00000000        0x0 C:/Freescale/CW MCU v10.7/MCU/ARM_GCC_Support/ewl/lib/armv7e-m/fpu\libc.a(errno.o)
 .bss           0x00000000        0x0 C:/Freescale/CW MCU v10.7/MCU/ARM_GCC_Support/ewl/lib/armv7e-m/fpu\libc.a(errno.o)
 .debug_info    0x00000000       0x9d C:/Freescale/CW MCU v10.7/MCU/ARM_GCC_Support/ewl/lib/armv7e-m/fpu\libc.a(errno.o)
 .debug_abbrev  0x00000000       0x44 C:/Freescale/CW MCU v10.7/MCU/ARM_GCC_Support/ewl/lib/armv7e-m/fpu\libc.a(errno.o)
 .debug_aranges
                0x00000000       0x18 C:/Freescale/CW MCU v10.7/MCU/ARM_GCC_Support/ewl/lib/armv7e-m/fpu\libc.a(errno.o)
 .debug_line    0x00000000       0x4d C:/Freescale/CW MCU v10.7/MCU/ARM_GCC_Support/ewl/lib/armv7e-m/fpu\libc.a(errno.o)
 .debug_str     0x00000000      0x12c C:/Freescale/CW MCU v10.7/MCU/ARM_GCC_Support/ewl/lib/armv7e-m/fpu\libc.a(errno.o)
 .comment       0x00000000       0x7a C:/Freescale/CW MCU v10.7/MCU/ARM_GCC_Support/ewl/lib/armv7e-m/fpu\libc.a(errno.o)
 .ARM.attributes
                0x00000000       0x3b C:/Freescale/CW MCU v10.7/MCU/ARM_GCC_Support/ewl/lib/armv7e-m/fpu\libc.a(errno.o)
 COMMON         0x00000000        0x4 C:/Freescale/CW MCU v10.7/MCU/ARM_GCC_Support/ewl/lib/armv7e-m/fpu\libc.a(errno.o)

Memory Configuration

Name             Origin             Length             Attributes
m_interrupts     0x00000000         0x00000198         xr
m_cfmprotrom     0x00000400         0x00000010         xr
m_text           0x00000800         0x000ff800         xr
m_data           0x1fff0000         0x00010000         xrw
m_data2          0x20000000         0x00030000         xrw
*default*        0x00000000         0xffffffff

Linker script and memory map

LOAD ./Project_Settings/Startup_Code/kinetis_sysinit.o
LOAD ./Project_Settings/Startup_Code/__arm_start.o
LOAD ./Project_Settings/Startup_Code/__arm_end.o
LOAD ./Sources/test2.o
LOAD ./Sources/test.o
LOAD ./Sources/set_sp.o
LOAD ./Sources/set_pc_sp_lr.o
LOAD ./Sources/set_pc_sp.o
LOAD ./Sources/restore_context.o
LOAD ./Sources/recover_context2.o
LOAD ./Sources/recover_context.o
LOAD ./Sources/pop_twice.o
LOAD ./Sources/pop_r7_pc.o
LOAD ./Sources/main.o
LOAD ./Sources/jump_to_os_loop.o
LOAD ./Sources/get_task_return_dir.o
LOAD ./Sources/finish_isr2.o
LOAD ./Sources/finish_isr.o
LOAD ./Sources/clean_stack_from_chaintask.o
LOAD ./Sources/User.o
LOAD ./Sources/RGB.o
LOAD ./Sources/Queue.o
LOAD ./Sources/OperativeSystem.o
LOAD ./Sources/Mailbox.o
LOAD ./Sources/Alarms.o
                0x00003d8c                __pformatter = __pformatter_
                [0x00004184]                __sformatter = __sformatter
START GROUP
LOAD C:/Freescale/CW MCU v10.7/MCU/ARM_GCC_Support/ewl/lib/armv7e-m/fpu\libc.a
LOAD C:/Freescale/CW MCU v10.7/MCU/ARM_GCC_Support/ewl/lib/armv7e-m/fpu\libm.a
LOAD c:/freescale/cw mcu v10.7/cross_tools/arm-none-eabi-gcc-4_7_3/bin/../lib/gcc/arm-none-eabi/4.7.3/armv7e-m/fpu\libgcc.a
LOAD C:/Freescale/CW MCU v10.7/MCU/ARM_GCC_Support/ewl/lib/armv7e-m/fpu\librt.a
LOAD C:/Freescale/CW MCU v10.7/MCU/ARM_GCC_Support/ewl/lib/armv7e-m/fpu\libuart.a
END GROUP
                0x20000000                _estack = 0x20000000
                0x20000000                __SP_INIT = _estack
                0x00000800                __heap_size = 0x800
                0x00000800                __stack_size = 0x800

.interrupts     0x00000000      0x198
                0x00000000                __vector_table = .
                0x00000000                . = ALIGN (0x4)
 *(.vectortable)
 .vectortable   0x00000000      0x198 ./Project_Settings/Startup_Code/kinetis_sysinit.o
                0x00000000                InterruptVector
                0x00000198                . = ALIGN (0x4)

.cfmprotect     0x00000400        0x0
                0x00000400                . = ALIGN (0x4)
 *(.cfmconfig)
                0x00000400                . = ALIGN (0x4)

.text           0x00000800     0x45cc
                0x00000800                . = ALIGN (0x4)
 *(.text)
 .text          0x00000800        0xc ./Sources/set_pc_sp.o
                0x00000800                set_pc_sp
 .text          0x0000080c        0xc ./Sources/restore_context.o
                0x0000080c                restore_context
 .text          0x00000818        0xc ./Sources/recover_context2.o
                0x00000818                recover_context2
 .text          0x00000824        0xc ./Sources/get_task_return_dir.o
                0x00000824                get_task_return_dir
 .text          0x00000830       0x20 ./Sources/finish_isr2.o
                0x00000830                finish_isr2
 .text          0x00000850      0xba4 c:/freescale/cw mcu v10.7/cross_tools/arm-none-eabi-gcc-4_7_3/bin/../lib/gcc/arm-none-eabi/4.7.3/armv7e-m/fpu\libgcc.a(unwind-arm.o)
                0x00000b14                _Unwind_GetCFA
                0x00000b18                __gnu_Unwind_RaiseException
                0x00000b78                __gnu_Unwind_ForcedUnwind
                0x00000b90                __gnu_Unwind_Resume
                0x00000bd4                __gnu_Unwind_Resume_or_Rethrow
                0x00000bec                _Unwind_Complete
                0x00000bf0                _Unwind_DeleteException
                0x00000c00                _Unwind_VRS_Get
                0x00000c3c                _Unwind_VRS_Set
                0x00000fd8                __aeabi_unwind_cpp_pr2
                0x00000fe0                __aeabi_unwind_cpp_pr1
                0x00000fe8                __aeabi_unwind_cpp_pr0
                0x00000ff0                __gnu_Unwind_Backtrace
                0x0000105c                _Unwind_VRS_Pop
 .text          0x000013f4      0x1ac c:/freescale/cw mcu v10.7/cross_tools/arm-none-eabi-gcc-4_7_3/bin/../lib/gcc/arm-none-eabi/4.7.3/armv7e-m/fpu\libgcc.a(libunwind.o)
                0x000013f4                __restore_core_regs
                0x000013f4                restore_core_regs
                0x0000140c                __gnu_Unwind_Restore_VFP
                0x00001414                __gnu_Unwind_Save_VFP
                0x0000141c                __gnu_Unwind_Restore_VFP_D
                0x00001424                __gnu_Unwind_Save_VFP_D
                0x0000142c                __gnu_Unwind_Restore_VFP_D_16_to_31
                0x00001434                __gnu_Unwind_Save_VFP_D_16_to_31
                0x0000143c                __gnu_Unwind_Restore_WMMXD
                0x00001480                __gnu_Unwind_Save_WMMXD
                0x000014c4                __gnu_Unwind_Restore_WMMXC
                0x000014d8                __gnu_Unwind_Save_WMMXC
                0x000014ec                ___Unwind_RaiseException
                0x000014ec                _Unwind_RaiseException
                0x00001510                _Unwind_Resume
                0x00001510                ___Unwind_Resume
                0x00001534                _Unwind_Resume_or_Rethrow
                0x00001534                ___Unwind_Resume_or_Rethrow
                0x00001558                _Unwind_ForcedUnwind
                0x00001558                ___Unwind_ForcedUnwind
                0x0000157c                ___Unwind_Backtrace
                0x0000157c                _Unwind_Backtrace
 .text          0x000015a0      0x3a0 c:/freescale/cw mcu v10.7/cross_tools/arm-none-eabi-gcc-4_7_3/bin/../lib/gcc/arm-none-eabi/4.7.3/armv7e-m/fpu\libgcc.a(pr-support.o)
                0x000015ec                __gnu_unwind_execute
                0x000018e8                __gnu_unwind_frame
                0x00001910                _Unwind_GetRegionStart
                0x0000191c                _Unwind_GetLanguageSpecificData
                0x00001930                _Unwind_GetDataRelBase
                0x00001938                _Unwind_GetTextRelBase
 *(.text*)
 .text.Default_Handler
                0x00001940        0xc ./Project_Settings/Startup_Code/kinetis_sysinit.o
                0x00001940                RTC_Alarm_IRQHandler
                0x00001940                CAN0_Rx_Warning_IRQHandler
                0x00001940                CAN0_Err_IRQHandler
                0x00001940                I2C0_IRQHandler
                0x00001940                HardFault_Handler
                0x00001940                PDB_IRQHandler
                0x00001940                SysTick_Handler
                0x00001940                UART0_Status_IRQHandler
                0x00001940                PendSV_Handler
                0x00001940                I2C1_IRQHandler
                0x00001940                UART3_Status_IRQHandler
                0x00001940                DMA2_IRQHandler
                0x00001940                PIT0_IRQHandler
                0x00001940                Watchdog_IRQHandler
                0x00001940                Bus_Fault_Handler
                0x00001940                CMP2_IRQHandler
                0x00001940                SWI_IRQHandler
                0x00001940                ADC0_IRQHandler
                0x00001940                ENET_MAC_Transmit_IRQHandler
                0x00001940                I2S0_Tx_IRQHandler
                0x00001940                CMT_IRQHandler
                0x00001940                UART1_Status_IRQHandler
                0x00001940                SPI1_IRQHandler
                0x00001940                DMA9_IRQHandler
                0x00001940                DMA14_IRQHandler
                0x00001940                CMP1_IRQHandler
                0x00001940                PORTD_IRQHandler
                0x00001940                PORTB_IRQHandler
                0x00001940                UART4_ERR_IRQHandler
                0x00001940                ADC1_IRQHandler
                0x00001940                I2C2_IRQHandler
                0x00001940                PIT2_IRQHandler
                0x00001940                I2S0_Rx_IRQHandler
                0x00001940                DMA5_IRQHandler
                0x00001940                FTM1_IRQHandler
                0x00001940                UART3_ERR_IRQHandler
                0x00001940                PIT3_IRQHandler
                0x00001940                SDHC_IRQHandler
                0x00001940                RTC_Seconds_IRQHandler
                0x00001940                MCG_IRQHandler
                0x00001940                ENET_MAC_Timer_IRQHandler
                0x00001940                UART2_ERR_IRQHandler
                0x00001940                DMA11_IRQHandler
                0x00001940                Tamper_Drylce_IRQHandler
                0x00001940                USB_OTG_IRQHandler
                0x00001940                Read_Collision_IRQHandler
                0x00001940                Default_Handler
                0x00001940                UART4_Status_IRQHandler
                0x00001940                DMA7_IRQHandler
                0x00001940                LLW_IRQHandler
                0x00001940                SPI2_IRQHandler
                0x00001940                USB_Charger_Detect_IRQHandler
                0x00001940                SVC_Handler
                0x00001940                Usage_Fault_Handler
                0x00001940                DMA13_IRQHandler
                0x00001940                DMA3_IRQHandler
                0x00001940                UART0_LON_IRQHandler
                0x00001940                RNG_IRQHandler
                0x00001940                DMA0_IRQHandler
                0x00001940                DMA15_IRQHandler
                0x00001940                DAC0_IRQHandler
                0x00001940                ENET_MAC_Error_IRQHandler
                0x00001940                DMA4_IRQHandler
                0x00001940                PIT1_IRQHandler
                0x00001940                UART0_ERR_IRQHandler
                0x00001940                DMA_Error_IRQHandler
                0x00001940                LVD_LVW_IRQHandler
                0x00001940                SPI0_IRQHandler
                0x00001940                CAN0_Tx_WarningIRQHandler
                0x00001940                FTM0_IRQHandler
                0x00001940                DAC1_IRQHandler
                0x00001940                MCM_IRQHandler
                0x00001940                DMA12_IRQHandler
                0x00001940                Mem_Manage_Fault_Handler
                0x00001940                FTFL_IRQHandler
                0x00001940                CAN0_Bus_Off_IRQHandler
                0x00001940                FTM3_IRQHandler
                0x00001940                PORTE_IRQHandler
                0x00001940                CAN0_Message_buffer_IRQHandler
                0x00001940                FTM2_IRQHandler
                0x00001940                DMA8_IRQHandler
                0x00001940                DMA10_IRQHandler
                0x00001940                CAN0_Wake_Up_IRQHandler
                0x00001940                DebugMonitor_Handler
                0x00001940                UART1_ERR_IRQHandler
                0x00001940                CMP0_IRQHandler
                0x00001940                ENET_MAC_Receive_IRQHandler
                0x00001940                DMA6_IRQHandler
                0x00001940                UART2_Status_IRQHandler
                0x00001940                DMA1_IRQHandler
 .text.__init_hardware
                0x0000194c       0x44 ./Project_Settings/Startup_Code/kinetis_sysinit.o
                0x0000194c                __init_hardware
 .text.zero_fill_bss
                0x00001990       0x2c ./Project_Settings/Startup_Code/__arm_start.o
 .text.__thumb_startup
                0x000019bc       0x34 ./Project_Settings/Startup_Code/__arm_start.o
                0x000019bc                __thumb_startup
 .text._ExitProcess
                0x000019f0        0xc ./Project_Settings/Startup_Code/__arm_end.o
                0x000019f0                _ExitProcess
 .text.main     0x000019fc      0x3ec ./Sources/main.o
                0x000019fc                main
 .text.Push_Btn_SW2
                0x00001de8       0x98 ./Sources/main.o
                0x00001de8                Push_Btn_SW2
 .text.Push_Btn_SW3
                0x00001e80       0x98 ./Sources/main.o
                0x00001e80                Push_Btn_SW3
 .text.PORTA_IRQHandler
                0x00001f18       0x38 ./Sources/main.o
                0x00001f18                PORTA_IRQHandler
 .text.PORTC_IRQHandler
                0x00001f50      0x218 ./Sources/main.o
                0x00001f50                PORTC_IRQHandler
 .text.LPTimer_IRQHandler
                0x00002168       0x24 ./Sources/main.o
                0x00002168                LPTimer_IRQHandler
 .text.NMI_Handler
                0x0000218c        0xc ./Sources/main.o
                0x0000218c                NMI_Handler
 .text.TASK_A   0x00002198       0x6c ./Sources/User.o
                0x00002198                TASK_A
 .text.TASK_B   0x00002204       0x74 ./Sources/User.o
                0x00002204                TASK_B
 .text.TASK_C   0x00002278       0xa4 ./Sources/User.o
                0x00002278                TASK_C
 .text.TASK_D   0x0000231c       0x84 ./Sources/User.o
                0x0000231c                TASK_D
 .text.TASK_E   0x000023a0       0x80 ./Sources/User.o
                0x000023a0                TASK_E
 .text.RGB_Init
                0x00002420       0x14 ./Sources/RGB.o
                0x00002420                RGB_Init
 .text.Blue_Led_Init
                0x00002434       0x80 ./Sources/RGB.o
                0x00002434                Blue_Led_Init
 .text.Red_Led_Init
                0x000024b4       0x80 ./Sources/RGB.o
                0x000024b4                Red_Led_Init
 .text.Green_Led_Init
                0x00002534       0x80 ./Sources/RGB.o
                0x00002534                Green_Led_Init
 .text.RGB      0x000025b4       0xb8 ./Sources/RGB.o
                0x000025b4                RGB
 .text.get_empty_TASK
                0x0000266c       0x30 ./Sources/Queue.o
                0x0000266c                get_empty_TASK
 .text.Queue_Add
                0x0000269c       0x68 ./Sources/Queue.o
                0x0000269c                Queue_Add
 .text.Queue_Next
                0x00002704       0xa4 ./Sources/Queue.o
                0x00002704                Queue_Next
 .text.Queue_Pt_Inc
                0x000027a8       0x38 ./Sources/Queue.o
                0x000027a8                Queue_Pt_Inc
 .text.TaskList_Empty
                0x000027e0       0x2c ./Sources/Queue.o
                0x000027e0                TaskList_Empty
 .text.Sort_TaskList
                0x0000280c      0x28c ./Sources/Queue.o
                0x0000280c                Sort_TaskList
 .text.Queue_Search
                0x00002a98      0x150 ./Sources/Queue.o
                0x00002a98                Queue_Search
 .text.ActivateTask
                0x00002be8       0xc4 ./Sources/OperativeSystem.o
                0x00002be8                ActivateTask
 .text.AddTaskFromAlarm
                0x00002cac       0x68 ./Sources/OperativeSystem.o
                0x00002cac                AddTaskFromAlarm
 .text.ActivateTaskIRQ
                0x00002d14       0x84 ./Sources/OperativeSystem.o
                0x00002d14                ActivateTaskIRQ
 .text.RunNextTask
                0x00002d98      0x10c ./Sources/OperativeSystem.o
                0x00002d98                RunNextTask
 .text.ChainTask
                0x00002ea4       0x70 ./Sources/OperativeSystem.o
                0x00002ea4                ChainTask
 .text.TerminateTask
                0x00002f14       0x4c ./Sources/OperativeSystem.o
                0x00002f14                TerminateTask
 .text.CheckNextTask
                0x00002f60       0x6c ./Sources/OperativeSystem.o
                0x00002f60                CheckNextTask
 .text.RunTask  0x00002fcc       0x98 ./Sources/OperativeSystem.o
                0x00002fcc                RunTask
 .text.OS_init  0x00003064       0x84 ./Sources/OperativeSystem.o
                0x00003064                OS_init
 .text.OS_loop  0x000030e8       0x34 ./Sources/OperativeSystem.o
                0x000030e8                OS_loop
 .text.checkAutoStartSetReady
                0x0000311c       0xa8 ./Sources/OperativeSystem.o
                0x0000311c                checkAutoStartSetReady
 .text.Interrupt_Disable
                0x000031c4       0x44 ./Sources/OperativeSystem.o
                0x000031c4                Interrupt_Disable
 .text.Interrupt_Enable
                0x00003208       0x70 ./Sources/OperativeSystem.o
                0x00003208                Interrupt_Enable
 .text.get_task_by_id
                0x00003278       0x40 ./Sources/OperativeSystem.o
                0x00003278                get_task_by_id
 .text.OS_save_context
                0x000032b8       0x44 ./Sources/OperativeSystem.o
                0x000032b8                OS_save_context
 .text.getRunningTaskID
                0x000032fc       0x18 ./Sources/OperativeSystem.o
                0x000032fc                getRunningTaskID
 .text.LPTimer_Init
                0x00003314       0x90 ./Sources/OperativeSystem.o
                0x00003314                LPTimer_Init
 .text.RunNextTaskAlarm
                0x000033a4      0x1a8 ./Sources/OperativeSystem.o
                0x000033a4                RunNextTaskAlarm
 .text.RunNextTaskIRQ
                0x0000354c       0xf4 ./Sources/OperativeSystem.o
                0x0000354c                RunNextTaskIRQ
 .text.move_current_task_to_wait
                0x00003640      0x104 ./Sources/OperativeSystem.o
                0x00003640                move_current_task_to_wait
 .text.move_waiting_task_to_ready
                0x00003744       0x78 ./Sources/OperativeSystem.o
                0x00003744                move_waiting_task_to_ready
 .text.WriteToMailbox
                0x000037bc       0xc0 ./Sources/Mailbox.o
                0x000037bc                WriteToMailbox
 .text.ReadFromMailbox
                0x0000387c       0xe8 ./Sources/Mailbox.o
                0x0000387c                ReadFromMailbox
 .text.CreateMailBox
                0x00003964       0x98 ./Sources/Mailbox.o
                0x00003964                CreateMailBox
 .text.exit     0x000039fc       0x38 C:/Freescale/CW MCU v10.7/MCU/ARM_GCC_Support/ewl/lib/armv7e-m/fpu\libc.a(exit.o)
                0x000039fc                exit
 .text.sbrk     0x00003a34       0x28 C:/Freescale/CW MCU v10.7/MCU/ARM_GCC_Support/ewl/lib/armv7e-m/fpu\libc.a(alloc.o)
                0x00003a34                sbrk
 .text.malloc   0x00003a5c      0x104 C:/Freescale/CW MCU v10.7/MCU/ARM_GCC_Support/ewl/lib/armv7e-m/fpu\libc.a(alloc.o)
                0x00003a5c                malloc
 .text.memset   0x00003b60        0xc C:/Freescale/CW MCU v10.7/MCU/ARM_GCC_Support/ewl/lib/armv7e-m/fpu\libc.a(memset.o)
                0x00003b60                memset
 .text.__fill_mem
                0x00003b6c       0x76 C:/Freescale/CW MCU v10.7/MCU/ARM_GCC_Support/ewl/lib/armv7e-m/fpu\libc.a(__filll_mem.o)
                0x00003b6c                __fill_mem
 .text.memcpy   0x00003be2       0x12 C:/Freescale/CW MCU v10.7/MCU/ARM_GCC_Support/ewl/lib/armv7e-m/fpu\libc.a(memcpy.o)
                0x00003be2                memcpy
 .text.long2str.isra.0
                0x00003bf4      0x196 C:/Freescale/CW MCU v10.7/MCU/ARM_GCC_Support/ewl/lib/armv7e-m/fpu\libc.a(printformat_.o)
 *fill*         0x00003d8a        0x2 00
 .text.__pformatter_
                0x00003d8c      0x3f8 C:/Freescale/CW MCU v10.7/MCU/ARM_GCC_Support/ewl/lib/armv7e-m/fpu\libc.a(printformat_.o)
                0x00003d8c                __pformatter_
 .text.__sformatter
                0x00004184      0x6f4 C:/Freescale/CW MCU v10.7/MCU/ARM_GCC_Support/ewl/lib/armv7e-m/fpu\libc.a(scanformat_.o)
                0x00004184                __sformatter
 .text.isalpha  0x00004878       0x1c C:/Freescale/CW MCU v10.7/MCU/ARM_GCC_Support/ewl/lib/armv7e-m/fpu\libc.a(ctype_aeabi.o)
                0x00004878                isalpha
 .text.isspace  0x00004894       0x1c C:/Freescale/CW MCU v10.7/MCU/ARM_GCC_Support/ewl/lib/armv7e-m/fpu\libc.a(ctype_aeabi.o)
                0x00004894                isspace
 .text.toupper  0x000048b0        0xc C:/Freescale/CW MCU v10.7/MCU/ARM_GCC_Support/ewl/lib/armv7e-m/fpu\libc.a(ctype_aeabi.o)
                0x000048b0                toupper
 .text.__strtoul
                0x000048bc      0x214 C:/Freescale/CW MCU v10.7/MCU/ARM_GCC_Support/ewl/lib/armv7e-m/fpu\libc.a(__strtoul.o)
                0x000048bc                __strtoul
 .text.strchr   0x00004ad0       0x1a C:/Freescale/CW MCU v10.7/MCU/ARM_GCC_Support/ewl/lib/armv7e-m/fpu\libc.a(strchr.o)
                0x00004ad0                strchr
 .text.strlen   0x00004aea       0x10 C:/Freescale/CW MCU v10.7/MCU/ARM_GCC_Support/ewl/lib/armv7e-m/fpu\libc.a(strlen.o)
                0x00004aea                strlen
 .text.memchr   0x00004afa       0x18 C:/Freescale/CW MCU v10.7/MCU/ARM_GCC_Support/ewl/lib/armv7e-m/fpu\libc.a(memchr.o)
                0x00004afa                memchr
 *fill*         0x00004b12        0x2 00
 .text.__init_cpp
                0x00004b14       0x4c C:/Freescale/CW MCU v10.7/MCU/ARM_GCC_Support/ewl/lib/armv7e-m/fpu\librt.a(gcc_ctor_dtor.o)
                0x00004b14                __init_cpp
 .text.__fini_cpp
                0x00004b60       0x34 C:/Freescale/CW MCU v10.7/MCU/ARM_GCC_Support/ewl/lib/armv7e-m/fpu\librt.a(gcc_ctor_dtor.o)
                0x00004b60                __fini_cpp
 .text.__destroy_global_chain
                0x00004b94       0x18 C:/Freescale/CW MCU v10.7/MCU/ARM_GCC_Support/ewl/lib/armv7e-m/fpu\librt.a(__arm_eabi_init.o)
                0x00004b94                __destroy_global_chain
 .text.__init_registers
                0x00004bac       0x24 C:/Freescale/CW MCU v10.7/MCU/ARM_GCC_Support/ewl/lib/armv7e-m/fpu\librt.a(__arm_eabi_init.o)
                0x00004bac                __init_registers
 .text.__fp_init
                0x00004bd0       0x1c C:/Freescale/CW MCU v10.7/MCU/ARM_GCC_Support/ewl/lib/armv7e-m/fpu\librt.a(__arm_eabi_init.o)
                0x00004bd0                __fp_init
 .text.__init_user
                0x00004bec        0x4 C:/Freescale/CW MCU v10.7/MCU/ARM_GCC_Support/ewl/lib/armv7e-m/fpu\librt.a(__arm_eabi_init.o)
                0x00004bec                __init_user
 .text.__copy_rom_section
                0x00004bf0       0x44 C:/Freescale/CW MCU v10.7/MCU/ARM_GCC_Support/ewl/lib/armv7e-m/fpu\librt.a(ROMCopy.o)
                0x00004bf0                __copy_rom_section
 .text.__copy_rom_sections_to_ram
                0x00004c34       0x30 C:/Freescale/CW MCU v10.7/MCU/ARM_GCC_Support/ewl/lib/armv7e-m/fpu\librt.a(ROMCopy.o)
                0x00004c34                __copy_rom_sections_to_ram
 .text.abort    0x00004c64       0x24 C:/Freescale/CW MCU v10.7/MCU/ARM_GCC_Support/ewl/lib/armv7e-m/fpu\libc.a(abort.o)
                0x00004c64                abort
 .text.raise    0x00004c88       0x38 C:/Freescale/CW MCU v10.7/MCU/ARM_GCC_Support/ewl/lib/armv7e-m/fpu\libc.a(raise.o)
                0x00004c88                raise
 *(.rodata)
 *(.rodata*)
 .rodata.str1.1
                0x00004cc0        0x1 C:/Freescale/CW MCU v10.7/MCU/ARM_GCC_Support/ewl/lib/armv7e-m/fpu\libc.a(printformat_.o)
 .rodata.CSWTCH.20
                0x00004cc1        0x5 C:/Freescale/CW MCU v10.7/MCU/ARM_GCC_Support/ewl/lib/armv7e-m/fpu\libc.a(printformat_.o)
 .rodata.CSWTCH.21
                0x00004cc6        0x5 C:/Freescale/CW MCU v10.7/MCU/ARM_GCC_Support/ewl/lib/armv7e-m/fpu\libc.a(printformat_.o)
 .rodata.__aeabi_ctype_table_C
                0x00004ccb      0x101 C:/Freescale/CW MCU v10.7/MCU/ARM_GCC_Support/ewl/lib/armv7e-m/fpu\libc.a(ctype_aeabi.o)
                0x00004ccb                __aeabi_ctype_table_C
 *(.glue_7)
 .glue_7        0x00000000        0x0 linker stubs
 *(.glue_7t)
 .glue_7t       0x00000000        0x0 linker stubs
 *(.eh_frame)
 *(.init)
 *(.fini)
                0x00004dcc                . = ALIGN (0x4)
                0x00004dcc                _etext = .

.vfp11_veneer   0x00004dcc        0x0
 .vfp11_veneer  0x00000000        0x0 linker stubs

.v4_bx          0x00004dcc        0x0
 .v4_bx         0x00000000        0x0 linker stubs

.iplt           0x00004dcc        0x0
 .iplt          0x00000000        0x0 ./Project_Settings/Startup_Code/kinetis_sysinit.o

.ARM.extab      0x00004dcc       0x30
 *(.ARM.extab* .gnu.linkonce.armextab.*)
 .ARM.extab     0x00004dcc       0x18 c:/freescale/cw mcu v10.7/cross_tools/arm-none-eabi-gcc-4_7_3/bin/../lib/gcc/arm-none-eabi/4.7.3/armv7e-m/fpu\libgcc.a(unwind-arm.o)
 .ARM.extab     0x00004de4       0x18 c:/freescale/cw mcu v10.7/cross_tools/arm-none-eabi-gcc-4_7_3/bin/../lib/gcc/arm-none-eabi/4.7.3/armv7e-m/fpu\libgcc.a(pr-support.o)

.ARM            0x00004dfc       0xd0
                0x00004dfc                __exidx_start = .
 *(.ARM.exidx*)
 .ARM.exidx     0x00004dfc        0x8 ./Sources/set_pc_sp.o
 .ARM.exidx     0x00004e04        0x0 ./Sources/restore_context.o
                                  0x8 (size before relaxing)
 .ARM.exidx     0x00004e04        0x0 ./Sources/recover_context2.o
                                  0x8 (size before relaxing)
 .ARM.exidx     0x00004e04        0x0 ./Sources/get_task_return_dir.o
                                  0x8 (size before relaxing)
 .ARM.exidx     0x00004e04        0x0 ./Sources/finish_isr2.o
                                  0x8 (size before relaxing)
 .ARM.exidx     0x00004e04       0x90 c:/freescale/cw mcu v10.7/cross_tools/arm-none-eabi-gcc-4_7_3/bin/../lib/gcc/arm-none-eabi/4.7.3/armv7e-m/fpu\libgcc.a(unwind-arm.o)
                                 0xd8 (size before relaxing)
 .ARM.exidx     0x00004e94       0x38 c:/freescale/cw mcu v10.7/cross_tools/arm-none-eabi-gcc-4_7_3/bin/../lib/gcc/arm-none-eabi/4.7.3/armv7e-m/fpu\libgcc.a(pr-support.o)
                                 0x48 (size before relaxing)
                0x00004ecc                __exidx_end = .

.rel.dyn        0x00004ecc        0x0
 .rel.iplt      0x00000000        0x0 ./Project_Settings/Startup_Code/kinetis_sysinit.o

.ctors          0x00004ecc        0x0
                0x00004ecc                __CTOR_LIST__ = .
 *crtbegin.o(.ctors)
 *(EXCLUDE_FILE(*crtend.o) .ctors)
 *(SORT(.ctors.*))
 *(.ctors)
                0x00004ecc                __CTOR_END__ = .

.dtors          0x00004ecc        0x0
                0x00004ecc                __DTOR_LIST__ = .
 *crtbegin.o(.dtors)
 *(EXCLUDE_FILE(*crtend.o) .dtors)
 *(SORT(.dtors.*))
 *(.dtors)
                0x00004ecc                __DTOR_END__ = .

.preinit_array  0x00004ecc        0x0
                0x00004ecc                PROVIDE (__preinit_array_start, .)
 *(.preinit_array*)
                0x00004ecc                PROVIDE (__preinit_array_end, .)

.init_array     0x00004ecc        0x0
                0x00004ecc                PROVIDE (__init_array_start, .)
 *(SORT(.init_array.*))
 *(.init_array*)
                0x00004ecc                PROVIDE (__init_array_end, .)

.fini_array     0x00004ecc        0x0
                0x00004ecc                PROVIDE (__fini_array_start, .)
 *(SORT(.fini_array.*))
 *(.fini_array*)
                0x00004ecc                PROVIDE (__fini_array_end, .)
                0x00004ecc                ___ROM_AT = .

.data           0x1fff0000      0x488 load address 0x00004ecc
                0x1fff0000                . = ALIGN (0x4)
                0x1fff0000                _sdata = .
 *(.data)
 *(.data*)
 .data.empty    0x1fff0000       0x1c ./Sources/Queue.o
                0x1fff0000                empty
 .data.readyQueue
                0x1fff001c      0x234 ./Sources/OperativeSystem.o
                0x1fff001c                readyQueue
 .data.waitQueue
                0x1fff0250      0x234 ./Sources/OperativeSystem.o
                0x1fff0250                waitQueue
 .data.tail     0x1fff0484        0x4 C:/Freescale/CW MCU v10.7/MCU/ARM_GCC_Support/ewl/lib/armv7e-m/fpu\libc.a(alloc.o)
                0x1fff0488                . = ALIGN (0x4)
                0x1fff0488                _edata = .
                0x00000488                ___data_size = (_edata - _sdata)
                0x00005354                ___m_data2_ROMStart = (___ROM_AT + SIZEOF (.data))

.igot.plt       0x1fff0488        0x0 load address 0x00005354
 .igot.plt      0x00000000        0x0 ./Project_Settings/Startup_Code/kinetis_sysinit.o

.user_data2     0x20000000        0x0 load address 0x00005354
                0x20000000                . = ALIGN (0x4)
                0x20000000                ___m_data2_RAMStart = .
 *(.data2)
                0x20000000                ___m_data2_RAMEnd = .
                0x20000000                . = ALIGN (0x4)
                0x00000000                ___m_data2_ROMSize = (___m_data2_RAMEnd - ___m_data2_RAMStart)
                0x20000000                . = ALIGN (0x4)

.bss            0x1fff0488      0x38c load address 0x00005354
                0x1fff0488                __START_BSS = .
                0x1fff0488                PROVIDE (__bss_start__, __START_BSS)
 *(.bss)
 *(.bss*)
 .bss.argv      0x1fff0488        0x4 ./Project_Settings/Startup_Code/__arm_start.o
 .bss.__stdio_exit
                0x1fff048c        0x4 C:/Freescale/CW MCU v10.7/MCU/ARM_GCC_Support/ewl/lib/armv7e-m/fpu\libc.a(exit.o)
                0x1fff048c                __stdio_exit
 .bss.__console_exit
                0x1fff0490        0x4 C:/Freescale/CW MCU v10.7/MCU/ARM_GCC_Support/ewl/lib/armv7e-m/fpu\libc.a(exit.o)
                0x1fff0490                __console_exit
 .bss.head      0x1fff0494        0x4 C:/Freescale/CW MCU v10.7/MCU/ARM_GCC_Support/ewl/lib/armv7e-m/fpu\libc.a(alloc.o)
 .bss.heap_end.4347
                0x1fff0498        0x4 C:/Freescale/CW MCU v10.7/MCU/ARM_GCC_Support/ewl/lib/armv7e-m/fpu\libc.a(alloc.o)
 .bss.__global_destructor_chain
                0x1fff049c        0x4 C:/Freescale/CW MCU v10.7/MCU/ARM_GCC_Support/ewl/lib/armv7e-m/fpu\librt.a(__arm_eabi_init.o)
                0x1fff049c                __global_destructor_chain
 .bss.__S_romp  0x1fff04a0        0xc C:/Freescale/CW MCU v10.7/MCU/ARM_GCC_Support/ewl/lib/armv7e-m/fpu\librt.a(ROMCopy.o)
 *(COMMON)
 COMMON         0x1fff04ac      0x2e8 ./Sources/main.o
                0x1fff04ac                alarm_b
                0x1fff04b4                alarm_list
                0x1fff04c0                alarm_task_context_pointer
                0x1fff04c4                interrupted_task_sp_pointer
                0x1fff04c8                task_c
                0x1fff04e4                alarm_return_lr
                0x1fff04e8                task_e
                0x1fff0504                alarm_a
                0x1fff050c                alarm_c
                0x1fff0514                task_incomplete_rd
                0x1fff0518                task_b
                0x1fff0534                mailbox1
                0x1fff0544                mailbox2
                0x1fff0554                task_a
                0x1fff0570                alarm_e
                0x1fff0578                sp
                0x1fff057c                alarm_task_context_sp
                0x1fff0580                FreePt
                0x1fff0584                context_lr
                0x1fff0588                context_sp
                0x1fff058c                interrumped_task_lr_addr
                0x1fff0590                mailbox_n
                0x1fff0592                start
                0x1fff0594                os_loop_pc
                0x1fff0598                os_loop_sp
                0x1fff059c                context_pointer
                0x1fff05a0                mailbox0
                0x1fff05b0                mailbox_list
                0x1fff0650                alarm_task_context_sp_addr
                0x1fff0654                alarm_d
                0x1fff065c                task_arr
                0x1fff0774                interrupted_task_sp_addr
                0x1fff0778                task_d
 COMMON         0x1fff0794        0x4 ./Sources/User.o
                0x1fff0794                hey
 COMMON         0x1fff0798       0x60 ./Sources/OperativeSystem.o
                0x1fff0798                runningTask
                0x1fff07b4                nextTask
                0x1fff07d0                wait_queue
                0x1fff07d4                interrupts_enabled
                0x1fff07d8                ready_queue
                0x1fff07dc                task
 COMMON         0x1fff07f8       0x1c C:/Freescale/CW MCU v10.7/MCU/ARM_GCC_Support/ewl/lib/armv7e-m/fpu\libc.a(signal.o)
                0x1fff07f8                signal_funcs
                0x1fff0814                . = ALIGN (0x4)
                0x1fff0814                __END_BSS = .
                0x1fff0814                PROVIDE (__bss_end__, __END_BSS)

._user_heap_stack
                0x1fff0814     0x1000 load address 0x000056e0
                0x1fff0814                . = ALIGN (0x4)
                0x1fff0814                PROVIDE (end, .)
                0x1fff0814                PROVIDE (_end, .)
                0x1fff0814                __heap_addr = .
                0x1fff1014                . = (. + __heap_size)
 *fill*         0x1fff0814      0x800 00
                0x1fff1814                . = (. + __stack_size)
 *fill*         0x1fff1014      0x800 00
                0x1fff1814                . = ALIGN (0x4)
                0x00005354                _romp_at = ((___ROM_AT + SIZEOF (.data)) + SIZEOF (.user_data2))

.romp           0x20000000       0x24 load address 0x00005354
                0x00005354                __S_romp = _romp_at
                0x20000000        0x4 LONG 0x4ecc ___ROM_AT
                0x20000004        0x4 LONG 0x1fff0000 _sdata
                0x20000008        0x4 LONG 0x488 ___data_size
                0x2000000c        0x4 LONG 0x5354 ___m_data2_ROMStart
                0x20000010        0x4 LONG 0x20000000 ___m_data2_RAMStart
                0x20000014        0x4 LONG 0x0 ___m_data2_ROMSize
                0x20000018        0x4 LONG 0x0
                0x2000001c        0x4 LONG 0x0
                0x20000020        0x4 LONG 0x0

.ARM.attributes
                0x00000000       0x39
 *(.ARM.attributes)
 .ARM.attributes
                0x00000000       0x3b ./Project_Settings/Startup_Code/kinetis_sysinit.o
 .ARM.attributes
                0x0000003b       0x3b ./Project_Settings/Startup_Code/__arm_start.o
 .ARM.attributes
                0x00000076       0x3b ./Project_Settings/Startup_Code/__arm_end.o
 .ARM.attributes
                0x000000b1       0x27 ./Sources/set_pc_sp.o
 .ARM.attributes
                0x000000d8       0x27 ./Sources/restore_context.o
 .ARM.attributes
                0x000000ff       0x27 ./Sources/recover_context2.o
 .ARM.attributes
                0x00000126       0x3b ./Sources/main.o
 .ARM.attributes
                0x00000161       0x27 ./Sources/get_task_return_dir.o
 .ARM.attributes
                0x00000188       0x27 ./Sources/finish_isr2.o
 .ARM.attributes
                0x000001af       0x3b ./Sources/User.o
 .ARM.attributes
                0x000001ea       0x3b ./Sources/RGB.o
 .ARM.attributes
                0x00000225       0x3b ./Sources/Queue.o
 .ARM.attributes
                0x00000260       0x3b ./Sources/OperativeSystem.o
 .ARM.attributes
                0x0000029b       0x3b ./Sources/Mailbox.o
 .ARM.attributes
                0x000002d6       0x3b C:/Freescale/CW MCU v10.7/MCU/ARM_GCC_Support/ewl/lib/armv7e-m/fpu\libc.a(exit.o)
 .ARM.attributes
                0x00000311       0x3b C:/Freescale/CW MCU v10.7/MCU/ARM_GCC_Support/ewl/lib/armv7e-m/fpu\libc.a(alloc.o)
 .ARM.attributes
                0x0000034c       0x3b C:/Freescale/CW MCU v10.7/MCU/ARM_GCC_Support/ewl/lib/armv7e-m/fpu\libc.a(memset.o)
 .ARM.attributes
                0x00000387       0x3b C:/Freescale/CW MCU v10.7/MCU/ARM_GCC_Support/ewl/lib/armv7e-m/fpu\libc.a(__filll_mem.o)
 .ARM.attributes
                0x000003c2       0x3b C:/Freescale/CW MCU v10.7/MCU/ARM_GCC_Support/ewl/lib/armv7e-m/fpu\libc.a(printformat_.o)
 .ARM.attributes
                0x000003fd       0x3b C:/Freescale/CW MCU v10.7/MCU/ARM_GCC_Support/ewl/lib/armv7e-m/fpu\libc.a(scanformat_.o)
 .ARM.attributes
                0x00000438       0x3b C:/Freescale/CW MCU v10.7/MCU/ARM_GCC_Support/ewl/lib/armv7e-m/fpu\libc.a(ctype_aeabi.o)
 .ARM.attributes
                0x00000473       0x3b C:/Freescale/CW MCU v10.7/MCU/ARM_GCC_Support/ewl/lib/armv7e-m/fpu\libc.a(__strtoul.o)
 .ARM.attributes
                0x000004ae       0x3b C:/Freescale/CW MCU v10.7/MCU/ARM_GCC_Support/ewl/lib/armv7e-m/fpu\libc.a(strchr.o)
 .ARM.attributes
                0x000004e9       0x3b C:/Freescale/CW MCU v10.7/MCU/ARM_GCC_Support/ewl/lib/armv7e-m/fpu\libc.a(strlen.o)
 .ARM.attributes
                0x00000524       0x3b C:/Freescale/CW MCU v10.7/MCU/ARM_GCC_Support/ewl/lib/armv7e-m/fpu\libc.a(memchr.o)
 .ARM.attributes
                0x0000055f       0x3b C:/Freescale/CW MCU v10.7/MCU/ARM_GCC_Support/ewl/lib/armv7e-m/fpu\librt.a(gcc_ctor_dtor.o)
 .ARM.attributes
                0x0000059a       0x3b C:/Freescale/CW MCU v10.7/MCU/ARM_GCC_Support/ewl/lib/armv7e-m/fpu\librt.a(__arm_eabi_init.o)
 .ARM.attributes
                0x000005d5       0x3b C:/Freescale/CW MCU v10.7/MCU/ARM_GCC_Support/ewl/lib/armv7e-m/fpu\librt.a(ROMCopy.o)
OUTPUT(OperatingSystem02.elf elf32-littlearm)

.debug_info     0x00000000     0x5176
 .debug_info    0x00000000      0x387 ./Project_Settings/Startup_Code/kinetis_sysinit.o
 .debug_info    0x00000387      0x12a ./Project_Settings/Startup_Code/__arm_start.o
 .debug_info    0x000004b1       0x54 ./Project_Settings/Startup_Code/__arm_end.o
 .debug_info    0x00000505       0x72 ./Sources/set_pc_sp.o
 .debug_info    0x00000577       0x78 ./Sources/restore_context.o
 .debug_info    0x000005ef       0x79 ./Sources/recover_context2.o
 .debug_info    0x00000668      0xa4c ./Sources/main.o
 .debug_info    0x000010b4       0x7c ./Sources/get_task_return_dir.o
 .debug_info    0x00001130       0x74 ./Sources/finish_isr2.o
 .debug_info    0x000011a4      0x845 ./Sources/User.o
 .debug_info    0x000019e9      0x463 ./Sources/RGB.o
 .debug_info    0x00001e4c      0x57d ./Sources/Queue.o
 .debug_info    0x000023c9      0xb74 ./Sources/OperativeSystem.o
 .debug_info    0x00002f3d      0x3e2 ./Sources/Mailbox.o
 .debug_info    0x0000331f       0xe8 C:/Freescale/CW MCU v10.7/MCU/ARM_GCC_Support/ewl/lib/armv7e-m/fpu\libc.a(exit.o)
 .debug_info    0x00003407      0x33e C:/Freescale/CW MCU v10.7/MCU/ARM_GCC_Support/ewl/lib/armv7e-m/fpu\libc.a(alloc.o)
 .debug_info    0x00003745       0xec C:/Freescale/CW MCU v10.7/MCU/ARM_GCC_Support/ewl/lib/armv7e-m/fpu\libc.a(memset.o)
 .debug_info    0x00003831      0x135 C:/Freescale/CW MCU v10.7/MCU/ARM_GCC_Support/ewl/lib/armv7e-m/fpu\libc.a(__filll_mem.o)
 .debug_info    0x00003966      0x50e C:/Freescale/CW MCU v10.7/MCU/ARM_GCC_Support/ewl/lib/armv7e-m/fpu\libc.a(printformat_.o)
 .debug_info    0x00003e74      0x565 C:/Freescale/CW MCU v10.7/MCU/ARM_GCC_Support/ewl/lib/armv7e-m/fpu\libc.a(scanformat_.o)
 .debug_info    0x000043d9      0x306 C:/Freescale/CW MCU v10.7/MCU/ARM_GCC_Support/ewl/lib/armv7e-m/fpu\libc.a(ctype_aeabi.o)
 .debug_info    0x000046df      0x1d6 C:/Freescale/CW MCU v10.7/MCU/ARM_GCC_Support/ewl/lib/armv7e-m/fpu\libc.a(__strtoul.o)
 .debug_info    0x000048b5      0x108 C:/Freescale/CW MCU v10.7/MCU/ARM_GCC_Support/ewl/lib/armv7e-m/fpu\libc.a(strchr.o)
 .debug_info    0x000049bd       0xeb C:/Freescale/CW MCU v10.7/MCU/ARM_GCC_Support/ewl/lib/armv7e-m/fpu\libc.a(strlen.o)
 .debug_info    0x00004aa8      0x120 C:/Freescale/CW MCU v10.7/MCU/ARM_GCC_Support/ewl/lib/armv7e-m/fpu\libc.a(memchr.o)
 .debug_info    0x00004bc8      0x136 C:/Freescale/CW MCU v10.7/MCU/ARM_GCC_Support/ewl/lib/armv7e-m/fpu\librt.a(gcc_ctor_dtor.o)
 .debug_info    0x00004cfe      0x2de C:/Freescale/CW MCU v10.7/MCU/ARM_GCC_Support/ewl/lib/armv7e-m/fpu\librt.a(__arm_eabi_init.o)
 .debug_info    0x00004fdc      0x19a C:/Freescale/CW MCU v10.7/MCU/ARM_GCC_Support/ewl/lib/armv7e-m/fpu\librt.a(ROMCopy.o)

.debug_abbrev   0x00000000     0x1788
 .debug_abbrev  0x00000000       0xf6 ./Project_Settings/Startup_Code/kinetis_sysinit.o
 .debug_abbrev  0x000000f6       0x92 ./Project_Settings/Startup_Code/__arm_start.o
 .debug_abbrev  0x00000188       0x4c ./Project_Settings/Startup_Code/__arm_end.o
 .debug_abbrev  0x000001d4       0x14 ./Sources/set_pc_sp.o
 .debug_abbrev  0x000001e8       0x14 ./Sources/restore_context.o
 .debug_abbrev  0x000001fc       0x14 ./Sources/recover_context2.o
 .debug_abbrev  0x00000210      0x19d ./Sources/main.o
 .debug_abbrev  0x000003ad       0x14 ./Sources/get_task_return_dir.o
 .debug_abbrev  0x000003c1       0x14 ./Sources/finish_isr2.o
 .debug_abbrev  0x000003d5      0x147 ./Sources/User.o
 .debug_abbrev  0x0000051c       0xe2 ./Sources/RGB.o
 .debug_abbrev  0x000005fe      0x12e ./Sources/Queue.o
 .debug_abbrev  0x0000072c      0x1f8 ./Sources/OperativeSystem.o
 .debug_abbrev  0x00000924       0xf8 ./Sources/Mailbox.o
 .debug_abbrev  0x00000a1c       0x7a C:/Freescale/CW MCU v10.7/MCU/ARM_GCC_Support/ewl/lib/armv7e-m/fpu\libc.a(exit.o)
 .debug_abbrev  0x00000a96      0x18f C:/Freescale/CW MCU v10.7/MCU/ARM_GCC_Support/ewl/lib/armv7e-m/fpu\libc.a(alloc.o)
 .debug_abbrev  0x00000c25       0x62 C:/Freescale/CW MCU v10.7/MCU/ARM_GCC_Support/ewl/lib/armv7e-m/fpu\libc.a(memset.o)
 .debug_abbrev  0x00000c87       0x87 C:/Freescale/CW MCU v10.7/MCU/ARM_GCC_Support/ewl/lib/armv7e-m/fpu\libc.a(__filll_mem.o)
 .debug_abbrev  0x00000d0e      0x200 C:/Freescale/CW MCU v10.7/MCU/ARM_GCC_Support/ewl/lib/armv7e-m/fpu\libc.a(printformat_.o)
 .debug_abbrev  0x00000f0e      0x1f0 C:/Freescale/CW MCU v10.7/MCU/ARM_GCC_Support/ewl/lib/armv7e-m/fpu\libc.a(scanformat_.o)
 .debug_abbrev  0x000010fe       0x85 C:/Freescale/CW MCU v10.7/MCU/ARM_GCC_Support/ewl/lib/armv7e-m/fpu\libc.a(ctype_aeabi.o)
 .debug_abbrev  0x00001183       0xc2 C:/Freescale/CW MCU v10.7/MCU/ARM_GCC_Support/ewl/lib/armv7e-m/fpu\libc.a(__strtoul.o)
 .debug_abbrev  0x00001245       0x89 C:/Freescale/CW MCU v10.7/MCU/ARM_GCC_Support/ewl/lib/armv7e-m/fpu\libc.a(strchr.o)
 .debug_abbrev  0x000012ce       0x7a C:/Freescale/CW MCU v10.7/MCU/ARM_GCC_Support/ewl/lib/armv7e-m/fpu\libc.a(strlen.o)
 .debug_abbrev  0x00001348       0x95 C:/Freescale/CW MCU v10.7/MCU/ARM_GCC_Support/ewl/lib/armv7e-m/fpu\libc.a(memchr.o)
 .debug_abbrev  0x000013dd       0x99 C:/Freescale/CW MCU v10.7/MCU/ARM_GCC_Support/ewl/lib/armv7e-m/fpu\librt.a(gcc_ctor_dtor.o)
 .debug_abbrev  0x00001476      0x1db C:/Freescale/CW MCU v10.7/MCU/ARM_GCC_Support/ewl/lib/armv7e-m/fpu\librt.a(__arm_eabi_init.o)
 .debug_abbrev  0x00001651      0x137 C:/Freescale/CW MCU v10.7/MCU/ARM_GCC_Support/ewl/lib/armv7e-m/fpu\librt.a(ROMCopy.o)

.debug_loc      0x00000000     0x2bdc
 .debug_loc     0x00000000       0x58 ./Project_Settings/Startup_Code/kinetis_sysinit.o
 .debug_loc     0x00000058       0x2c ./Project_Settings/Startup_Code/__arm_start.o
 .debug_loc     0x00000084       0x38 ./Project_Settings/Startup_Code/__arm_end.o
 .debug_loc     0x000000bc      0x140 ./Sources/main.o
 .debug_loc     0x000001fc      0x10c ./Sources/User.o
 .debug_loc     0x00000308       0xe8 ./Sources/RGB.o
 .debug_loc     0x000003f0      0x208 ./Sources/Queue.o
 .debug_loc     0x000005f8      0x44d ./Sources/OperativeSystem.o
 .debug_loc     0x00000a45       0xa8 ./Sources/Mailbox.o
 .debug_loc     0x00000aed       0x3e C:/Freescale/CW MCU v10.7/MCU/ARM_GCC_Support/ewl/lib/armv7e-m/fpu\libc.a(exit.o)
 .debug_loc     0x00000b2b      0x2a8 C:/Freescale/CW MCU v10.7/MCU/ARM_GCC_Support/ewl/lib/armv7e-m/fpu\libc.a(alloc.o)
 .debug_loc     0x00000dd3       0x64 C:/Freescale/CW MCU v10.7/MCU/ARM_GCC_Support/ewl/lib/armv7e-m/fpu\libc.a(memset.o)
 .debug_loc     0x00000e37      0x12c C:/Freescale/CW MCU v10.7/MCU/ARM_GCC_Support/ewl/lib/armv7e-m/fpu\libc.a(__filll_mem.o)
 .debug_loc     0x00000f63      0xbdc C:/Freescale/CW MCU v10.7/MCU/ARM_GCC_Support/ewl/lib/armv7e-m/fpu\libc.a(printformat_.o)
 .debug_loc     0x00001b3f      0x8b6 C:/Freescale/CW MCU v10.7/MCU/ARM_GCC_Support/ewl/lib/armv7e-m/fpu\libc.a(scanformat_.o)
 .debug_loc     0x000023f5      0x18e C:/Freescale/CW MCU v10.7/MCU/ARM_GCC_Support/ewl/lib/armv7e-m/fpu\libc.a(ctype_aeabi.o)
 .debug_loc     0x00002583      0x2bb C:/Freescale/CW MCU v10.7/MCU/ARM_GCC_Support/ewl/lib/armv7e-m/fpu\libc.a(__strtoul.o)
 .debug_loc     0x0000283e       0x7c C:/Freescale/CW MCU v10.7/MCU/ARM_GCC_Support/ewl/lib/armv7e-m/fpu\libc.a(strchr.o)
 .debug_loc     0x000028ba       0x26 C:/Freescale/CW MCU v10.7/MCU/ARM_GCC_Support/ewl/lib/armv7e-m/fpu\libc.a(strlen.o)
 .debug_loc     0x000028e0       0x62 C:/Freescale/CW MCU v10.7/MCU/ARM_GCC_Support/ewl/lib/armv7e-m/fpu\libc.a(memchr.o)
 .debug_loc     0x00002942       0x9d C:/Freescale/CW MCU v10.7/MCU/ARM_GCC_Support/ewl/lib/armv7e-m/fpu\librt.a(gcc_ctor_dtor.o)
 .debug_loc     0x000029df      0x144 C:/Freescale/CW MCU v10.7/MCU/ARM_GCC_Support/ewl/lib/armv7e-m/fpu\librt.a(__arm_eabi_init.o)
 .debug_loc     0x00002b23       0xb9 C:/Freescale/CW MCU v10.7/MCU/ARM_GCC_Support/ewl/lib/armv7e-m/fpu\librt.a(ROMCopy.o)

.debug_aranges  0x00000000      0x5e0
 .debug_aranges
                0x00000000       0x28 ./Project_Settings/Startup_Code/kinetis_sysinit.o
 .debug_aranges
                0x00000028       0x30 ./Project_Settings/Startup_Code/__arm_start.o
 .debug_aranges
                0x00000058       0x20 ./Project_Settings/Startup_Code/__arm_end.o
 .debug_aranges
                0x00000078       0x20 ./Sources/set_pc_sp.o
 .debug_aranges
                0x00000098       0x20 ./Sources/restore_context.o
 .debug_aranges
                0x000000b8       0x20 ./Sources/recover_context2.o
 .debug_aranges
                0x000000d8       0x50 ./Sources/main.o
 .debug_aranges
                0x00000128       0x20 ./Sources/get_task_return_dir.o
 .debug_aranges
                0x00000148       0x20 ./Sources/finish_isr2.o
 .debug_aranges
                0x00000168       0x40 ./Sources/User.o
 .debug_aranges
                0x000001a8       0x40 ./Sources/RGB.o
 .debug_aranges
                0x000001e8       0x60 ./Sources/Queue.o
 .debug_aranges
                0x00000248       0xc0 ./Sources/OperativeSystem.o
 .debug_aranges
                0x00000308       0x30 ./Sources/Mailbox.o
 .debug_aranges
                0x00000338       0x20 C:/Freescale/CW MCU v10.7/MCU/ARM_GCC_Support/ewl/lib/armv7e-m/fpu\libc.a(exit.o)
 .debug_aranges
                0x00000358       0x40 C:/Freescale/CW MCU v10.7/MCU/ARM_GCC_Support/ewl/lib/armv7e-m/fpu\libc.a(alloc.o)
 .debug_aranges
                0x00000398       0x20 C:/Freescale/CW MCU v10.7/MCU/ARM_GCC_Support/ewl/lib/armv7e-m/fpu\libc.a(memset.o)
 .debug_aranges
                0x000003b8       0x20 C:/Freescale/CW MCU v10.7/MCU/ARM_GCC_Support/ewl/lib/armv7e-m/fpu\libc.a(__filll_mem.o)
 .debug_aranges
                0x000003d8       0x28 C:/Freescale/CW MCU v10.7/MCU/ARM_GCC_Support/ewl/lib/armv7e-m/fpu\libc.a(printformat_.o)
 .debug_aranges
                0x00000400       0x20 C:/Freescale/CW MCU v10.7/MCU/ARM_GCC_Support/ewl/lib/armv7e-m/fpu\libc.a(scanformat_.o)
 .debug_aranges
                0x00000420       0x88 C:/Freescale/CW MCU v10.7/MCU/ARM_GCC_Support/ewl/lib/armv7e-m/fpu\libc.a(ctype_aeabi.o)
 .debug_aranges
                0x000004a8       0x20 C:/Freescale/CW MCU v10.7/MCU/ARM_GCC_Support/ewl/lib/armv7e-m/fpu\libc.a(__strtoul.o)
 .debug_aranges
                0x000004c8       0x20 C:/Freescale/CW MCU v10.7/MCU/ARM_GCC_Support/ewl/lib/armv7e-m/fpu\libc.a(strchr.o)
 .debug_aranges
                0x000004e8       0x20 C:/Freescale/CW MCU v10.7/MCU/ARM_GCC_Support/ewl/lib/armv7e-m/fpu\libc.a(strlen.o)
 .debug_aranges
                0x00000508       0x20 C:/Freescale/CW MCU v10.7/MCU/ARM_GCC_Support/ewl/lib/armv7e-m/fpu\libc.a(memchr.o)
 .debug_aranges
                0x00000528       0x28 C:/Freescale/CW MCU v10.7/MCU/ARM_GCC_Support/ewl/lib/armv7e-m/fpu\librt.a(gcc_ctor_dtor.o)
 .debug_aranges
                0x00000550       0x60 C:/Freescale/CW MCU v10.7/MCU/ARM_GCC_Support/ewl/lib/armv7e-m/fpu\librt.a(__arm_eabi_init.o)
 .debug_aranges
                0x000005b0       0x30 C:/Freescale/CW MCU v10.7/MCU/ARM_GCC_Support/ewl/lib/armv7e-m/fpu\librt.a(ROMCopy.o)

.debug_macinfo  0x00000000   0x2b536b
 .debug_macinfo
                0x00000000    0x61d23 ./Project_Settings/Startup_Code/kinetis_sysinit.o
 .debug_macinfo
                0x00061d23     0x3f41 ./Project_Settings/Startup_Code/__arm_start.o
 .debug_macinfo
                0x00065c64     0x352a ./Project_Settings/Startup_Code/__arm_end.o
 .debug_macinfo
                0x0006918e    0x62155 ./Sources/main.o
 .debug_macinfo
                0x000cb2e3    0x62531 ./Sources/User.o
 .debug_macinfo
                0x0012d814    0x61cb0 ./Sources/RGB.o
 .debug_macinfo
                0x0018f4c4    0x61ec5 ./Sources/Queue.o
 .debug_macinfo
                0x001f1389    0x62180 ./Sources/OperativeSystem.o
 .debug_macinfo
                0x00253509    0x61e62 ./Sources/Mailbox.o

.debug_line     0x00000000     0x29c9
 .debug_line    0x00000000      0x21c ./Project_Settings/Startup_Code/kinetis_sysinit.o
 .debug_line    0x0000021c      0x29f ./Project_Settings/Startup_Code/__arm_start.o
 .debug_line    0x000004bb      0x265 ./Project_Settings/Startup_Code/__arm_end.o
 .debug_line    0x00000720       0x48 ./Sources/set_pc_sp.o
 .debug_line    0x00000768       0x4d ./Sources/restore_context.o
 .debug_line    0x000007b5       0x50 ./Sources/recover_context2.o
 .debug_line    0x00000805      0x2f1 ./Sources/main.o
 .debug_line    0x00000af6       0x53 ./Sources/get_task_return_dir.o
 .debug_line    0x00000b49       0x54 ./Sources/finish_isr2.o
 .debug_line    0x00000b9d      0x333 ./Sources/User.o
 .debug_line    0x00000ed0      0x235 ./Sources/RGB.o
 .debug_line    0x00001105      0x2dc ./Sources/Queue.o
 .debug_line    0x000013e1      0x41d ./Sources/OperativeSystem.o
 .debug_line    0x000017fe      0x257 ./Sources/Mailbox.o
 .debug_line    0x00001a55       0x94 C:/Freescale/CW MCU v10.7/MCU/ARM_GCC_Support/ewl/lib/armv7e-m/fpu\libc.a(exit.o)
 .debug_line    0x00001ae9      0x159 C:/Freescale/CW MCU v10.7/MCU/ARM_GCC_Support/ewl/lib/armv7e-m/fpu\libc.a(alloc.o)
 .debug_line    0x00001c42       0x8f C:/Freescale/CW MCU v10.7/MCU/ARM_GCC_Support/ewl/lib/armv7e-m/fpu\libc.a(memset.o)
 .debug_line    0x00001cd1       0xcd C:/Freescale/CW MCU v10.7/MCU/ARM_GCC_Support/ewl/lib/armv7e-m/fpu\libc.a(__filll_mem.o)
 .debug_line    0x00001d9e      0x2b4 C:/Freescale/CW MCU v10.7/MCU/ARM_GCC_Support/ewl/lib/armv7e-m/fpu\libc.a(printformat_.o)
 .debug_line    0x00002052      0x2df C:/Freescale/CW MCU v10.7/MCU/ARM_GCC_Support/ewl/lib/armv7e-m/fpu\libc.a(scanformat_.o)
 .debug_line    0x00002331      0x1a9 C:/Freescale/CW MCU v10.7/MCU/ARM_GCC_Support/ewl/lib/armv7e-m/fpu\libc.a(ctype_aeabi.o)
 .debug_line    0x000024da      0x11b C:/Freescale/CW MCU v10.7/MCU/ARM_GCC_Support/ewl/lib/armv7e-m/fpu\libc.a(__strtoul.o)
 .debug_line    0x000025f5       0x7d C:/Freescale/CW MCU v10.7/MCU/ARM_GCC_Support/ewl/lib/armv7e-m/fpu\libc.a(strchr.o)
 .debug_line    0x00002672       0x83 C:/Freescale/CW MCU v10.7/MCU/ARM_GCC_Support/ewl/lib/armv7e-m/fpu\libc.a(strlen.o)
 .debug_line    0x000026f5       0x9f C:/Freescale/CW MCU v10.7/MCU/ARM_GCC_Support/ewl/lib/armv7e-m/fpu\libc.a(memchr.o)
 .debug_line    0x00002794       0x67 C:/Freescale/CW MCU v10.7/MCU/ARM_GCC_Support/ewl/lib/armv7e-m/fpu\librt.a(gcc_ctor_dtor.o)
 .debug_line    0x000027fb      0x125 C:/Freescale/CW MCU v10.7/MCU/ARM_GCC_Support/ewl/lib/armv7e-m/fpu\librt.a(__arm_eabi_init.o)
 .debug_line    0x00002920       0xa9 C:/Freescale/CW MCU v10.7/MCU/ARM_GCC_Support/ewl/lib/armv7e-m/fpu\librt.a(ROMCopy.o)

.debug_str      0x00000000     0x1431
 .debug_str     0x00000000      0x274 ./Project_Settings/Startup_Code/kinetis_sysinit.o
                                0x29b (size before relaxing)
 .debug_str     0x00000274       0x85 ./Project_Settings/Startup_Code/__arm_start.o
                                0x19c (size before relaxing)
 .debug_str     0x000002f9       0x41 ./Project_Settings/Startup_Code/__arm_end.o
                                 0xd3 (size before relaxing)
 .debug_str     0x0000033a      0x441 ./Sources/main.o
                                0x5cd (size before relaxing)
 .debug_str     0x0000077b       0x6e ./Sources/User.o
                                0x4d6 (size before relaxing)
 .debug_str     0x000007e9       0x44 ./Sources/RGB.o
                                0x29b (size before relaxing)
 .debug_str     0x0000082d       0xbd ./Sources/Queue.o
                                0x39d (size before relaxing)
 .debug_str     0x000008ea      0x1cb ./Sources/OperativeSystem.o
                                0x675 (size before relaxing)
 .debug_str     0x00000ab5       0x60 ./Sources/Mailbox.o
                                0x331 (size before relaxing)
 .debug_str     0x00000b15       0x5a C:/Freescale/CW MCU v10.7/MCU/ARM_GCC_Support/ewl/lib/armv7e-m/fpu\libc.a(exit.o)
                                0x157 (size before relaxing)
 .debug_str     0x00000b6f       0xbe C:/Freescale/CW MCU v10.7/MCU/ARM_GCC_Support/ewl/lib/armv7e-m/fpu\libc.a(alloc.o)
                                0x200 (size before relaxing)
 .debug_str     0x00000c2d       0x1c C:/Freescale/CW MCU v10.7/MCU/ARM_GCC_Support/ewl/lib/armv7e-m/fpu\libc.a(memset.o)
                                0x140 (size before relaxing)
 .debug_str     0x00000c49       0x2d C:/Freescale/CW MCU v10.7/MCU/ARM_GCC_Support/ewl/lib/armv7e-m/fpu\libc.a(__filll_mem.o)
                                0x152 (size before relaxing)
 .debug_str     0x00000c76      0x227 C:/Freescale/CW MCU v10.7/MCU/ARM_GCC_Support/ewl/lib/armv7e-m/fpu\libc.a(printformat_.o)
                                0x3b3 (size before relaxing)
 .debug_str     0x00000e9d      0x184 C:/Freescale/CW MCU v10.7/MCU/ARM_GCC_Support/ewl/lib/armv7e-m/fpu\libc.a(scanformat_.o)
                                0x3f9 (size before relaxing)
 .debug_str     0x00001021       0x9d C:/Freescale/CW MCU v10.7/MCU/ARM_GCC_Support/ewl/lib/armv7e-m/fpu\libc.a(ctype_aeabi.o)
                                0x1bc (size before relaxing)
 .debug_str     0x000010be       0x5b C:/Freescale/CW MCU v10.7/MCU/ARM_GCC_Support/ewl/lib/armv7e-m/fpu\libc.a(__strtoul.o)
                                0x1fb (size before relaxing)
 .debug_str     0x00001119       0x1c C:/Freescale/CW MCU v10.7/MCU/ARM_GCC_Support/ewl/lib/armv7e-m/fpu\libc.a(strchr.o)
                                0x137 (size before relaxing)
 .debug_str     0x00001135       0x1c C:/Freescale/CW MCU v10.7/MCU/ARM_GCC_Support/ewl/lib/armv7e-m/fpu\libc.a(strlen.o)
                                0x140 (size before relaxing)
 .debug_str     0x00001151       0x1c C:/Freescale/CW MCU v10.7/MCU/ARM_GCC_Support/ewl/lib/armv7e-m/fpu\libc.a(memchr.o)
                                0x148 (size before relaxing)
 .debug_str     0x0000116d      0x126 C:/Freescale/CW MCU v10.7/MCU/ARM_GCC_Support/ewl/lib/armv7e-m/fpu\librt.a(gcc_ctor_dtor.o)
                                0x181 (size before relaxing)
 .debug_str     0x00001293       0xfd C:/Freescale/CW MCU v10.7/MCU/ARM_GCC_Support/ewl/lib/armv7e-m/fpu\librt.a(__arm_eabi_init.o)
                                0x1bf (size before relaxing)
 .debug_str     0x00001390       0xa1 C:/Freescale/CW MCU v10.7/MCU/ARM_GCC_Support/ewl/lib/armv7e-m/fpu\librt.a(ROMCopy.o)
                                0x13c (size before relaxing)

.comment        0x00000000       0x79
 .comment       0x00000000       0x79 ./Project_Settings/Startup_Code/kinetis_sysinit.o
                                 0x7a (size before relaxing)
 .comment       0x00000000       0x7a ./Project_Settings/Startup_Code/__arm_start.o
 .comment       0x00000000       0x7a ./Project_Settings/Startup_Code/__arm_end.o
 .comment       0x00000000       0x7a ./Sources/main.o
 .comment       0x00000000       0x7a ./Sources/User.o
 .comment       0x00000000       0x7a ./Sources/RGB.o
 .comment       0x00000000       0x7a ./Sources/Queue.o
 .comment       0x00000000       0x7a ./Sources/OperativeSystem.o
 .comment       0x00000000       0x7a ./Sources/Mailbox.o
 .comment       0x00000000       0x7a C:/Freescale/CW MCU v10.7/MCU/ARM_GCC_Support/ewl/lib/armv7e-m/fpu\libc.a(exit.o)
 .comment       0x00000000       0x7a C:/Freescale/CW MCU v10.7/MCU/ARM_GCC_Support/ewl/lib/armv7e-m/fpu\libc.a(alloc.o)
 .comment       0x00000000       0x7a C:/Freescale/CW MCU v10.7/MCU/ARM_GCC_Support/ewl/lib/armv7e-m/fpu\libc.a(memset.o)
 .comment       0x00000000       0x7a C:/Freescale/CW MCU v10.7/MCU/ARM_GCC_Support/ewl/lib/armv7e-m/fpu\libc.a(__filll_mem.o)
 .comment       0x00000000       0x7a C:/Freescale/CW MCU v10.7/MCU/ARM_GCC_Support/ewl/lib/armv7e-m/fpu\libc.a(printformat_.o)
 .comment       0x00000000       0x7a C:/Freescale/CW MCU v10.7/MCU/ARM_GCC_Support/ewl/lib/armv7e-m/fpu\libc.a(scanformat_.o)
 .comment       0x00000000       0x7a C:/Freescale/CW MCU v10.7/MCU/ARM_GCC_Support/ewl/lib/armv7e-m/fpu\libc.a(ctype_aeabi.o)
 .comment       0x00000000       0x7a C:/Freescale/CW MCU v10.7/MCU/ARM_GCC_Support/ewl/lib/armv7e-m/fpu\libc.a(__strtoul.o)
 .comment       0x00000000       0x7a C:/Freescale/CW MCU v10.7/MCU/ARM_GCC_Support/ewl/lib/armv7e-m/fpu\libc.a(strchr.o)
 .comment       0x00000000       0x7a C:/Freescale/CW MCU v10.7/MCU/ARM_GCC_Support/ewl/lib/armv7e-m/fpu\libc.a(strlen.o)
 .comment       0x00000000       0x7a C:/Freescale/CW MCU v10.7/MCU/ARM_GCC_Support/ewl/lib/armv7e-m/fpu\libc.a(memchr.o)
 .comment       0x00000000       0x7a C:/Freescale/CW MCU v10.7/MCU/ARM_GCC_Support/ewl/lib/armv7e-m/fpu\librt.a(gcc_ctor_dtor.o)
 .comment       0x00000000       0x7a C:/Freescale/CW MCU v10.7/MCU/ARM_GCC_Support/ewl/lib/armv7e-m/fpu\librt.a(__arm_eabi_init.o)
 .comment       0x00000000       0x7a C:/Freescale/CW MCU v10.7/MCU/ARM_GCC_Support/ewl/lib/armv7e-m/fpu\librt.a(ROMCopy.o)

.debug_frame    0x00000000      0xb84
 .debug_frame   0x00000000       0x40 ./Project_Settings/Startup_Code/kinetis_sysinit.o
 .debug_frame   0x00000040       0x4c ./Project_Settings/Startup_Code/__arm_start.o
 .debug_frame   0x0000008c       0x2c ./Project_Settings/Startup_Code/__arm_end.o
 .debug_frame   0x000000b8       0xcc ./Sources/main.o
 .debug_frame   0x00000184       0xac ./Sources/User.o
 .debug_frame   0x00000230       0x90 ./Sources/RGB.o
 .debug_frame   0x000002c0      0x12c ./Sources/Queue.o
 .debug_frame   0x000003ec      0x2b4 ./Sources/OperativeSystem.o
 .debug_frame   0x000006a0       0x70 ./Sources/Mailbox.o
 .debug_frame   0x00000710       0x28 C:/Freescale/CW MCU v10.7/MCU/ARM_GCC_Support/ewl/lib/armv7e-m/fpu\libc.a(exit.o)
 .debug_frame   0x00000738       0x88 C:/Freescale/CW MCU v10.7/MCU/ARM_GCC_Support/ewl/lib/armv7e-m/fpu\libc.a(alloc.o)
 .debug_frame   0x000007c0       0x28 C:/Freescale/CW MCU v10.7/MCU/ARM_GCC_Support/ewl/lib/armv7e-m/fpu\libc.a(memset.o)
 .debug_frame   0x000007e8       0x2c C:/Freescale/CW MCU v10.7/MCU/ARM_GCC_Support/ewl/lib/armv7e-m/fpu\libc.a(__filll_mem.o)
 .debug_frame   0x00000814       0x64 C:/Freescale/CW MCU v10.7/MCU/ARM_GCC_Support/ewl/lib/armv7e-m/fpu\libc.a(printformat_.o)
 .debug_frame   0x00000878       0x3c C:/Freescale/CW MCU v10.7/MCU/ARM_GCC_Support/ewl/lib/armv7e-m/fpu\libc.a(scanformat_.o)
 .debug_frame   0x000008b4       0xf0 C:/Freescale/CW MCU v10.7/MCU/ARM_GCC_Support/ewl/lib/armv7e-m/fpu\libc.a(ctype_aeabi.o)
 .debug_frame   0x000009a4       0x3c C:/Freescale/CW MCU v10.7/MCU/ARM_GCC_Support/ewl/lib/armv7e-m/fpu\libc.a(__strtoul.o)
 .debug_frame   0x000009e0       0x20 C:/Freescale/CW MCU v10.7/MCU/ARM_GCC_Support/ewl/lib/armv7e-m/fpu\libc.a(strchr.o)
 .debug_frame   0x00000a00       0x20 C:/Freescale/CW MCU v10.7/MCU/ARM_GCC_Support/ewl/lib/armv7e-m/fpu\libc.a(strlen.o)
 .debug_frame   0x00000a20       0x20 C:/Freescale/CW MCU v10.7/MCU/ARM_GCC_Support/ewl/lib/armv7e-m/fpu\libc.a(memchr.o)
 .debug_frame   0x00000a40       0x40 C:/Freescale/CW MCU v10.7/MCU/ARM_GCC_Support/ewl/lib/armv7e-m/fpu\librt.a(gcc_ctor_dtor.o)
 .debug_frame   0x00000a80       0xbc C:/Freescale/CW MCU v10.7/MCU/ARM_GCC_Support/ewl/lib/armv7e-m/fpu\librt.a(__arm_eabi_init.o)
 .debug_frame   0x00000b3c       0x48 C:/Freescale/CW MCU v10.7/MCU/ARM_GCC_Support/ewl/lib/armv7e-m/fpu\librt.a(ROMCopy.o)
