Archive member included because of file (symbol)

C:/Freescale/CW MCU v10.7/MCU/ARM_GCC_Support/ewl/lib/armv7e-m/fpu\libc.a(exit.o)
                              ./Project_Settings/Startup_Code/__arm_start.o (exit)
C:/Freescale/CW MCU v10.7/MCU/ARM_GCC_Support/ewl/lib/armv7e-m/fpu\libc.a(memset.o)
                              ./Project_Settings/Startup_Code/__arm_start.o (memset)
C:/Freescale/CW MCU v10.7/MCU/ARM_GCC_Support/ewl/lib/armv7e-m/fpu\libc.a(__filll_mem.o)
                              C:/Freescale/CW MCU v10.7/MCU/ARM_GCC_Support/ewl/lib/armv7e-m/fpu\libc.a(memset.o) (__fill_mem)
C:/Freescale/CW MCU v10.7/MCU/ARM_GCC_Support/ewl/lib/armv7e-m/fpu\libc.a(printformat_.o)
                              (__pformatter_)
C:/Freescale/CW MCU v10.7/MCU/ARM_GCC_Support/ewl/lib/armv7e-m/fpu\libc.a(scanformat_.o)
                              (__sformatter)
C:/Freescale/CW MCU v10.7/MCU/ARM_GCC_Support/ewl/lib/armv7e-m/fpu\libc.a(ctype_aeabi.o)
                              C:/Freescale/CW MCU v10.7/MCU/ARM_GCC_Support/ewl/lib/armv7e-m/fpu\libc.a(scanformat_.o) (isspace)
C:/Freescale/CW MCU v10.7/MCU/ARM_GCC_Support/ewl/lib/armv7e-m/fpu\libc.a(__strtoul.o)
                              C:/Freescale/CW MCU v10.7/MCU/ARM_GCC_Support/ewl/lib/armv7e-m/fpu\libc.a(scanformat_.o) (__strtoul)
C:/Freescale/CW MCU v10.7/MCU/ARM_GCC_Support/ewl/lib/armv7e-m/fpu\libc.a(strchr.o)
                              C:/Freescale/CW MCU v10.7/MCU/ARM_GCC_Support/ewl/lib/armv7e-m/fpu\libc.a(printformat_.o) (strchr)
C:/Freescale/CW MCU v10.7/MCU/ARM_GCC_Support/ewl/lib/armv7e-m/fpu\libc.a(strlen.o)
                              C:/Freescale/CW MCU v10.7/MCU/ARM_GCC_Support/ewl/lib/armv7e-m/fpu\libc.a(printformat_.o) (strlen)
C:/Freescale/CW MCU v10.7/MCU/ARM_GCC_Support/ewl/lib/armv7e-m/fpu\libc.a(memchr.o)
                              C:/Freescale/CW MCU v10.7/MCU/ARM_GCC_Support/ewl/lib/armv7e-m/fpu\libc.a(printformat_.o) (memchr)
c:/freescale/cw mcu v10.7/cross_tools/arm-none-eabi-gcc-4_7_3/bin/../lib/gcc/arm-none-eabi/4.7.3/armv7e-m/fpu\libgcc.a(unwind-arm.o)
                              ./Sources/test2.o (__aeabi_unwind_cpp_pr0)
c:/freescale/cw mcu v10.7/cross_tools/arm-none-eabi-gcc-4_7_3/bin/../lib/gcc/arm-none-eabi/4.7.3/armv7e-m/fpu\libgcc.a(libunwind.o)
                              c:/freescale/cw mcu v10.7/cross_tools/arm-none-eabi-gcc-4_7_3/bin/../lib/gcc/arm-none-eabi/4.7.3/armv7e-m/fpu\libgcc.a(unwind-arm.o) (restore_core_regs)
c:/freescale/cw mcu v10.7/cross_tools/arm-none-eabi-gcc-4_7_3/bin/../lib/gcc/arm-none-eabi/4.7.3/armv7e-m/fpu\libgcc.a(pr-support.o)
                              c:/freescale/cw mcu v10.7/cross_tools/arm-none-eabi-gcc-4_7_3/bin/../lib/gcc/arm-none-eabi/4.7.3/armv7e-m/fpu\libgcc.a(unwind-arm.o) (__gnu_unwind_execute)
C:/Freescale/CW MCU v10.7/MCU/ARM_GCC_Support/ewl/lib/armv7e-m/fpu\librt.a(gcc_ctor_dtor.o)
                              ./Project_Settings/Startup_Code/__arm_start.o (__init_cpp)
C:/Freescale/CW MCU v10.7/MCU/ARM_GCC_Support/ewl/lib/armv7e-m/fpu\librt.a(__arm_eabi_init.o)
                              C:/Freescale/CW MCU v10.7/MCU/ARM_GCC_Support/ewl/lib/armv7e-m/fpu\libc.a(exit.o) (__destroy_global_chain)
C:/Freescale/CW MCU v10.7/MCU/ARM_GCC_Support/ewl/lib/armv7e-m/fpu\librt.a(ROMCopy.o)
                              ./Project_Settings/Startup_Code/__arm_start.o (__copy_rom_sections_to_ram)
C:/Freescale/CW MCU v10.7/MCU/ARM_GCC_Support/ewl/lib/armv7e-m/fpu\libc.a(abort.o)
                              c:/freescale/cw mcu v10.7/cross_tools/arm-none-eabi-gcc-4_7_3/bin/../lib/gcc/arm-none-eabi/4.7.3/armv7e-m/fpu\libgcc.a(unwind-arm.o) (abort)
C:/Freescale/CW MCU v10.7/MCU/ARM_GCC_Support/ewl/lib/armv7e-m/fpu\libc.a(memcpy.o)
                              c:/freescale/cw mcu v10.7/cross_tools/arm-none-eabi-gcc-4_7_3/bin/../lib/gcc/arm-none-eabi/4.7.3/armv7e-m/fpu\libgcc.a(unwind-arm.o) (memcpy)
C:/Freescale/CW MCU v10.7/MCU/ARM_GCC_Support/ewl/lib/armv7e-m/fpu\libc.a(raise.o)
                              C:/Freescale/CW MCU v10.7/MCU/ARM_GCC_Support/ewl/lib/armv7e-m/fpu\libc.a(abort.o) (raise)
C:/Freescale/CW MCU v10.7/MCU/ARM_GCC_Support/ewl/lib/armv7e-m/fpu\libc.a(signal.o)
                              C:/Freescale/CW MCU v10.7/MCU/ARM_GCC_Support/ewl/lib/armv7e-m/fpu\libc.a(raise.o) (signal_funcs)
C:/Freescale/CW MCU v10.7/MCU/ARM_GCC_Support/ewl/lib/armv7e-m/fpu\libc.a(errno.o)
                              C:/Freescale/CW MCU v10.7/MCU/ARM_GCC_Support/ewl/lib/armv7e-m/fpu\libc.a(signal.o) (errno)

Allocating common symbols
Common symbol       size              file

alarm_b             0x6               ./Sources/main.o
runningTask         0x18              ./Sources/OperativeSystem.o
alarm_list          0xc               ./Sources/main.o
signal_funcs        0x1c              C:/Freescale/CW MCU v10.7/MCU/ARM_GCC_Support/ewl/lib/armv7e-m/fpu\libc.a(signal.o)
task_c              0x18              ./Sources/main.o
errno               0x4               C:/Freescale/CW MCU v10.7/MCU/ARM_GCC_Support/ewl/lib/armv7e-m/fpu\libc.a(errno.o)
nextTask            0x18              ./Sources/OperativeSystem.o
ready_queue         0x4               ./Sources/OperativeSystem.o
alarm_a             0x6               ./Sources/main.o
alarm_c             0x6               ./Sources/main.o
task_b              0x18              ./Sources/main.o
task                0x18              ./Sources/OperativeSystem.o
task_a              0x18              ./Sources/main.o
alarm_e             0x6               ./Sources/main.o
sp                  0x4               ./Sources/OperativeSystem.o
FreePt              0x4               ./Sources/Mailbox.o
context_lr          0x4               ./Sources/OperativeSystem.o
context_sp          0x4               ./Sources/OperativeSystem.o
mailbox_n           0x2               ./Sources/Mailbox.o
a                   0x4               ./Sources/OperativeSystem.o
context_pointer     0x4               ./Sources/OperativeSystem.o
mailbox_list        0xa0              ./Sources/Mailbox.o
alarm_d             0x6               ./Sources/main.o
task_arr            0xf0              ./Sources/main.o
task_d              0x18              ./Sources/main.o

Discarded input sections

 .text          0x00000000        0x0 ./Project_Settings/Startup_Code/kinetis_sysinit.o
 .data          0x00000000        0x0 ./Project_Settings/Startup_Code/kinetis_sysinit.o
 .bss           0x00000000        0x0 ./Project_Settings/Startup_Code/kinetis_sysinit.o
 .text          0x00000000        0x0 ./Project_Settings/Startup_Code/__arm_start.o
 .data          0x00000000        0x0 ./Project_Settings/Startup_Code/__arm_start.o
 .bss           0x00000000        0x0 ./Project_Settings/Startup_Code/__arm_start.o
 .text.__iar_program_start
                0x00000000        0x4 ./Project_Settings/Startup_Code/__arm_start.o
 .text          0x00000000        0x0 ./Project_Settings/Startup_Code/__arm_end.o
 .data          0x00000000        0x0 ./Project_Settings/Startup_Code/__arm_end.o
 .bss           0x00000000        0x0 ./Project_Settings/Startup_Code/__arm_end.o
 .text          0x00000000        0xc ./Sources/test2.o
 .data          0x00000000        0x0 ./Sources/test2.o
 .bss           0x00000000        0x0 ./Sources/test2.o
 .ARM.extab     0x00000000        0x0 ./Sources/test2.o
 .ARM.exidx     0x00000000        0x8 ./Sources/test2.o
 .ARM.attributes
                0x00000000       0x27 ./Sources/test2.o
 .debug_line    0x00000000       0x43 ./Sources/test2.o
 .debug_info    0x00000000       0x6e ./Sources/test2.o
 .debug_abbrev  0x00000000       0x14 ./Sources/test2.o
 .debug_aranges
                0x00000000       0x20 ./Sources/test2.o
 .text          0x00000000        0x8 ./Sources/test.o
 .data          0x00000000        0x0 ./Sources/test.o
 .bss           0x00000000        0x0 ./Sources/test.o
 .ARM.extab     0x00000000        0x0 ./Sources/test.o
 .ARM.exidx     0x00000000        0x8 ./Sources/test.o
 .ARM.attributes
                0x00000000       0x27 ./Sources/test.o
 .debug_line    0x00000000       0x41 ./Sources/test.o
 .debug_info    0x00000000       0x6d ./Sources/test.o
 .debug_abbrev  0x00000000       0x14 ./Sources/test.o
 .debug_aranges
                0x00000000       0x20 ./Sources/test.o
 .data          0x00000000        0x0 ./Sources/set_lr_sp.o
 .bss           0x00000000        0x0 ./Sources/set_lr_sp.o
 .ARM.extab     0x00000000        0x0 ./Sources/set_lr_sp.o
 .data          0x00000000        0x0 ./Sources/restore_context.o
 .bss           0x00000000        0x0 ./Sources/restore_context.o
 .ARM.extab     0x00000000        0x0 ./Sources/restore_context.o
 .text          0x00000000        0x0 ./Sources/main.o
 .data          0x00000000        0x0 ./Sources/main.o
 .bss           0x00000000        0x0 ./Sources/main.o
 .text          0x00000000        0x0 ./Sources/User.o
 .data          0x00000000        0x0 ./Sources/User.o
 .bss           0x00000000        0x0 ./Sources/User.o
 .text          0x00000000        0x0 ./Sources/RGB.o
 .data          0x00000000        0x0 ./Sources/RGB.o
 .bss           0x00000000        0x0 ./Sources/RGB.o
 .text          0x00000000        0x0 ./Sources/Queue.o
 .data          0x00000000        0x0 ./Sources/Queue.o
 .bss           0x00000000        0x0 ./Sources/Queue.o
 .text.TaskList_Full
                0x00000000       0x30 ./Sources/Queue.o
 .text.TaskList_TaskNumber
                0x00000000       0x28 ./Sources/Queue.o
 .text          0x00000000        0x0 ./Sources/OperativeSystem.o
 .data          0x00000000        0x0 ./Sources/OperativeSystem.o
 .bss           0x00000000        0x0 ./Sources/OperativeSystem.o
 .text.getRunningTask
                0x00000000       0x30 ./Sources/OperativeSystem.o
 .text          0x00000000        0x0 ./Sources/Mailbox.o
 .data          0x00000000        0x0 ./Sources/Mailbox.o
 .bss           0x00000000        0x0 ./Sources/Mailbox.o
 .text.WriteToMailbox
                0x00000000       0x80 ./Sources/Mailbox.o
 .text.ReadFromMailbox
                0x00000000       0x7c ./Sources/Mailbox.o
 .text.CreateMailBox
                0x00000000       0x90 ./Sources/Mailbox.o
 .text.Allocate
                0x00000000       0x38 ./Sources/Mailbox.o
 .debug_info    0x00000000      0x338 ./Sources/Mailbox.o
 .debug_abbrev  0x00000000       0xef ./Sources/Mailbox.o
 .debug_loc     0x00000000       0xe0 ./Sources/Mailbox.o
 .debug_aranges
                0x00000000       0x38 ./Sources/Mailbox.o
 .debug_macinfo
                0x00000000    0x61d3a ./Sources/Mailbox.o
 .debug_line    0x00000000      0x251 ./Sources/Mailbox.o
 .debug_str     0x00000000      0x25b ./Sources/Mailbox.o
 .comment       0x00000000       0x7a ./Sources/Mailbox.o
 .ARM.attributes
                0x00000000       0x3b ./Sources/Mailbox.o
 .debug_frame   0x00000000       0x8c ./Sources/Mailbox.o
 COMMON         0x00000000       0xa8 ./Sources/Mailbox.o
 .text          0x00000000        0x0 ./Sources/Alarms.o
 .data          0x00000000        0x0 ./Sources/Alarms.o
 .bss           0x00000000        0x0 ./Sources/Alarms.o
 .text.GetAlarmBase
                0x00000000       0x34 ./Sources/Alarms.o
 .text.SetRelAlarm
                0x00000000       0x38 ./Sources/Alarms.o
 .text.SetAbsAlarm
                0x00000000       0x38 ./Sources/Alarms.o
 .text.CancelAlarm
                0x00000000       0x34 ./Sources/Alarms.o
 .text.GetAlarm
                0x00000000       0x3c ./Sources/Alarms.o
 .text          0x00000000        0x0 C:/Freescale/CW MCU v10.7/MCU/ARM_GCC_Support/ewl/lib/armv7e-m/fpu\libc.a(exit.o)
 .data          0x00000000        0x0 C:/Freescale/CW MCU v10.7/MCU/ARM_GCC_Support/ewl/lib/armv7e-m/fpu\libc.a(exit.o)
 .bss           0x00000000        0x0 C:/Freescale/CW MCU v10.7/MCU/ARM_GCC_Support/ewl/lib/armv7e-m/fpu\libc.a(exit.o)
 .text          0x00000000        0x0 C:/Freescale/CW MCU v10.7/MCU/ARM_GCC_Support/ewl/lib/armv7e-m/fpu\libc.a(memset.o)
 .data          0x00000000        0x0 C:/Freescale/CW MCU v10.7/MCU/ARM_GCC_Support/ewl/lib/armv7e-m/fpu\libc.a(memset.o)
 .bss           0x00000000        0x0 C:/Freescale/CW MCU v10.7/MCU/ARM_GCC_Support/ewl/lib/armv7e-m/fpu\libc.a(memset.o)
 .text          0x00000000        0x0 C:/Freescale/CW MCU v10.7/MCU/ARM_GCC_Support/ewl/lib/armv7e-m/fpu\libc.a(__filll_mem.o)
 .data          0x00000000        0x0 C:/Freescale/CW MCU v10.7/MCU/ARM_GCC_Support/ewl/lib/armv7e-m/fpu\libc.a(__filll_mem.o)
 .bss           0x00000000        0x0 C:/Freescale/CW MCU v10.7/MCU/ARM_GCC_Support/ewl/lib/armv7e-m/fpu\libc.a(__filll_mem.o)
 .text          0x00000000        0x0 C:/Freescale/CW MCU v10.7/MCU/ARM_GCC_Support/ewl/lib/armv7e-m/fpu\libc.a(printformat_.o)
 .data          0x00000000        0x0 C:/Freescale/CW MCU v10.7/MCU/ARM_GCC_Support/ewl/lib/armv7e-m/fpu\libc.a(printformat_.o)
 .bss           0x00000000        0x0 C:/Freescale/CW MCU v10.7/MCU/ARM_GCC_Support/ewl/lib/armv7e-m/fpu\libc.a(printformat_.o)
 .text          0x00000000        0x0 C:/Freescale/CW MCU v10.7/MCU/ARM_GCC_Support/ewl/lib/armv7e-m/fpu\libc.a(scanformat_.o)
 .data          0x00000000        0x0 C:/Freescale/CW MCU v10.7/MCU/ARM_GCC_Support/ewl/lib/armv7e-m/fpu\libc.a(scanformat_.o)
 .bss           0x00000000        0x0 C:/Freescale/CW MCU v10.7/MCU/ARM_GCC_Support/ewl/lib/armv7e-m/fpu\libc.a(scanformat_.o)
 .text          0x00000000        0x0 C:/Freescale/CW MCU v10.7/MCU/ARM_GCC_Support/ewl/lib/armv7e-m/fpu\libc.a(ctype_aeabi.o)
 .data          0x00000000        0x0 C:/Freescale/CW MCU v10.7/MCU/ARM_GCC_Support/ewl/lib/armv7e-m/fpu\libc.a(ctype_aeabi.o)
 .bss           0x00000000        0x0 C:/Freescale/CW MCU v10.7/MCU/ARM_GCC_Support/ewl/lib/armv7e-m/fpu\libc.a(ctype_aeabi.o)
 .text.isalnum  0x00000000       0x18 C:/Freescale/CW MCU v10.7/MCU/ARM_GCC_Support/ewl/lib/armv7e-m/fpu\libc.a(ctype_aeabi.o)
 .text.iscntrl  0x00000000       0x1c C:/Freescale/CW MCU v10.7/MCU/ARM_GCC_Support/ewl/lib/armv7e-m/fpu\libc.a(ctype_aeabi.o)
 .text.isdigit  0x00000000        0xc C:/Freescale/CW MCU v10.7/MCU/ARM_GCC_Support/ewl/lib/armv7e-m/fpu\libc.a(ctype_aeabi.o)
 .text.isgraph  0x00000000       0x18 C:/Freescale/CW MCU v10.7/MCU/ARM_GCC_Support/ewl/lib/armv7e-m/fpu\libc.a(ctype_aeabi.o)
 .text.islower  0x00000000       0x1c C:/Freescale/CW MCU v10.7/MCU/ARM_GCC_Support/ewl/lib/armv7e-m/fpu\libc.a(ctype_aeabi.o)
 .text.isprint  0x00000000       0x18 C:/Freescale/CW MCU v10.7/MCU/ARM_GCC_Support/ewl/lib/armv7e-m/fpu\libc.a(ctype_aeabi.o)
 .text.ispunct  0x00000000       0x1c C:/Freescale/CW MCU v10.7/MCU/ARM_GCC_Support/ewl/lib/armv7e-m/fpu\libc.a(ctype_aeabi.o)
 .text.isupper  0x00000000       0x1c C:/Freescale/CW MCU v10.7/MCU/ARM_GCC_Support/ewl/lib/armv7e-m/fpu\libc.a(ctype_aeabi.o)
 .text.isxdigit
                0x00000000       0x1c C:/Freescale/CW MCU v10.7/MCU/ARM_GCC_Support/ewl/lib/armv7e-m/fpu\libc.a(ctype_aeabi.o)
 .text.isblank  0x00000000       0x28 C:/Freescale/CW MCU v10.7/MCU/ARM_GCC_Support/ewl/lib/armv7e-m/fpu\libc.a(ctype_aeabi.o)
 .text.tolower  0x00000000        0xc C:/Freescale/CW MCU v10.7/MCU/ARM_GCC_Support/ewl/lib/armv7e-m/fpu\libc.a(ctype_aeabi.o)
 .text          0x00000000        0x0 C:/Freescale/CW MCU v10.7/MCU/ARM_GCC_Support/ewl/lib/armv7e-m/fpu\libc.a(__strtoul.o)
 .data          0x00000000        0x0 C:/Freescale/CW MCU v10.7/MCU/ARM_GCC_Support/ewl/lib/armv7e-m/fpu\libc.a(__strtoul.o)
 .bss           0x00000000        0x0 C:/Freescale/CW MCU v10.7/MCU/ARM_GCC_Support/ewl/lib/armv7e-m/fpu\libc.a(__strtoul.o)
 .text          0x00000000        0x0 C:/Freescale/CW MCU v10.7/MCU/ARM_GCC_Support/ewl/lib/armv7e-m/fpu\libc.a(strchr.o)
 .data          0x00000000        0x0 C:/Freescale/CW MCU v10.7/MCU/ARM_GCC_Support/ewl/lib/armv7e-m/fpu\libc.a(strchr.o)
 .bss           0x00000000        0x0 C:/Freescale/CW MCU v10.7/MCU/ARM_GCC_Support/ewl/lib/armv7e-m/fpu\libc.a(strchr.o)
 .text          0x00000000        0x0 C:/Freescale/CW MCU v10.7/MCU/ARM_GCC_Support/ewl/lib/armv7e-m/fpu\libc.a(strlen.o)
 .data          0x00000000        0x0 C:/Freescale/CW MCU v10.7/MCU/ARM_GCC_Support/ewl/lib/armv7e-m/fpu\libc.a(strlen.o)
 .bss           0x00000000        0x0 C:/Freescale/CW MCU v10.7/MCU/ARM_GCC_Support/ewl/lib/armv7e-m/fpu\libc.a(strlen.o)
 .text          0x00000000        0x0 C:/Freescale/CW MCU v10.7/MCU/ARM_GCC_Support/ewl/lib/armv7e-m/fpu\libc.a(memchr.o)
 .data          0x00000000        0x0 C:/Freescale/CW MCU v10.7/MCU/ARM_GCC_Support/ewl/lib/armv7e-m/fpu\libc.a(memchr.o)
 .bss           0x00000000        0x0 C:/Freescale/CW MCU v10.7/MCU/ARM_GCC_Support/ewl/lib/armv7e-m/fpu\libc.a(memchr.o)
 .data          0x00000000        0x0 c:/freescale/cw mcu v10.7/cross_tools/arm-none-eabi-gcc-4_7_3/bin/../lib/gcc/arm-none-eabi/4.7.3/armv7e-m/fpu\libgcc.a(unwind-arm.o)
 .bss           0x00000000        0x0 c:/freescale/cw mcu v10.7/cross_tools/arm-none-eabi-gcc-4_7_3/bin/../lib/gcc/arm-none-eabi/4.7.3/armv7e-m/fpu\libgcc.a(unwind-arm.o)
 .ARM.attributes
                0x00000000       0x36 c:/freescale/cw mcu v10.7/cross_tools/arm-none-eabi-gcc-4_7_3/bin/../lib/gcc/arm-none-eabi/4.7.3/armv7e-m/fpu\libgcc.a(unwind-arm.o)
 .debug_frame   0x00000000      0x2a0 c:/freescale/cw mcu v10.7/cross_tools/arm-none-eabi-gcc-4_7_3/bin/../lib/gcc/arm-none-eabi/4.7.3/armv7e-m/fpu\libgcc.a(unwind-arm.o)
 .data          0x00000000        0x0 c:/freescale/cw mcu v10.7/cross_tools/arm-none-eabi-gcc-4_7_3/bin/../lib/gcc/arm-none-eabi/4.7.3/armv7e-m/fpu\libgcc.a(libunwind.o)
 .bss           0x00000000        0x0 c:/freescale/cw mcu v10.7/cross_tools/arm-none-eabi-gcc-4_7_3/bin/../lib/gcc/arm-none-eabi/4.7.3/armv7e-m/fpu\libgcc.a(libunwind.o)
 .ARM.attributes
                0x00000000       0x24 c:/freescale/cw mcu v10.7/cross_tools/arm-none-eabi-gcc-4_7_3/bin/../lib/gcc/arm-none-eabi/4.7.3/armv7e-m/fpu\libgcc.a(libunwind.o)
 .data          0x00000000        0x0 c:/freescale/cw mcu v10.7/cross_tools/arm-none-eabi-gcc-4_7_3/bin/../lib/gcc/arm-none-eabi/4.7.3/armv7e-m/fpu\libgcc.a(pr-support.o)
 .bss           0x00000000        0x0 c:/freescale/cw mcu v10.7/cross_tools/arm-none-eabi-gcc-4_7_3/bin/../lib/gcc/arm-none-eabi/4.7.3/armv7e-m/fpu\libgcc.a(pr-support.o)
 .ARM.attributes
                0x00000000       0x36 c:/freescale/cw mcu v10.7/cross_tools/arm-none-eabi-gcc-4_7_3/bin/../lib/gcc/arm-none-eabi/4.7.3/armv7e-m/fpu\libgcc.a(pr-support.o)
 .debug_frame   0x00000000       0xe8 c:/freescale/cw mcu v10.7/cross_tools/arm-none-eabi-gcc-4_7_3/bin/../lib/gcc/arm-none-eabi/4.7.3/armv7e-m/fpu\libgcc.a(pr-support.o)
 .text          0x00000000        0x0 C:/Freescale/CW MCU v10.7/MCU/ARM_GCC_Support/ewl/lib/armv7e-m/fpu\librt.a(gcc_ctor_dtor.o)
 .data          0x00000000        0x0 C:/Freescale/CW MCU v10.7/MCU/ARM_GCC_Support/ewl/lib/armv7e-m/fpu\librt.a(gcc_ctor_dtor.o)
 .bss           0x00000000        0x0 C:/Freescale/CW MCU v10.7/MCU/ARM_GCC_Support/ewl/lib/armv7e-m/fpu\librt.a(gcc_ctor_dtor.o)
 .bss.__dso_handle
                0x00000000        0x4 C:/Freescale/CW MCU v10.7/MCU/ARM_GCC_Support/ewl/lib/armv7e-m/fpu\librt.a(gcc_ctor_dtor.o)
 .text          0x00000000        0x0 C:/Freescale/CW MCU v10.7/MCU/ARM_GCC_Support/ewl/lib/armv7e-m/fpu\librt.a(__arm_eabi_init.o)
 .data          0x00000000        0x0 C:/Freescale/CW MCU v10.7/MCU/ARM_GCC_Support/ewl/lib/armv7e-m/fpu\librt.a(__arm_eabi_init.o)
 .bss           0x00000000        0x0 C:/Freescale/CW MCU v10.7/MCU/ARM_GCC_Support/ewl/lib/armv7e-m/fpu\librt.a(__arm_eabi_init.o)
 .text.__register_global_object
                0x00000000       0x14 C:/Freescale/CW MCU v10.7/MCU/ARM_GCC_Support/ewl/lib/armv7e-m/fpu\librt.a(__arm_eabi_init.o)
 .text.__cxa_atexit
                0x00000000       0x38 C:/Freescale/CW MCU v10.7/MCU/ARM_GCC_Support/ewl/lib/armv7e-m/fpu\librt.a(__arm_eabi_init.o)
 .text.__aeabi_atexit
                0x00000000        0xa C:/Freescale/CW MCU v10.7/MCU/ARM_GCC_Support/ewl/lib/armv7e-m/fpu\librt.a(__arm_eabi_init.o)
 .text.__register_atexit
                0x00000000        0x8 C:/Freescale/CW MCU v10.7/MCU/ARM_GCC_Support/ewl/lib/armv7e-m/fpu\librt.a(__arm_eabi_init.o)
 .text.__init_hardware
                0x00000000        0x4 C:/Freescale/CW MCU v10.7/MCU/ARM_GCC_Support/ewl/lib/armv7e-m/fpu\librt.a(__arm_eabi_init.o)
 .bss.atexit_curr_func
                0x00000000        0x4 C:/Freescale/CW MCU v10.7/MCU/ARM_GCC_Support/ewl/lib/armv7e-m/fpu\librt.a(__arm_eabi_init.o)
 .bss.atexit_funcs
                0x00000000      0x300 C:/Freescale/CW MCU v10.7/MCU/ARM_GCC_Support/ewl/lib/armv7e-m/fpu\librt.a(__arm_eabi_init.o)
 .text          0x00000000        0x0 C:/Freescale/CW MCU v10.7/MCU/ARM_GCC_Support/ewl/lib/armv7e-m/fpu\librt.a(ROMCopy.o)
 .data          0x00000000        0x0 C:/Freescale/CW MCU v10.7/MCU/ARM_GCC_Support/ewl/lib/armv7e-m/fpu\librt.a(ROMCopy.o)
 .bss           0x00000000        0x0 C:/Freescale/CW MCU v10.7/MCU/ARM_GCC_Support/ewl/lib/armv7e-m/fpu\librt.a(ROMCopy.o)
 .text.__flush_cache
                0x00000000        0x2 C:/Freescale/CW MCU v10.7/MCU/ARM_GCC_Support/ewl/lib/armv7e-m/fpu\librt.a(ROMCopy.o)
 .text          0x00000000        0x0 C:/Freescale/CW MCU v10.7/MCU/ARM_GCC_Support/ewl/lib/armv7e-m/fpu\libc.a(abort.o)
 .data          0x00000000        0x0 C:/Freescale/CW MCU v10.7/MCU/ARM_GCC_Support/ewl/lib/armv7e-m/fpu\libc.a(abort.o)
 .bss           0x00000000        0x0 C:/Freescale/CW MCU v10.7/MCU/ARM_GCC_Support/ewl/lib/armv7e-m/fpu\libc.a(abort.o)
 .debug_info    0x00000000       0xb2 C:/Freescale/CW MCU v10.7/MCU/ARM_GCC_Support/ewl/lib/armv7e-m/fpu\libc.a(abort.o)
 .debug_abbrev  0x00000000       0x5c C:/Freescale/CW MCU v10.7/MCU/ARM_GCC_Support/ewl/lib/armv7e-m/fpu\libc.a(abort.o)
 .debug_loc     0x00000000       0x20 C:/Freescale/CW MCU v10.7/MCU/ARM_GCC_Support/ewl/lib/armv7e-m/fpu\libc.a(abort.o)
 .debug_aranges
                0x00000000       0x20 C:/Freescale/CW MCU v10.7/MCU/ARM_GCC_Support/ewl/lib/armv7e-m/fpu\libc.a(abort.o)
 .debug_line    0x00000000       0x77 C:/Freescale/CW MCU v10.7/MCU/ARM_GCC_Support/ewl/lib/armv7e-m/fpu\libc.a(abort.o)
 .debug_str     0x00000000      0x13f C:/Freescale/CW MCU v10.7/MCU/ARM_GCC_Support/ewl/lib/armv7e-m/fpu\libc.a(abort.o)
 .comment       0x00000000       0x7a C:/Freescale/CW MCU v10.7/MCU/ARM_GCC_Support/ewl/lib/armv7e-m/fpu\libc.a(abort.o)
 .ARM.attributes
                0x00000000       0x3b C:/Freescale/CW MCU v10.7/MCU/ARM_GCC_Support/ewl/lib/armv7e-m/fpu\libc.a(abort.o)
 .debug_frame   0x00000000       0x28 C:/Freescale/CW MCU v10.7/MCU/ARM_GCC_Support/ewl/lib/armv7e-m/fpu\libc.a(abort.o)
 .text          0x00000000        0x0 C:/Freescale/CW MCU v10.7/MCU/ARM_GCC_Support/ewl/lib/armv7e-m/fpu\libc.a(memcpy.o)
 .data          0x00000000        0x0 C:/Freescale/CW MCU v10.7/MCU/ARM_GCC_Support/ewl/lib/armv7e-m/fpu\libc.a(memcpy.o)
 .bss           0x00000000        0x0 C:/Freescale/CW MCU v10.7/MCU/ARM_GCC_Support/ewl/lib/armv7e-m/fpu\libc.a(memcpy.o)
 .debug_info    0x00000000      0x10f C:/Freescale/CW MCU v10.7/MCU/ARM_GCC_Support/ewl/lib/armv7e-m/fpu\libc.a(memcpy.o)
 .debug_abbrev  0x00000000       0x95 C:/Freescale/CW MCU v10.7/MCU/ARM_GCC_Support/ewl/lib/armv7e-m/fpu\libc.a(memcpy.o)
 .debug_loc     0x00000000       0x59 C:/Freescale/CW MCU v10.7/MCU/ARM_GCC_Support/ewl/lib/armv7e-m/fpu\libc.a(memcpy.o)
 .debug_aranges
                0x00000000       0x20 C:/Freescale/CW MCU v10.7/MCU/ARM_GCC_Support/ewl/lib/armv7e-m/fpu\libc.a(memcpy.o)
 .debug_line    0x00000000       0x8b C:/Freescale/CW MCU v10.7/MCU/ARM_GCC_Support/ewl/lib/armv7e-m/fpu\libc.a(memcpy.o)
 .debug_str     0x00000000      0x138 C:/Freescale/CW MCU v10.7/MCU/ARM_GCC_Support/ewl/lib/armv7e-m/fpu\libc.a(memcpy.o)
 .comment       0x00000000       0x7a C:/Freescale/CW MCU v10.7/MCU/ARM_GCC_Support/ewl/lib/armv7e-m/fpu\libc.a(memcpy.o)
 .ARM.attributes
                0x00000000       0x3b C:/Freescale/CW MCU v10.7/MCU/ARM_GCC_Support/ewl/lib/armv7e-m/fpu\libc.a(memcpy.o)
 .debug_frame   0x00000000       0x28 C:/Freescale/CW MCU v10.7/MCU/ARM_GCC_Support/ewl/lib/armv7e-m/fpu\libc.a(memcpy.o)
 .text          0x00000000        0x0 C:/Freescale/CW MCU v10.7/MCU/ARM_GCC_Support/ewl/lib/armv7e-m/fpu\libc.a(raise.o)
 .data          0x00000000        0x0 C:/Freescale/CW MCU v10.7/MCU/ARM_GCC_Support/ewl/lib/armv7e-m/fpu\libc.a(raise.o)
 .bss           0x00000000        0x0 C:/Freescale/CW MCU v10.7/MCU/ARM_GCC_Support/ewl/lib/armv7e-m/fpu\libc.a(raise.o)
 .debug_info    0x00000000      0x108 C:/Freescale/CW MCU v10.7/MCU/ARM_GCC_Support/ewl/lib/armv7e-m/fpu\libc.a(raise.o)
 .debug_abbrev  0x00000000       0xa6 C:/Freescale/CW MCU v10.7/MCU/ARM_GCC_Support/ewl/lib/armv7e-m/fpu\libc.a(raise.o)
 .debug_loc     0x00000000       0x7d C:/Freescale/CW MCU v10.7/MCU/ARM_GCC_Support/ewl/lib/armv7e-m/fpu\libc.a(raise.o)
 .debug_aranges
                0x00000000       0x20 C:/Freescale/CW MCU v10.7/MCU/ARM_GCC_Support/ewl/lib/armv7e-m/fpu\libc.a(raise.o)
 .debug_line    0x00000000       0x8a C:/Freescale/CW MCU v10.7/MCU/ARM_GCC_Support/ewl/lib/armv7e-m/fpu\libc.a(raise.o)
 .debug_str     0x00000000      0x161 C:/Freescale/CW MCU v10.7/MCU/ARM_GCC_Support/ewl/lib/armv7e-m/fpu\libc.a(raise.o)
 .comment       0x00000000       0x7a C:/Freescale/CW MCU v10.7/MCU/ARM_GCC_Support/ewl/lib/armv7e-m/fpu\libc.a(raise.o)
 .ARM.attributes
                0x00000000       0x3b C:/Freescale/CW MCU v10.7/MCU/ARM_GCC_Support/ewl/lib/armv7e-m/fpu\libc.a(raise.o)
 .debug_frame   0x00000000       0x2c C:/Freescale/CW MCU v10.7/MCU/ARM_GCC_Support/ewl/lib/armv7e-m/fpu\libc.a(raise.o)
 .text          0x00000000        0x0 C:/Freescale/CW MCU v10.7/MCU/ARM_GCC_Support/ewl/lib/armv7e-m/fpu\libc.a(signal.o)
 .data          0x00000000        0x0 C:/Freescale/CW MCU v10.7/MCU/ARM_GCC_Support/ewl/lib/armv7e-m/fpu\libc.a(signal.o)
 .bss           0x00000000        0x0 C:/Freescale/CW MCU v10.7/MCU/ARM_GCC_Support/ewl/lib/armv7e-m/fpu\libc.a(signal.o)
 .text.signal   0x00000000       0x28 C:/Freescale/CW MCU v10.7/MCU/ARM_GCC_Support/ewl/lib/armv7e-m/fpu\libc.a(signal.o)
 .debug_info    0x00000000      0x126 C:/Freescale/CW MCU v10.7/MCU/ARM_GCC_Support/ewl/lib/armv7e-m/fpu\libc.a(signal.o)
 .debug_abbrev  0x00000000       0xc6 C:/Freescale/CW MCU v10.7/MCU/ARM_GCC_Support/ewl/lib/armv7e-m/fpu\libc.a(signal.o)
 .debug_loc     0x00000000       0x3c C:/Freescale/CW MCU v10.7/MCU/ARM_GCC_Support/ewl/lib/armv7e-m/fpu\libc.a(signal.o)
 .debug_aranges
                0x00000000       0x20 C:/Freescale/CW MCU v10.7/MCU/ARM_GCC_Support/ewl/lib/armv7e-m/fpu\libc.a(signal.o)
 .debug_line    0x00000000       0x84 C:/Freescale/CW MCU v10.7/MCU/ARM_GCC_Support/ewl/lib/armv7e-m/fpu\libc.a(signal.o)
 .debug_str     0x00000000      0x179 C:/Freescale/CW MCU v10.7/MCU/ARM_GCC_Support/ewl/lib/armv7e-m/fpu\libc.a(signal.o)
 .comment       0x00000000       0x7a C:/Freescale/CW MCU v10.7/MCU/ARM_GCC_Support/ewl/lib/armv7e-m/fpu\libc.a(signal.o)
 .ARM.attributes
                0x00000000       0x3b C:/Freescale/CW MCU v10.7/MCU/ARM_GCC_Support/ewl/lib/armv7e-m/fpu\libc.a(signal.o)
 .debug_frame   0x00000000       0x20 C:/Freescale/CW MCU v10.7/MCU/ARM_GCC_Support/ewl/lib/armv7e-m/fpu\libc.a(signal.o)
 .text          0x00000000        0x0 C:/Freescale/CW MCU v10.7/MCU/ARM_GCC_Support/ewl/lib/armv7e-m/fpu\libc.a(errno.o)
 .data          0x00000000        0x0 C:/Freescale/CW MCU v10.7/MCU/ARM_GCC_Support/ewl/lib/armv7e-m/fpu\libc.a(errno.o)
 .bss           0x00000000        0x0 C:/Freescale/CW MCU v10.7/MCU/ARM_GCC_Support/ewl/lib/armv7e-m/fpu\libc.a(errno.o)
 .debug_info    0x00000000       0x9d C:/Freescale/CW MCU v10.7/MCU/ARM_GCC_Support/ewl/lib/armv7e-m/fpu\libc.a(errno.o)
 .debug_abbrev  0x00000000       0x44 C:/Freescale/CW MCU v10.7/MCU/ARM_GCC_Support/ewl/lib/armv7e-m/fpu\libc.a(errno.o)
 .debug_aranges
                0x00000000       0x18 C:/Freescale/CW MCU v10.7/MCU/ARM_GCC_Support/ewl/lib/armv7e-m/fpu\libc.a(errno.o)
 .debug_line    0x00000000       0x4d C:/Freescale/CW MCU v10.7/MCU/ARM_GCC_Support/ewl/lib/armv7e-m/fpu\libc.a(errno.o)
 .debug_str     0x00000000      0x12c C:/Freescale/CW MCU v10.7/MCU/ARM_GCC_Support/ewl/lib/armv7e-m/fpu\libc.a(errno.o)
 .comment       0x00000000       0x7a C:/Freescale/CW MCU v10.7/MCU/ARM_GCC_Support/ewl/lib/armv7e-m/fpu\libc.a(errno.o)
 .ARM.attributes
                0x00000000       0x3b C:/Freescale/CW MCU v10.7/MCU/ARM_GCC_Support/ewl/lib/armv7e-m/fpu\libc.a(errno.o)
 COMMON         0x00000000        0x4 C:/Freescale/CW MCU v10.7/MCU/ARM_GCC_Support/ewl/lib/armv7e-m/fpu\libc.a(errno.o)

Memory Configuration

Name             Origin             Length             Attributes
m_interrupts     0x00000000         0x00000198         xr
m_cfmprotrom     0x00000400         0x00000010         xr
m_text           0x00000800         0x000ff800         xr
m_data           0x1fff0000         0x00010000         xrw
m_data2          0x20000000         0x00030000         xrw
*default*        0x00000000         0xffffffff

Linker script and memory map

LOAD ./Project_Settings/Startup_Code/kinetis_sysinit.o
LOAD ./Project_Settings/Startup_Code/__arm_start.o
LOAD ./Project_Settings/Startup_Code/__arm_end.o
LOAD ./Sources/test2.o
LOAD ./Sources/test.o
LOAD ./Sources/set_lr_sp.o
LOAD ./Sources/restore_context.o
LOAD ./Sources/main.o
LOAD ./Sources/User.o
LOAD ./Sources/RGB.o
LOAD ./Sources/Queue.o
LOAD ./Sources/OperativeSystem.o
LOAD ./Sources/Mailbox.o
LOAD ./Sources/Alarms.o
                0x00002ff4                __pformatter = __pformatter_
                [0x000033ec]                __sformatter = __sformatter
START GROUP
LOAD C:/Freescale/CW MCU v10.7/MCU/ARM_GCC_Support/ewl/lib/armv7e-m/fpu\libc.a
LOAD C:/Freescale/CW MCU v10.7/MCU/ARM_GCC_Support/ewl/lib/armv7e-m/fpu\libm.a
LOAD c:/freescale/cw mcu v10.7/cross_tools/arm-none-eabi-gcc-4_7_3/bin/../lib/gcc/arm-none-eabi/4.7.3/armv7e-m/fpu\libgcc.a
LOAD C:/Freescale/CW MCU v10.7/MCU/ARM_GCC_Support/ewl/lib/armv7e-m/fpu\librt.a
LOAD C:/Freescale/CW MCU v10.7/MCU/ARM_GCC_Support/ewl/lib/armv7e-m/fpu\libuart.a
END GROUP
                0x20000000                _estack = 0x20000000
                0x20000000                __SP_INIT = _estack
                0x00000800                __heap_size = 0x800
                0x00000800                __stack_size = 0x800

.interrupts     0x00000000      0x198
                0x00000000                __vector_table = .
                0x00000000                . = ALIGN (0x4)
 *(.vectortable)
 .vectortable   0x00000000      0x198 ./Project_Settings/Startup_Code/kinetis_sysinit.o
                0x00000000                InterruptVector
                0x00000198                . = ALIGN (0x4)

.cfmprotect     0x00000400        0x0
                0x00000400                . = ALIGN (0x4)
 *(.cfmconfig)
                0x00000400                . = ALIGN (0x4)

.text           0x00000800     0x3848
                0x00000800                . = ALIGN (0x4)
 *(.text)
 .text          0x00000800        0xc ./Sources/set_lr_sp.o
                0x00000800                set_lr_sp
 .text          0x0000080c        0xc ./Sources/restore_context.o
                0x0000080c                restore_context
 .text          0x00000818      0xba4 c:/freescale/cw mcu v10.7/cross_tools/arm-none-eabi-gcc-4_7_3/bin/../lib/gcc/arm-none-eabi/4.7.3/armv7e-m/fpu\libgcc.a(unwind-arm.o)
                0x00000adc                _Unwind_GetCFA
                0x00000ae0                __gnu_Unwind_RaiseException
                0x00000b40                __gnu_Unwind_ForcedUnwind
                0x00000b58                __gnu_Unwind_Resume
                0x00000b9c                __gnu_Unwind_Resume_or_Rethrow
                0x00000bb4                _Unwind_Complete
                0x00000bb8                _Unwind_DeleteException
                0x00000bc8                _Unwind_VRS_Get
                0x00000c04                _Unwind_VRS_Set
                0x00000fa0                __aeabi_unwind_cpp_pr2
                0x00000fa8                __aeabi_unwind_cpp_pr1
                0x00000fb0                __aeabi_unwind_cpp_pr0
                0x00000fb8                __gnu_Unwind_Backtrace
                0x00001024                _Unwind_VRS_Pop
 .text          0x000013bc      0x1ac c:/freescale/cw mcu v10.7/cross_tools/arm-none-eabi-gcc-4_7_3/bin/../lib/gcc/arm-none-eabi/4.7.3/armv7e-m/fpu\libgcc.a(libunwind.o)
                0x000013bc                __restore_core_regs
                0x000013bc                restore_core_regs
                0x000013d4                __gnu_Unwind_Restore_VFP
                0x000013dc                __gnu_Unwind_Save_VFP
                0x000013e4                __gnu_Unwind_Restore_VFP_D
                0x000013ec                __gnu_Unwind_Save_VFP_D
                0x000013f4                __gnu_Unwind_Restore_VFP_D_16_to_31
                0x000013fc                __gnu_Unwind_Save_VFP_D_16_to_31
                0x00001404                __gnu_Unwind_Restore_WMMXD
                0x00001448                __gnu_Unwind_Save_WMMXD
                0x0000148c                __gnu_Unwind_Restore_WMMXC
                0x000014a0                __gnu_Unwind_Save_WMMXC
                0x000014b4                ___Unwind_RaiseException
                0x000014b4                _Unwind_RaiseException
                0x000014d8                _Unwind_Resume
                0x000014d8                ___Unwind_Resume
                0x000014fc                _Unwind_Resume_or_Rethrow
                0x000014fc                ___Unwind_Resume_or_Rethrow
                0x00001520                _Unwind_ForcedUnwind
                0x00001520                ___Unwind_ForcedUnwind
                0x00001544                ___Unwind_Backtrace
                0x00001544                _Unwind_Backtrace
 .text          0x00001568      0x3a0 c:/freescale/cw mcu v10.7/cross_tools/arm-none-eabi-gcc-4_7_3/bin/../lib/gcc/arm-none-eabi/4.7.3/armv7e-m/fpu\libgcc.a(pr-support.o)
                0x000015b4                __gnu_unwind_execute
                0x000018b0                __gnu_unwind_frame
                0x000018d8                _Unwind_GetRegionStart
                0x000018e4                _Unwind_GetLanguageSpecificData
                0x000018f8                _Unwind_GetDataRelBase
                0x00001900                _Unwind_GetTextRelBase
 *(.text*)
 .text.Default_Handler
                0x00001908        0xc ./Project_Settings/Startup_Code/kinetis_sysinit.o
                0x00001908                RTC_Alarm_IRQHandler
                0x00001908                CAN0_Rx_Warning_IRQHandler
                0x00001908                CAN0_Err_IRQHandler
                0x00001908                I2C0_IRQHandler
                0x00001908                HardFault_Handler
                0x00001908                PDB_IRQHandler
                0x00001908                SysTick_Handler
                0x00001908                UART0_Status_IRQHandler
                0x00001908                PendSV_Handler
                0x00001908                I2C1_IRQHandler
                0x00001908                UART3_Status_IRQHandler
                0x00001908                DMA2_IRQHandler
                0x00001908                PIT0_IRQHandler
                0x00001908                Watchdog_IRQHandler
                0x00001908                Bus_Fault_Handler
                0x00001908                CMP2_IRQHandler
                0x00001908                SWI_IRQHandler
                0x00001908                ADC0_IRQHandler
                0x00001908                ENET_MAC_Transmit_IRQHandler
                0x00001908                I2S0_Tx_IRQHandler
                0x00001908                CMT_IRQHandler
                0x00001908                UART1_Status_IRQHandler
                0x00001908                SPI1_IRQHandler
                0x00001908                DMA9_IRQHandler
                0x00001908                DMA14_IRQHandler
                0x00001908                CMP1_IRQHandler
                0x00001908                PORTD_IRQHandler
                0x00001908                PORTB_IRQHandler
                0x00001908                UART4_ERR_IRQHandler
                0x00001908                ADC1_IRQHandler
                0x00001908                I2C2_IRQHandler
                0x00001908                PIT2_IRQHandler
                0x00001908                I2S0_Rx_IRQHandler
                0x00001908                DMA5_IRQHandler
                0x00001908                FTM1_IRQHandler
                0x00001908                UART3_ERR_IRQHandler
                0x00001908                PIT3_IRQHandler
                0x00001908                SDHC_IRQHandler
                0x00001908                RTC_Seconds_IRQHandler
                0x00001908                MCG_IRQHandler
                0x00001908                ENET_MAC_Timer_IRQHandler
                0x00001908                UART2_ERR_IRQHandler
                0x00001908                DMA11_IRQHandler
                0x00001908                Tamper_Drylce_IRQHandler
                0x00001908                USB_OTG_IRQHandler
                0x00001908                Read_Collision_IRQHandler
                0x00001908                Default_Handler
                0x00001908                UART4_Status_IRQHandler
                0x00001908                DMA7_IRQHandler
                0x00001908                LLW_IRQHandler
                0x00001908                SPI2_IRQHandler
                0x00001908                USB_Charger_Detect_IRQHandler
                0x00001908                SVC_Handler
                0x00001908                Usage_Fault_Handler
                0x00001908                DMA13_IRQHandler
                0x00001908                DMA3_IRQHandler
                0x00001908                UART0_LON_IRQHandler
                0x00001908                RNG_IRQHandler
                0x00001908                DMA0_IRQHandler
                0x00001908                DMA15_IRQHandler
                0x00001908                DAC0_IRQHandler
                0x00001908                ENET_MAC_Error_IRQHandler
                0x00001908                DMA4_IRQHandler
                0x00001908                PIT1_IRQHandler
                0x00001908                UART0_ERR_IRQHandler
                0x00001908                DMA_Error_IRQHandler
                0x00001908                LVD_LVW_IRQHandler
                0x00001908                SPI0_IRQHandler
                0x00001908                CAN0_Tx_WarningIRQHandler
                0x00001908                FTM0_IRQHandler
                0x00001908                DAC1_IRQHandler
                0x00001908                MCM_IRQHandler
                0x00001908                DMA12_IRQHandler
                0x00001908                Mem_Manage_Fault_Handler
                0x00001908                FTFL_IRQHandler
                0x00001908                CAN0_Bus_Off_IRQHandler
                0x00001908                FTM3_IRQHandler
                0x00001908                PORTE_IRQHandler
                0x00001908                CAN0_Message_buffer_IRQHandler
                0x00001908                FTM2_IRQHandler
                0x00001908                DMA8_IRQHandler
                0x00001908                DMA10_IRQHandler
                0x00001908                CAN0_Wake_Up_IRQHandler
                0x00001908                DebugMonitor_Handler
                0x00001908                UART1_ERR_IRQHandler
                0x00001908                CMP0_IRQHandler
                0x00001908                ENET_MAC_Receive_IRQHandler
                0x00001908                DMA6_IRQHandler
                0x00001908                UART2_Status_IRQHandler
                0x00001908                DMA1_IRQHandler
 .text.__init_hardware
                0x00001914       0x44 ./Project_Settings/Startup_Code/kinetis_sysinit.o
                0x00001914                __init_hardware
 .text.zero_fill_bss
                0x00001958       0x2c ./Project_Settings/Startup_Code/__arm_start.o
 .text.__thumb_startup
                0x00001984       0x34 ./Project_Settings/Startup_Code/__arm_start.o
                0x00001984                __thumb_startup
 .text._ExitProcess
                0x000019b8        0xc ./Project_Settings/Startup_Code/__arm_end.o
                0x000019b8                _ExitProcess
 .text.main     0x000019c4      0x2f4 ./Sources/main.o
                0x000019c4                main
 .text.Push_Btn_SW2
                0x00001cb8       0x98 ./Sources/main.o
                0x00001cb8                Push_Btn_SW2
 .text.Push_Btn_SW3
                0x00001d50       0x98 ./Sources/main.o
                0x00001d50                Push_Btn_SW3
 .text.LPTimer_Init
                0x00001de8       0x90 ./Sources/main.o
                0x00001de8                LPTimer_Init
 .text.PORTA_IRQHandler
                0x00001e78       0x2c ./Sources/main.o
                0x00001e78                PORTA_IRQHandler
 .text.PORTC_IRQHandler
                0x00001ea4       0x24 ./Sources/main.o
                0x00001ea4                PORTC_IRQHandler
 .text.LPTimer_IRQHandler
                0x00001ec8       0x24 ./Sources/main.o
                0x00001ec8                LPTimer_IRQHandler
 .text.NMI_Handler
                0x00001eec        0xc ./Sources/main.o
                0x00001eec                NMI_Handler
 .text.TASK_A   0x00001ef8       0x4c ./Sources/User.o
                0x00001ef8                TASK_A
 .text.TASK_B   0x00001f44       0x38 ./Sources/User.o
                0x00001f44                TASK_B
 .text.TASK_C   0x00001f7c       0xb8 ./Sources/User.o
                0x00001f7c                TASK_C
 .text.TASK_D   0x00002034       0x6c ./Sources/User.o
                0x00002034                TASK_D
 .text.RGB_Init
                0x000020a0       0x14 ./Sources/RGB.o
                0x000020a0                RGB_Init
 .text.Blue_Led_Init
                0x000020b4       0x80 ./Sources/RGB.o
                0x000020b4                Blue_Led_Init
 .text.Red_Led_Init
                0x00002134       0x80 ./Sources/RGB.o
                0x00002134                Red_Led_Init
 .text.Green_Led_Init
                0x000021b4       0x80 ./Sources/RGB.o
                0x000021b4                Green_Led_Init
 .text.RGB      0x00002234       0xb8 ./Sources/RGB.o
                0x00002234                RGB
 .text.get_empty_TASK
                0x000022ec       0x30 ./Sources/Queue.o
                0x000022ec                get_empty_TASK
 .text.Queue_Add
                0x0000231c       0x68 ./Sources/Queue.o
                0x0000231c                Queue_Add
 .text.Queue_Next
                0x00002384       0xa4 ./Sources/Queue.o
                0x00002384                Queue_Next
 .text.Queue_Pt_Inc
                0x00002428       0x38 ./Sources/Queue.o
                0x00002428                Queue_Pt_Inc
 .text.TaskList_Empty
                0x00002460       0x2c ./Sources/Queue.o
                0x00002460                TaskList_Empty
 .text.Sort_TaskList
                0x0000248c      0x14c ./Sources/Queue.o
                0x0000248c                Sort_TaskList
 .text.ActivateTask
                0x000025d8       0x88 ./Sources/OperativeSystem.o
                0x000025d8                ActivateTask
 .text.AddTaskFromAlarm
                0x00002660       0x64 ./Sources/OperativeSystem.o
                0x00002660                AddTaskFromAlarm
 .text.ActivateTaskIRQ
                0x000026c4       0x84 ./Sources/OperativeSystem.o
                0x000026c4                ActivateTaskIRQ
 .text.RunNextTaskIRQ
                0x00002748       0xec ./Sources/OperativeSystem.o
                0x00002748                RunNextTaskIRQ
 .text.RunNextTask
                0x00002834      0x104 ./Sources/OperativeSystem.o
                0x00002834                RunNextTask
 .text.ChainTask
                0x00002938       0x68 ./Sources/OperativeSystem.o
                0x00002938                ChainTask
 .text.TerminateTask
                0x000029a0       0x48 ./Sources/OperativeSystem.o
                0x000029a0                TerminateTask
 .text.CheckNextTask
                0x000029e8       0x6c ./Sources/OperativeSystem.o
                0x000029e8                CheckNextTask
 .text.RunTask  0x00002a54       0x8c ./Sources/OperativeSystem.o
                0x00002a54                RunTask
 .text.OS_init  0x00002ae0       0x58 ./Sources/OperativeSystem.o
                0x00002ae0                OS_init
 .text.checkAutoStartSetReady
                0x00002b38       0xa4 ./Sources/OperativeSystem.o
                0x00002b38                checkAutoStartSetReady
 .text.get_task_by_id
                0x00002bdc       0x40 ./Sources/OperativeSystem.o
                0x00002bdc                get_task_by_id
 .text.OS_save_context
                0x00002c1c       0x44 ./Sources/OperativeSystem.o
                0x00002c1c                OS_save_context
 .text.DecrementAlarmsTicks
                0x00002c60      0x144 ./Sources/Alarms.o
                0x00002c60                DecrementAlarmsTicks
 .text.exit     0x00002da4       0x38 C:/Freescale/CW MCU v10.7/MCU/ARM_GCC_Support/ewl/lib/armv7e-m/fpu\libc.a(exit.o)
                0x00002da4                exit
 .text.memset   0x00002ddc        0xc C:/Freescale/CW MCU v10.7/MCU/ARM_GCC_Support/ewl/lib/armv7e-m/fpu\libc.a(memset.o)
                0x00002ddc                memset
 .text.__fill_mem
                0x00002de8       0x76 C:/Freescale/CW MCU v10.7/MCU/ARM_GCC_Support/ewl/lib/armv7e-m/fpu\libc.a(__filll_mem.o)
                0x00002de8                __fill_mem
 .text.long2str.isra.0
                0x00002e5e      0x196 C:/Freescale/CW MCU v10.7/MCU/ARM_GCC_Support/ewl/lib/armv7e-m/fpu\libc.a(printformat_.o)
 .text.__pformatter_
                0x00002ff4      0x3f8 C:/Freescale/CW MCU v10.7/MCU/ARM_GCC_Support/ewl/lib/armv7e-m/fpu\libc.a(printformat_.o)
                0x00002ff4                __pformatter_
 .text.__sformatter
                0x000033ec      0x6f4 C:/Freescale/CW MCU v10.7/MCU/ARM_GCC_Support/ewl/lib/armv7e-m/fpu\libc.a(scanformat_.o)
                0x000033ec                __sformatter
 .text.isalpha  0x00003ae0       0x1c C:/Freescale/CW MCU v10.7/MCU/ARM_GCC_Support/ewl/lib/armv7e-m/fpu\libc.a(ctype_aeabi.o)
                0x00003ae0                isalpha
 .text.isspace  0x00003afc       0x1c C:/Freescale/CW MCU v10.7/MCU/ARM_GCC_Support/ewl/lib/armv7e-m/fpu\libc.a(ctype_aeabi.o)
                0x00003afc                isspace
 .text.toupper  0x00003b18        0xc C:/Freescale/CW MCU v10.7/MCU/ARM_GCC_Support/ewl/lib/armv7e-m/fpu\libc.a(ctype_aeabi.o)
                0x00003b18                toupper
 .text.__strtoul
                0x00003b24      0x214 C:/Freescale/CW MCU v10.7/MCU/ARM_GCC_Support/ewl/lib/armv7e-m/fpu\libc.a(__strtoul.o)
                0x00003b24                __strtoul
 .text.strchr   0x00003d38       0x1a C:/Freescale/CW MCU v10.7/MCU/ARM_GCC_Support/ewl/lib/armv7e-m/fpu\libc.a(strchr.o)
                0x00003d38                strchr
 .text.strlen   0x00003d52       0x10 C:/Freescale/CW MCU v10.7/MCU/ARM_GCC_Support/ewl/lib/armv7e-m/fpu\libc.a(strlen.o)
                0x00003d52                strlen
 .text.memchr   0x00003d62       0x18 C:/Freescale/CW MCU v10.7/MCU/ARM_GCC_Support/ewl/lib/armv7e-m/fpu\libc.a(memchr.o)
                0x00003d62                memchr
 *fill*         0x00003d7a        0x2 00
 .text.__init_cpp
                0x00003d7c       0x4c C:/Freescale/CW MCU v10.7/MCU/ARM_GCC_Support/ewl/lib/armv7e-m/fpu\librt.a(gcc_ctor_dtor.o)
                0x00003d7c                __init_cpp
 .text.__fini_cpp
                0x00003dc8       0x34 C:/Freescale/CW MCU v10.7/MCU/ARM_GCC_Support/ewl/lib/armv7e-m/fpu\librt.a(gcc_ctor_dtor.o)
                0x00003dc8                __fini_cpp
 .text.__destroy_global_chain
                0x00003dfc       0x18 C:/Freescale/CW MCU v10.7/MCU/ARM_GCC_Support/ewl/lib/armv7e-m/fpu\librt.a(__arm_eabi_init.o)
                0x00003dfc                __destroy_global_chain
 .text.__init_registers
                0x00003e14       0x24 C:/Freescale/CW MCU v10.7/MCU/ARM_GCC_Support/ewl/lib/armv7e-m/fpu\librt.a(__arm_eabi_init.o)
                0x00003e14                __init_registers
 .text.__fp_init
                0x00003e38       0x1c C:/Freescale/CW MCU v10.7/MCU/ARM_GCC_Support/ewl/lib/armv7e-m/fpu\librt.a(__arm_eabi_init.o)
                0x00003e38                __fp_init
 .text.__init_user
                0x00003e54        0x4 C:/Freescale/CW MCU v10.7/MCU/ARM_GCC_Support/ewl/lib/armv7e-m/fpu\librt.a(__arm_eabi_init.o)
                0x00003e54                __init_user
 .text.__copy_rom_section
                0x00003e58       0x44 C:/Freescale/CW MCU v10.7/MCU/ARM_GCC_Support/ewl/lib/armv7e-m/fpu\librt.a(ROMCopy.o)
                0x00003e58                __copy_rom_section
 .text.__copy_rom_sections_to_ram
                0x00003e9c       0x30 C:/Freescale/CW MCU v10.7/MCU/ARM_GCC_Support/ewl/lib/armv7e-m/fpu\librt.a(ROMCopy.o)
                0x00003e9c                __copy_rom_sections_to_ram
 .text.abort    0x00003ecc       0x24 C:/Freescale/CW MCU v10.7/MCU/ARM_GCC_Support/ewl/lib/armv7e-m/fpu\libc.a(abort.o)
                0x00003ecc                abort
 .text.memcpy   0x00003ef0       0x12 C:/Freescale/CW MCU v10.7/MCU/ARM_GCC_Support/ewl/lib/armv7e-m/fpu\libc.a(memcpy.o)
                0x00003ef0                memcpy
 *fill*         0x00003f02        0x2 00
 .text.raise    0x00003f04       0x38 C:/Freescale/CW MCU v10.7/MCU/ARM_GCC_Support/ewl/lib/armv7e-m/fpu\libc.a(raise.o)
                0x00003f04                raise
 *(.rodata)
 *(.rodata*)
 .rodata.str1.1
                0x00003f3c        0x1 C:/Freescale/CW MCU v10.7/MCU/ARM_GCC_Support/ewl/lib/armv7e-m/fpu\libc.a(printformat_.o)
 .rodata.CSWTCH.20
                0x00003f3d        0x5 C:/Freescale/CW MCU v10.7/MCU/ARM_GCC_Support/ewl/lib/armv7e-m/fpu\libc.a(printformat_.o)
 .rodata.CSWTCH.21
                0x00003f42        0x5 C:/Freescale/CW MCU v10.7/MCU/ARM_GCC_Support/ewl/lib/armv7e-m/fpu\libc.a(printformat_.o)
 .rodata.__aeabi_ctype_table_C
                0x00003f47      0x101 C:/Freescale/CW MCU v10.7/MCU/ARM_GCC_Support/ewl/lib/armv7e-m/fpu\libc.a(ctype_aeabi.o)
                0x00003f47                __aeabi_ctype_table_C
 *(.glue_7)
 .glue_7        0x00000000        0x0 linker stubs
 *(.glue_7t)
 .glue_7t       0x00000000        0x0 linker stubs
 *(.eh_frame)
 *(.init)
 *(.fini)
                0x00004048                . = ALIGN (0x4)
                0x00004048                _etext = .

.vfp11_veneer   0x00004048        0x0
 .vfp11_veneer  0x00000000        0x0 linker stubs

.v4_bx          0x00004048        0x0
 .v4_bx         0x00000000        0x0 linker stubs

.iplt           0x00004048        0x0
 .iplt          0x00000000        0x0 ./Project_Settings/Startup_Code/kinetis_sysinit.o

.ARM.extab      0x00004048       0x30
 *(.ARM.extab* .gnu.linkonce.armextab.*)
 .ARM.extab     0x00004048       0x18 c:/freescale/cw mcu v10.7/cross_tools/arm-none-eabi-gcc-4_7_3/bin/../lib/gcc/arm-none-eabi/4.7.3/armv7e-m/fpu\libgcc.a(unwind-arm.o)
 .ARM.extab     0x00004060       0x18 c:/freescale/cw mcu v10.7/cross_tools/arm-none-eabi-gcc-4_7_3/bin/../lib/gcc/arm-none-eabi/4.7.3/armv7e-m/fpu\libgcc.a(pr-support.o)

.ARM            0x00004078       0xd0
                0x00004078                __exidx_start = .
 *(.ARM.exidx*)
 .ARM.exidx     0x00004078        0x8 ./Sources/set_lr_sp.o
 .ARM.exidx     0x00004080        0x0 ./Sources/restore_context.o
                                  0x8 (size before relaxing)
 .ARM.exidx     0x00004080       0x90 c:/freescale/cw mcu v10.7/cross_tools/arm-none-eabi-gcc-4_7_3/bin/../lib/gcc/arm-none-eabi/4.7.3/armv7e-m/fpu\libgcc.a(unwind-arm.o)
                                 0xd8 (size before relaxing)
 .ARM.exidx     0x00004110       0x38 c:/freescale/cw mcu v10.7/cross_tools/arm-none-eabi-gcc-4_7_3/bin/../lib/gcc/arm-none-eabi/4.7.3/armv7e-m/fpu\libgcc.a(pr-support.o)
                                 0x48 (size before relaxing)
                0x00004148                __exidx_end = .

.rel.dyn        0x00004148        0x0
 .rel.iplt      0x00000000        0x0 ./Project_Settings/Startup_Code/kinetis_sysinit.o

.ctors          0x00004148        0x0
                0x00004148                __CTOR_LIST__ = .
 *crtbegin.o(.ctors)
 *(EXCLUDE_FILE(*crtend.o) .ctors)
 *(SORT(.ctors.*))
 *(.ctors)
                0x00004148                __CTOR_END__ = .

.dtors          0x00004148        0x0
                0x00004148                __DTOR_LIST__ = .
 *crtbegin.o(.dtors)
 *(EXCLUDE_FILE(*crtend.o) .dtors)
 *(SORT(.dtors.*))
 *(.dtors)
                0x00004148                __DTOR_END__ = .

.preinit_array  0x00004148        0x0
                0x00004148                PROVIDE (__preinit_array_start, .)
 *(.preinit_array*)
                0x00004148                PROVIDE (__preinit_array_end, .)

.init_array     0x00004148        0x0
                0x00004148                PROVIDE (__init_array_start, .)
 *(SORT(.init_array.*))
 *(.init_array*)
                0x00004148                PROVIDE (__init_array_end, .)

.fini_array     0x00004148        0x0
                0x00004148                PROVIDE (__fini_array_start, .)
 *(SORT(.fini_array.*))
 *(.fini_array*)
                0x00004148                PROVIDE (__fini_array_end, .)
                0x00004148                ___ROM_AT = .

.data           0x1fff0000      0x1fc load address 0x00004148
                0x1fff0000                . = ALIGN (0x4)
                0x1fff0000                _sdata = .
 *(.data)
 *(.data*)
 .data.empty    0x1fff0000       0x18 ./Sources/Queue.o
                0x1fff0000                empty
 .data.readyQueue
                0x1fff0018      0x1e4 ./Sources/OperativeSystem.o
                0x1fff0018                readyQueue
                0x1fff01fc                . = ALIGN (0x4)
                0x1fff01fc                _edata = .
                0x000001fc                ___data_size = (_edata - _sdata)
                0x00004344                ___m_data2_ROMStart = (___ROM_AT + SIZEOF (.data))

.igot.plt       0x1fff01fc        0x0 load address 0x00004344
 .igot.plt      0x00000000        0x0 ./Project_Settings/Startup_Code/kinetis_sysinit.o

.user_data2     0x20000000        0x0 load address 0x00004344
                0x20000000                . = ALIGN (0x4)
                0x20000000                ___m_data2_RAMStart = .
 *(.data2)
                0x20000000                ___m_data2_RAMEnd = .
                0x20000000                . = ALIGN (0x4)
                0x00000000                ___m_data2_ROMSize = (___m_data2_RAMEnd - ___m_data2_RAMStart)
                0x20000000                . = ALIGN (0x4)

.bss            0x1fff01fc      0x21c load address 0x00004344
                0x1fff01fc                __START_BSS = .
                0x1fff01fc                PROVIDE (__bss_start__, __START_BSS)
 *(.bss)
 *(.bss*)
 .bss.argv      0x1fff01fc        0x4 ./Project_Settings/Startup_Code/__arm_start.o
 .bss.__stdio_exit
                0x1fff0200        0x4 C:/Freescale/CW MCU v10.7/MCU/ARM_GCC_Support/ewl/lib/armv7e-m/fpu\libc.a(exit.o)
                0x1fff0200                __stdio_exit
 .bss.__console_exit
                0x1fff0204        0x4 C:/Freescale/CW MCU v10.7/MCU/ARM_GCC_Support/ewl/lib/armv7e-m/fpu\libc.a(exit.o)
                0x1fff0204                __console_exit
 .bss.__global_destructor_chain
                0x1fff0208        0x4 C:/Freescale/CW MCU v10.7/MCU/ARM_GCC_Support/ewl/lib/armv7e-m/fpu\librt.a(__arm_eabi_init.o)
                0x1fff0208                __global_destructor_chain
 .bss.__S_romp  0x1fff020c        0xc C:/Freescale/CW MCU v10.7/MCU/ARM_GCC_Support/ewl/lib/armv7e-m/fpu\librt.a(ROMCopy.o)
 *(COMMON)
 COMMON         0x1fff0218      0x184 ./Sources/main.o
                0x1fff0218                alarm_b
                0x1fff0220                alarm_list
                0x1fff022c                task_c
                0x1fff0244                alarm_a
                0x1fff024c                alarm_c
                0x1fff0254                task_b
                0x1fff026c                task_a
                0x1fff0284                alarm_e
                0x1fff028c                alarm_d
                0x1fff0294                task_arr
                0x1fff0384                task_d
 COMMON         0x1fff039c       0x60 ./Sources/OperativeSystem.o
                0x1fff039c                runningTask
                0x1fff03b4                nextTask
                0x1fff03cc                ready_queue
                0x1fff03d0                task
                0x1fff03e8                sp
                0x1fff03ec                context_lr
                0x1fff03f0                context_sp
                0x1fff03f4                a
                0x1fff03f8                context_pointer
 COMMON         0x1fff03fc       0x1c C:/Freescale/CW MCU v10.7/MCU/ARM_GCC_Support/ewl/lib/armv7e-m/fpu\libc.a(signal.o)
                0x1fff03fc                signal_funcs
                0x1fff0418                . = ALIGN (0x4)
                0x1fff0418                __END_BSS = .
                0x1fff0418                PROVIDE (__bss_end__, __END_BSS)

._user_heap_stack
                0x1fff0418     0x1000 load address 0x00004560
                0x1fff0418                . = ALIGN (0x4)
                0x1fff0418                PROVIDE (end, .)
                0x1fff0418                PROVIDE (_end, .)
                0x1fff0418                __heap_addr = .
                0x1fff0c18                . = (. + __heap_size)
 *fill*         0x1fff0418      0x800 00
                0x1fff1418                . = (. + __stack_size)
 *fill*         0x1fff0c18      0x800 00
                0x1fff1418                . = ALIGN (0x4)
                0x00004344                _romp_at = ((___ROM_AT + SIZEOF (.data)) + SIZEOF (.user_data2))

.romp           0x20000000       0x24 load address 0x00004344
                0x00004344                __S_romp = _romp_at
                0x20000000        0x4 LONG 0x4148 ___ROM_AT
                0x20000004        0x4 LONG 0x1fff0000 _sdata
                0x20000008        0x4 LONG 0x1fc ___data_size
                0x2000000c        0x4 LONG 0x4344 ___m_data2_ROMStart
                0x20000010        0x4 LONG 0x20000000 ___m_data2_RAMStart
                0x20000014        0x4 LONG 0x0 ___m_data2_ROMSize
                0x20000018        0x4 LONG 0x0
                0x2000001c        0x4 LONG 0x0
                0x20000020        0x4 LONG 0x0

.ARM.attributes
                0x00000000       0x39
 *(.ARM.attributes)
 .ARM.attributes
                0x00000000       0x3b ./Project_Settings/Startup_Code/kinetis_sysinit.o
 .ARM.attributes
                0x0000003b       0x3b ./Project_Settings/Startup_Code/__arm_start.o
 .ARM.attributes
                0x00000076       0x3b ./Project_Settings/Startup_Code/__arm_end.o
 .ARM.attributes
                0x000000b1       0x27 ./Sources/set_lr_sp.o
 .ARM.attributes
                0x000000d8       0x27 ./Sources/restore_context.o
 .ARM.attributes
                0x000000ff       0x3b ./Sources/main.o
 .ARM.attributes
                0x0000013a       0x3b ./Sources/User.o
 .ARM.attributes
                0x00000175       0x3b ./Sources/RGB.o
 .ARM.attributes
                0x000001b0       0x3b ./Sources/Queue.o
 .ARM.attributes
                0x000001eb       0x3b ./Sources/OperativeSystem.o
 .ARM.attributes
                0x00000226       0x3b ./Sources/Alarms.o
 .ARM.attributes
                0x00000261       0x3b C:/Freescale/CW MCU v10.7/MCU/ARM_GCC_Support/ewl/lib/armv7e-m/fpu\libc.a(exit.o)
 .ARM.attributes
                0x0000029c       0x3b C:/Freescale/CW MCU v10.7/MCU/ARM_GCC_Support/ewl/lib/armv7e-m/fpu\libc.a(memset.o)
 .ARM.attributes
                0x000002d7       0x3b C:/Freescale/CW MCU v10.7/MCU/ARM_GCC_Support/ewl/lib/armv7e-m/fpu\libc.a(__filll_mem.o)
 .ARM.attributes
                0x00000312       0x3b C:/Freescale/CW MCU v10.7/MCU/ARM_GCC_Support/ewl/lib/armv7e-m/fpu\libc.a(printformat_.o)
 .ARM.attributes
                0x0000034d       0x3b C:/Freescale/CW MCU v10.7/MCU/ARM_GCC_Support/ewl/lib/armv7e-m/fpu\libc.a(scanformat_.o)
 .ARM.attributes
                0x00000388       0x3b C:/Freescale/CW MCU v10.7/MCU/ARM_GCC_Support/ewl/lib/armv7e-m/fpu\libc.a(ctype_aeabi.o)
 .ARM.attributes
                0x000003c3       0x3b C:/Freescale/CW MCU v10.7/MCU/ARM_GCC_Support/ewl/lib/armv7e-m/fpu\libc.a(__strtoul.o)
 .ARM.attributes
                0x000003fe       0x3b C:/Freescale/CW MCU v10.7/MCU/ARM_GCC_Support/ewl/lib/armv7e-m/fpu\libc.a(strchr.o)
 .ARM.attributes
                0x00000439       0x3b C:/Freescale/CW MCU v10.7/MCU/ARM_GCC_Support/ewl/lib/armv7e-m/fpu\libc.a(strlen.o)
 .ARM.attributes
                0x00000474       0x3b C:/Freescale/CW MCU v10.7/MCU/ARM_GCC_Support/ewl/lib/armv7e-m/fpu\libc.a(memchr.o)
 .ARM.attributes
                0x000004af       0x3b C:/Freescale/CW MCU v10.7/MCU/ARM_GCC_Support/ewl/lib/armv7e-m/fpu\librt.a(gcc_ctor_dtor.o)
 .ARM.attributes
                0x000004ea       0x3b C:/Freescale/CW MCU v10.7/MCU/ARM_GCC_Support/ewl/lib/armv7e-m/fpu\librt.a(__arm_eabi_init.o)
 .ARM.attributes
                0x00000525       0x3b C:/Freescale/CW MCU v10.7/MCU/ARM_GCC_Support/ewl/lib/armv7e-m/fpu\librt.a(ROMCopy.o)
OUTPUT(OperatingSystem02.elf elf32-littlearm)

.debug_info     0x00000000     0x4014
 .debug_info    0x00000000      0x387 ./Project_Settings/Startup_Code/kinetis_sysinit.o
 .debug_info    0x00000387      0x12a ./Project_Settings/Startup_Code/__arm_start.o
 .debug_info    0x000004b1       0x54 ./Project_Settings/Startup_Code/__arm_end.o
 .debug_info    0x00000505       0x72 ./Sources/set_lr_sp.o
 .debug_info    0x00000577       0x78 ./Sources/restore_context.o
 .debug_info    0x000005ef      0x7b4 ./Sources/main.o
 .debug_info    0x00000da3      0x591 ./Sources/User.o
 .debug_info    0x00001334      0x463 ./Sources/RGB.o
 .debug_info    0x00001797      0x3c4 ./Sources/Queue.o
 .debug_info    0x00001b5b      0x5ff ./Sources/OperativeSystem.o
 .debug_info    0x0000215a      0x3a1 ./Sources/Alarms.o
 .debug_info    0x000024fb       0xe8 C:/Freescale/CW MCU v10.7/MCU/ARM_GCC_Support/ewl/lib/armv7e-m/fpu\libc.a(exit.o)
 .debug_info    0x000025e3       0xec C:/Freescale/CW MCU v10.7/MCU/ARM_GCC_Support/ewl/lib/armv7e-m/fpu\libc.a(memset.o)
 .debug_info    0x000026cf      0x135 C:/Freescale/CW MCU v10.7/MCU/ARM_GCC_Support/ewl/lib/armv7e-m/fpu\libc.a(__filll_mem.o)
 .debug_info    0x00002804      0x50e C:/Freescale/CW MCU v10.7/MCU/ARM_GCC_Support/ewl/lib/armv7e-m/fpu\libc.a(printformat_.o)
 .debug_info    0x00002d12      0x565 C:/Freescale/CW MCU v10.7/MCU/ARM_GCC_Support/ewl/lib/armv7e-m/fpu\libc.a(scanformat_.o)
 .debug_info    0x00003277      0x306 C:/Freescale/CW MCU v10.7/MCU/ARM_GCC_Support/ewl/lib/armv7e-m/fpu\libc.a(ctype_aeabi.o)
 .debug_info    0x0000357d      0x1d6 C:/Freescale/CW MCU v10.7/MCU/ARM_GCC_Support/ewl/lib/armv7e-m/fpu\libc.a(__strtoul.o)
 .debug_info    0x00003753      0x108 C:/Freescale/CW MCU v10.7/MCU/ARM_GCC_Support/ewl/lib/armv7e-m/fpu\libc.a(strchr.o)
 .debug_info    0x0000385b       0xeb C:/Freescale/CW MCU v10.7/MCU/ARM_GCC_Support/ewl/lib/armv7e-m/fpu\libc.a(strlen.o)
 .debug_info    0x00003946      0x120 C:/Freescale/CW MCU v10.7/MCU/ARM_GCC_Support/ewl/lib/armv7e-m/fpu\libc.a(memchr.o)
 .debug_info    0x00003a66      0x136 C:/Freescale/CW MCU v10.7/MCU/ARM_GCC_Support/ewl/lib/armv7e-m/fpu\librt.a(gcc_ctor_dtor.o)
 .debug_info    0x00003b9c      0x2de C:/Freescale/CW MCU v10.7/MCU/ARM_GCC_Support/ewl/lib/armv7e-m/fpu\librt.a(__arm_eabi_init.o)
 .debug_info    0x00003e7a      0x19a C:/Freescale/CW MCU v10.7/MCU/ARM_GCC_Support/ewl/lib/armv7e-m/fpu\librt.a(ROMCopy.o)

.debug_abbrev   0x00000000     0x14ce
 .debug_abbrev  0x00000000       0xf6 ./Project_Settings/Startup_Code/kinetis_sysinit.o
 .debug_abbrev  0x000000f6       0x92 ./Project_Settings/Startup_Code/__arm_start.o
 .debug_abbrev  0x00000188       0x4c ./Project_Settings/Startup_Code/__arm_end.o
 .debug_abbrev  0x000001d4       0x14 ./Sources/set_lr_sp.o
 .debug_abbrev  0x000001e8       0x14 ./Sources/restore_context.o
 .debug_abbrev  0x000001fc      0x13a ./Sources/main.o
 .debug_abbrev  0x00000336      0x136 ./Sources/User.o
 .debug_abbrev  0x0000046c       0xe2 ./Sources/RGB.o
 .debug_abbrev  0x0000054e      0x11d ./Sources/Queue.o
 .debug_abbrev  0x0000066b      0x180 ./Sources/OperativeSystem.o
 .debug_abbrev  0x000007eb      0x106 ./Sources/Alarms.o
 .debug_abbrev  0x000008f1       0x7a C:/Freescale/CW MCU v10.7/MCU/ARM_GCC_Support/ewl/lib/armv7e-m/fpu\libc.a(exit.o)
 .debug_abbrev  0x0000096b       0x62 C:/Freescale/CW MCU v10.7/MCU/ARM_GCC_Support/ewl/lib/armv7e-m/fpu\libc.a(memset.o)
 .debug_abbrev  0x000009cd       0x87 C:/Freescale/CW MCU v10.7/MCU/ARM_GCC_Support/ewl/lib/armv7e-m/fpu\libc.a(__filll_mem.o)
 .debug_abbrev  0x00000a54      0x200 C:/Freescale/CW MCU v10.7/MCU/ARM_GCC_Support/ewl/lib/armv7e-m/fpu\libc.a(printformat_.o)
 .debug_abbrev  0x00000c54      0x1f0 C:/Freescale/CW MCU v10.7/MCU/ARM_GCC_Support/ewl/lib/armv7e-m/fpu\libc.a(scanformat_.o)
 .debug_abbrev  0x00000e44       0x85 C:/Freescale/CW MCU v10.7/MCU/ARM_GCC_Support/ewl/lib/armv7e-m/fpu\libc.a(ctype_aeabi.o)
 .debug_abbrev  0x00000ec9       0xc2 C:/Freescale/CW MCU v10.7/MCU/ARM_GCC_Support/ewl/lib/armv7e-m/fpu\libc.a(__strtoul.o)
 .debug_abbrev  0x00000f8b       0x89 C:/Freescale/CW MCU v10.7/MCU/ARM_GCC_Support/ewl/lib/armv7e-m/fpu\libc.a(strchr.o)
 .debug_abbrev  0x00001014       0x7a C:/Freescale/CW MCU v10.7/MCU/ARM_GCC_Support/ewl/lib/armv7e-m/fpu\libc.a(strlen.o)
 .debug_abbrev  0x0000108e       0x95 C:/Freescale/CW MCU v10.7/MCU/ARM_GCC_Support/ewl/lib/armv7e-m/fpu\libc.a(memchr.o)
 .debug_abbrev  0x00001123       0x99 C:/Freescale/CW MCU v10.7/MCU/ARM_GCC_Support/ewl/lib/armv7e-m/fpu\librt.a(gcc_ctor_dtor.o)
 .debug_abbrev  0x000011bc      0x1db C:/Freescale/CW MCU v10.7/MCU/ARM_GCC_Support/ewl/lib/armv7e-m/fpu\librt.a(__arm_eabi_init.o)
 .debug_abbrev  0x00001397      0x137 C:/Freescale/CW MCU v10.7/MCU/ARM_GCC_Support/ewl/lib/armv7e-m/fpu\librt.a(ROMCopy.o)

.debug_loc      0x00000000     0x282d
 .debug_loc     0x00000000       0x58 ./Project_Settings/Startup_Code/kinetis_sysinit.o
 .debug_loc     0x00000058       0x2c ./Project_Settings/Startup_Code/__arm_start.o
 .debug_loc     0x00000084       0x38 ./Project_Settings/Startup_Code/__arm_end.o
 .debug_loc     0x000000bc      0x160 ./Sources/main.o
 .debug_loc     0x0000021c       0xc8 ./Sources/User.o
 .debug_loc     0x000002e4       0xe8 ./Sources/RGB.o
 .debug_loc     0x000003cc      0x1ce ./Sources/Queue.o
 .debug_loc     0x0000059a      0x2fc ./Sources/OperativeSystem.o
 .debug_loc     0x00000896      0x150 ./Sources/Alarms.o
 .debug_loc     0x000009e6       0x3e C:/Freescale/CW MCU v10.7/MCU/ARM_GCC_Support/ewl/lib/armv7e-m/fpu\libc.a(exit.o)
 .debug_loc     0x00000a24       0x64 C:/Freescale/CW MCU v10.7/MCU/ARM_GCC_Support/ewl/lib/armv7e-m/fpu\libc.a(memset.o)
 .debug_loc     0x00000a88      0x12c C:/Freescale/CW MCU v10.7/MCU/ARM_GCC_Support/ewl/lib/armv7e-m/fpu\libc.a(__filll_mem.o)
 .debug_loc     0x00000bb4      0xbdc C:/Freescale/CW MCU v10.7/MCU/ARM_GCC_Support/ewl/lib/armv7e-m/fpu\libc.a(printformat_.o)
 .debug_loc     0x00001790      0x8b6 C:/Freescale/CW MCU v10.7/MCU/ARM_GCC_Support/ewl/lib/armv7e-m/fpu\libc.a(scanformat_.o)
 .debug_loc     0x00002046      0x18e C:/Freescale/CW MCU v10.7/MCU/ARM_GCC_Support/ewl/lib/armv7e-m/fpu\libc.a(ctype_aeabi.o)
 .debug_loc     0x000021d4      0x2bb C:/Freescale/CW MCU v10.7/MCU/ARM_GCC_Support/ewl/lib/armv7e-m/fpu\libc.a(__strtoul.o)
 .debug_loc     0x0000248f       0x7c C:/Freescale/CW MCU v10.7/MCU/ARM_GCC_Support/ewl/lib/armv7e-m/fpu\libc.a(strchr.o)
 .debug_loc     0x0000250b       0x26 C:/Freescale/CW MCU v10.7/MCU/ARM_GCC_Support/ewl/lib/armv7e-m/fpu\libc.a(strlen.o)
 .debug_loc     0x00002531       0x62 C:/Freescale/CW MCU v10.7/MCU/ARM_GCC_Support/ewl/lib/armv7e-m/fpu\libc.a(memchr.o)
 .debug_loc     0x00002593       0x9d C:/Freescale/CW MCU v10.7/MCU/ARM_GCC_Support/ewl/lib/armv7e-m/fpu\librt.a(gcc_ctor_dtor.o)
 .debug_loc     0x00002630      0x144 C:/Freescale/CW MCU v10.7/MCU/ARM_GCC_Support/ewl/lib/armv7e-m/fpu\librt.a(__arm_eabi_init.o)
 .debug_loc     0x00002774       0xb9 C:/Freescale/CW MCU v10.7/MCU/ARM_GCC_Support/ewl/lib/armv7e-m/fpu\librt.a(ROMCopy.o)

.debug_aranges  0x00000000      0x518
 .debug_aranges
                0x00000000       0x28 ./Project_Settings/Startup_Code/kinetis_sysinit.o
 .debug_aranges
                0x00000028       0x30 ./Project_Settings/Startup_Code/__arm_start.o
 .debug_aranges
                0x00000058       0x20 ./Project_Settings/Startup_Code/__arm_end.o
 .debug_aranges
                0x00000078       0x20 ./Sources/set_lr_sp.o
 .debug_aranges
                0x00000098       0x20 ./Sources/restore_context.o
 .debug_aranges
                0x000000b8       0x58 ./Sources/main.o
 .debug_aranges
                0x00000110       0x38 ./Sources/User.o
 .debug_aranges
                0x00000148       0x40 ./Sources/RGB.o
 .debug_aranges
                0x00000188       0x58 ./Sources/Queue.o
 .debug_aranges
                0x000001e0       0x88 ./Sources/OperativeSystem.o
 .debug_aranges
                0x00000268       0x48 ./Sources/Alarms.o
 .debug_aranges
                0x000002b0       0x20 C:/Freescale/CW MCU v10.7/MCU/ARM_GCC_Support/ewl/lib/armv7e-m/fpu\libc.a(exit.o)
 .debug_aranges
                0x000002d0       0x20 C:/Freescale/CW MCU v10.7/MCU/ARM_GCC_Support/ewl/lib/armv7e-m/fpu\libc.a(memset.o)
 .debug_aranges
                0x000002f0       0x20 C:/Freescale/CW MCU v10.7/MCU/ARM_GCC_Support/ewl/lib/armv7e-m/fpu\libc.a(__filll_mem.o)
 .debug_aranges
                0x00000310       0x28 C:/Freescale/CW MCU v10.7/MCU/ARM_GCC_Support/ewl/lib/armv7e-m/fpu\libc.a(printformat_.o)
 .debug_aranges
                0x00000338       0x20 C:/Freescale/CW MCU v10.7/MCU/ARM_GCC_Support/ewl/lib/armv7e-m/fpu\libc.a(scanformat_.o)
 .debug_aranges
                0x00000358       0x88 C:/Freescale/CW MCU v10.7/MCU/ARM_GCC_Support/ewl/lib/armv7e-m/fpu\libc.a(ctype_aeabi.o)
 .debug_aranges
                0x000003e0       0x20 C:/Freescale/CW MCU v10.7/MCU/ARM_GCC_Support/ewl/lib/armv7e-m/fpu\libc.a(__strtoul.o)
 .debug_aranges
                0x00000400       0x20 C:/Freescale/CW MCU v10.7/MCU/ARM_GCC_Support/ewl/lib/armv7e-m/fpu\libc.a(strchr.o)
 .debug_aranges
                0x00000420       0x20 C:/Freescale/CW MCU v10.7/MCU/ARM_GCC_Support/ewl/lib/armv7e-m/fpu\libc.a(strlen.o)
 .debug_aranges
                0x00000440       0x20 C:/Freescale/CW MCU v10.7/MCU/ARM_GCC_Support/ewl/lib/armv7e-m/fpu\libc.a(memchr.o)
 .debug_aranges
                0x00000460       0x28 C:/Freescale/CW MCU v10.7/MCU/ARM_GCC_Support/ewl/lib/armv7e-m/fpu\librt.a(gcc_ctor_dtor.o)
 .debug_aranges
                0x00000488       0x60 C:/Freescale/CW MCU v10.7/MCU/ARM_GCC_Support/ewl/lib/armv7e-m/fpu\librt.a(__arm_eabi_init.o)
 .debug_aranges
                0x000004e8       0x30 C:/Freescale/CW MCU v10.7/MCU/ARM_GCC_Support/ewl/lib/armv7e-m/fpu\librt.a(ROMCopy.o)

.debug_macinfo  0x00000000   0x2b46bb
 .debug_macinfo
                0x00000000    0x61d23 ./Project_Settings/Startup_Code/kinetis_sysinit.o
 .debug_macinfo
                0x00061d23     0x3f41 ./Project_Settings/Startup_Code/__arm_start.o
 .debug_macinfo
                0x00065c64     0x352a ./Project_Settings/Startup_Code/__arm_end.o
 .debug_macinfo
                0x0006918e    0x61d53 ./Sources/main.o
 .debug_macinfo
                0x000caee1    0x62360 ./Sources/User.o
 .debug_macinfo
                0x0012d241    0x61cb0 ./Sources/RGB.o
 .debug_macinfo
                0x0018eef1    0x61cfb ./Sources/Queue.o
 .debug_macinfo
                0x001f0bec    0x61da7 ./Sources/OperativeSystem.o
 .debug_macinfo
                0x00252993    0x61d28 ./Sources/Alarms.o

.debug_line     0x00000000     0x262a
 .debug_line    0x00000000      0x21c ./Project_Settings/Startup_Code/kinetis_sysinit.o
 .debug_line    0x0000021c      0x29f ./Project_Settings/Startup_Code/__arm_start.o
 .debug_line    0x000004bb      0x265 ./Project_Settings/Startup_Code/__arm_end.o
 .debug_line    0x00000720       0x48 ./Sources/set_lr_sp.o
 .debug_line    0x00000768       0x4d ./Sources/restore_context.o
 .debug_line    0x000007b5      0x2d5 ./Sources/main.o
 .debug_line    0x00000a8a      0x309 ./Sources/User.o
 .debug_line    0x00000d93      0x235 ./Sources/RGB.o
 .debug_line    0x00000fc8      0x282 ./Sources/Queue.o
 .debug_line    0x0000124a      0x35d ./Sources/OperativeSystem.o
 .debug_line    0x000015a7      0x268 ./Sources/Alarms.o
 .debug_line    0x0000180f       0x94 C:/Freescale/CW MCU v10.7/MCU/ARM_GCC_Support/ewl/lib/armv7e-m/fpu\libc.a(exit.o)
 .debug_line    0x000018a3       0x8f C:/Freescale/CW MCU v10.7/MCU/ARM_GCC_Support/ewl/lib/armv7e-m/fpu\libc.a(memset.o)
 .debug_line    0x00001932       0xcd C:/Freescale/CW MCU v10.7/MCU/ARM_GCC_Support/ewl/lib/armv7e-m/fpu\libc.a(__filll_mem.o)
 .debug_line    0x000019ff      0x2b4 C:/Freescale/CW MCU v10.7/MCU/ARM_GCC_Support/ewl/lib/armv7e-m/fpu\libc.a(printformat_.o)
 .debug_line    0x00001cb3      0x2df C:/Freescale/CW MCU v10.7/MCU/ARM_GCC_Support/ewl/lib/armv7e-m/fpu\libc.a(scanformat_.o)
 .debug_line    0x00001f92      0x1a9 C:/Freescale/CW MCU v10.7/MCU/ARM_GCC_Support/ewl/lib/armv7e-m/fpu\libc.a(ctype_aeabi.o)
 .debug_line    0x0000213b      0x11b C:/Freescale/CW MCU v10.7/MCU/ARM_GCC_Support/ewl/lib/armv7e-m/fpu\libc.a(__strtoul.o)
 .debug_line    0x00002256       0x7d C:/Freescale/CW MCU v10.7/MCU/ARM_GCC_Support/ewl/lib/armv7e-m/fpu\libc.a(strchr.o)
 .debug_line    0x000022d3       0x83 C:/Freescale/CW MCU v10.7/MCU/ARM_GCC_Support/ewl/lib/armv7e-m/fpu\libc.a(strlen.o)
 .debug_line    0x00002356       0x9f C:/Freescale/CW MCU v10.7/MCU/ARM_GCC_Support/ewl/lib/armv7e-m/fpu\libc.a(memchr.o)
 .debug_line    0x000023f5       0x67 C:/Freescale/CW MCU v10.7/MCU/ARM_GCC_Support/ewl/lib/armv7e-m/fpu\librt.a(gcc_ctor_dtor.o)
 .debug_line    0x0000245c      0x125 C:/Freescale/CW MCU v10.7/MCU/ARM_GCC_Support/ewl/lib/armv7e-m/fpu\librt.a(__arm_eabi_init.o)
 .debug_line    0x00002581       0xa9 C:/Freescale/CW MCU v10.7/MCU/ARM_GCC_Support/ewl/lib/armv7e-m/fpu\librt.a(ROMCopy.o)

.debug_str      0x00000000     0x11a6
 .debug_str     0x00000000      0x274 ./Project_Settings/Startup_Code/kinetis_sysinit.o
                                0x29b (size before relaxing)
 .debug_str     0x00000274       0x85 ./Project_Settings/Startup_Code/__arm_start.o
                                0x19c (size before relaxing)
 .debug_str     0x000002f9       0x41 ./Project_Settings/Startup_Code/__arm_end.o
                                 0xd3 (size before relaxing)
 .debug_str     0x0000033a      0x2b3 ./Sources/main.o
                                0x400 (size before relaxing)
 .debug_str     0x000005ed       0x6f ./Sources/User.o
                                0x320 (size before relaxing)
 .debug_str     0x0000065c       0x44 ./Sources/RGB.o
                                0x29b (size before relaxing)
 .debug_str     0x000006a0       0xb0 ./Sources/Queue.o
                                0x265 (size before relaxing)
 .debug_str     0x00000750      0x14e ./Sources/OperativeSystem.o
                                0x388 (size before relaxing)
 .debug_str     0x0000089e       0x92 ./Sources/Alarms.o
                                0x29a (size before relaxing)
 .debug_str     0x00000930       0x5a C:/Freescale/CW MCU v10.7/MCU/ARM_GCC_Support/ewl/lib/armv7e-m/fpu\libc.a(exit.o)
                                0x157 (size before relaxing)
 .debug_str     0x0000098a       0x23 C:/Freescale/CW MCU v10.7/MCU/ARM_GCC_Support/ewl/lib/armv7e-m/fpu\libc.a(memset.o)
                                0x140 (size before relaxing)
 .debug_str     0x000009ad       0x2d C:/Freescale/CW MCU v10.7/MCU/ARM_GCC_Support/ewl/lib/armv7e-m/fpu\libc.a(__filll_mem.o)
                                0x152 (size before relaxing)
 .debug_str     0x000009da      0x233 C:/Freescale/CW MCU v10.7/MCU/ARM_GCC_Support/ewl/lib/armv7e-m/fpu\libc.a(printformat_.o)
                                0x3b3 (size before relaxing)
 .debug_str     0x00000c0d      0x184 C:/Freescale/CW MCU v10.7/MCU/ARM_GCC_Support/ewl/lib/armv7e-m/fpu\libc.a(scanformat_.o)
                                0x3f9 (size before relaxing)
 .debug_str     0x00000d91       0x9d C:/Freescale/CW MCU v10.7/MCU/ARM_GCC_Support/ewl/lib/armv7e-m/fpu\libc.a(ctype_aeabi.o)
                                0x1bc (size before relaxing)
 .debug_str     0x00000e2e       0x5b C:/Freescale/CW MCU v10.7/MCU/ARM_GCC_Support/ewl/lib/armv7e-m/fpu\libc.a(__strtoul.o)
                                0x1fb (size before relaxing)
 .debug_str     0x00000e89       0x1c C:/Freescale/CW MCU v10.7/MCU/ARM_GCC_Support/ewl/lib/armv7e-m/fpu\libc.a(strchr.o)
                                0x137 (size before relaxing)
 .debug_str     0x00000ea5       0x1c C:/Freescale/CW MCU v10.7/MCU/ARM_GCC_Support/ewl/lib/armv7e-m/fpu\libc.a(strlen.o)
                                0x140 (size before relaxing)
 .debug_str     0x00000ec1       0x1c C:/Freescale/CW MCU v10.7/MCU/ARM_GCC_Support/ewl/lib/armv7e-m/fpu\libc.a(memchr.o)
                                0x148 (size before relaxing)
 .debug_str     0x00000edd      0x126 C:/Freescale/CW MCU v10.7/MCU/ARM_GCC_Support/ewl/lib/armv7e-m/fpu\librt.a(gcc_ctor_dtor.o)
                                0x181 (size before relaxing)
 .debug_str     0x00001003      0x102 C:/Freescale/CW MCU v10.7/MCU/ARM_GCC_Support/ewl/lib/armv7e-m/fpu\librt.a(__arm_eabi_init.o)
                                0x1bf (size before relaxing)
 .debug_str     0x00001105       0xa1 C:/Freescale/CW MCU v10.7/MCU/ARM_GCC_Support/ewl/lib/armv7e-m/fpu\librt.a(ROMCopy.o)
                                0x13c (size before relaxing)

.comment        0x00000000       0x79
 .comment       0x00000000       0x79 ./Project_Settings/Startup_Code/kinetis_sysinit.o
                                 0x7a (size before relaxing)
 .comment       0x00000000       0x7a ./Project_Settings/Startup_Code/__arm_start.o
 .comment       0x00000000       0x7a ./Project_Settings/Startup_Code/__arm_end.o
 .comment       0x00000000       0x7a ./Sources/main.o
 .comment       0x00000000       0x7a ./Sources/User.o
 .comment       0x00000000       0x7a ./Sources/RGB.o
 .comment       0x00000000       0x7a ./Sources/Queue.o
 .comment       0x00000000       0x7a ./Sources/OperativeSystem.o
 .comment       0x00000000       0x7a ./Sources/Alarms.o
 .comment       0x00000000       0x7a C:/Freescale/CW MCU v10.7/MCU/ARM_GCC_Support/ewl/lib/armv7e-m/fpu\libc.a(exit.o)
 .comment       0x00000000       0x7a C:/Freescale/CW MCU v10.7/MCU/ARM_GCC_Support/ewl/lib/armv7e-m/fpu\libc.a(memset.o)
 .comment       0x00000000       0x7a C:/Freescale/CW MCU v10.7/MCU/ARM_GCC_Support/ewl/lib/armv7e-m/fpu\libc.a(__filll_mem.o)
 .comment       0x00000000       0x7a C:/Freescale/CW MCU v10.7/MCU/ARM_GCC_Support/ewl/lib/armv7e-m/fpu\libc.a(printformat_.o)
 .comment       0x00000000       0x7a C:/Freescale/CW MCU v10.7/MCU/ARM_GCC_Support/ewl/lib/armv7e-m/fpu\libc.a(scanformat_.o)
 .comment       0x00000000       0x7a C:/Freescale/CW MCU v10.7/MCU/ARM_GCC_Support/ewl/lib/armv7e-m/fpu\libc.a(ctype_aeabi.o)
 .comment       0x00000000       0x7a C:/Freescale/CW MCU v10.7/MCU/ARM_GCC_Support/ewl/lib/armv7e-m/fpu\libc.a(__strtoul.o)
 .comment       0x00000000       0x7a C:/Freescale/CW MCU v10.7/MCU/ARM_GCC_Support/ewl/lib/armv7e-m/fpu\libc.a(strchr.o)
 .comment       0x00000000       0x7a C:/Freescale/CW MCU v10.7/MCU/ARM_GCC_Support/ewl/lib/armv7e-m/fpu\libc.a(strlen.o)
 .comment       0x00000000       0x7a C:/Freescale/CW MCU v10.7/MCU/ARM_GCC_Support/ewl/lib/armv7e-m/fpu\libc.a(memchr.o)
 .comment       0x00000000       0x7a C:/Freescale/CW MCU v10.7/MCU/ARM_GCC_Support/ewl/lib/armv7e-m/fpu\librt.a(gcc_ctor_dtor.o)
 .comment       0x00000000       0x7a C:/Freescale/CW MCU v10.7/MCU/ARM_GCC_Support/ewl/lib/armv7e-m/fpu\librt.a(__arm_eabi_init.o)
 .comment       0x00000000       0x7a C:/Freescale/CW MCU v10.7/MCU/ARM_GCC_Support/ewl/lib/armv7e-m/fpu\librt.a(ROMCopy.o)

.debug_frame    0x00000000      0xa54
 .debug_frame   0x00000000       0x40 ./Project_Settings/Startup_Code/kinetis_sysinit.o
 .debug_frame   0x00000040       0x4c ./Project_Settings/Startup_Code/__arm_start.o
 .debug_frame   0x0000008c       0x2c ./Project_Settings/Startup_Code/__arm_end.o
 .debug_frame   0x000000b8       0xe4 ./Sources/main.o
 .debug_frame   0x0000019c       0x88 ./Sources/User.o
 .debug_frame   0x00000224       0x90 ./Sources/RGB.o
 .debug_frame   0x000002b4      0x10c ./Sources/Queue.o
 .debug_frame   0x000003c0      0x1ec ./Sources/OperativeSystem.o
 .debug_frame   0x000005ac       0xbc ./Sources/Alarms.o
 .debug_frame   0x00000668       0x28 C:/Freescale/CW MCU v10.7/MCU/ARM_GCC_Support/ewl/lib/armv7e-m/fpu\libc.a(exit.o)
 .debug_frame   0x00000690       0x28 C:/Freescale/CW MCU v10.7/MCU/ARM_GCC_Support/ewl/lib/armv7e-m/fpu\libc.a(memset.o)
 .debug_frame   0x000006b8       0x2c C:/Freescale/CW MCU v10.7/MCU/ARM_GCC_Support/ewl/lib/armv7e-m/fpu\libc.a(__filll_mem.o)
 .debug_frame   0x000006e4       0x64 C:/Freescale/CW MCU v10.7/MCU/ARM_GCC_Support/ewl/lib/armv7e-m/fpu\libc.a(printformat_.o)
 .debug_frame   0x00000748       0x3c C:/Freescale/CW MCU v10.7/MCU/ARM_GCC_Support/ewl/lib/armv7e-m/fpu\libc.a(scanformat_.o)
 .debug_frame   0x00000784       0xf0 C:/Freescale/CW MCU v10.7/MCU/ARM_GCC_Support/ewl/lib/armv7e-m/fpu\libc.a(ctype_aeabi.o)
 .debug_frame   0x00000874       0x3c C:/Freescale/CW MCU v10.7/MCU/ARM_GCC_Support/ewl/lib/armv7e-m/fpu\libc.a(__strtoul.o)
 .debug_frame   0x000008b0       0x20 C:/Freescale/CW MCU v10.7/MCU/ARM_GCC_Support/ewl/lib/armv7e-m/fpu\libc.a(strchr.o)
 .debug_frame   0x000008d0       0x20 C:/Freescale/CW MCU v10.7/MCU/ARM_GCC_Support/ewl/lib/armv7e-m/fpu\libc.a(strlen.o)
 .debug_frame   0x000008f0       0x20 C:/Freescale/CW MCU v10.7/MCU/ARM_GCC_Support/ewl/lib/armv7e-m/fpu\libc.a(memchr.o)
 .debug_frame   0x00000910       0x40 C:/Freescale/CW MCU v10.7/MCU/ARM_GCC_Support/ewl/lib/armv7e-m/fpu\librt.a(gcc_ctor_dtor.o)
 .debug_frame   0x00000950       0xbc C:/Freescale/CW MCU v10.7/MCU/ARM_GCC_Support/ewl/lib/armv7e-m/fpu\librt.a(__arm_eabi_init.o)
 .debug_frame   0x00000a0c       0x48 C:/Freescale/CW MCU v10.7/MCU/ARM_GCC_Support/ewl/lib/armv7e-m/fpu\librt.a(ROMCopy.o)
